Archive member included to satisfy reference by file (symbol)

C:\Users\User\Documents\GitHub\ECEN340_project\MCU_ML\CMSIS_DSP\libarm_cortexM4lf_math.a(arm_const_structs.o)
                              ./Core/Src/main.o (arm_cfft_sR_q15_len1024)
C:\Users\User\Documents\GitHub\ECEN340_project\MCU_ML\CMSIS_DSP\libarm_cortexM4lf_math.a(arm_common_tables.o)
                              C:\Users\User\Documents\GitHub\ECEN340_project\MCU_ML\CMSIS_DSP\libarm_cortexM4lf_math.a(arm_const_structs.o) (realCoefBQ15)
C:\Users\User\Documents\GitHub\ECEN340_project\MCU_ML\CMSIS_DSP\libarm_cortexM4lf_math.a(arm_cfft_q15.o)
                              ./Core/Src/main.o (arm_cfft_q15)
C:\Users\User\Documents\GitHub\ECEN340_project\MCU_ML\CMSIS_DSP\libarm_cortexM4lf_math.a(arm_cfft_radix4_q15.o)
                              C:\Users\User\Documents\GitHub\ECEN340_project\MCU_ML\CMSIS_DSP\libarm_cortexM4lf_math.a(arm_cfft_q15.o) (arm_radix4_butterfly_q15)
C:\Users\User\Documents\GitHub\ECEN340_project\MCU_ML\CMSIS_DSP\libarm_cortexM4lf_math.a(arm_bitreversal2.o)
                              C:\Users\User\Documents\GitHub\ECEN340_project\MCU_ML\CMSIS_DSP\libarm_cortexM4lf_math.a(arm_cfft_q15.o) (arm_bitreversal_16)
C:\Users\User\Documents\GitHub\ECEN340_project\MCU_ML\CMSIS_DSP\libarm_cortexM4lf_math.a(arm_bitreversal.o)
                              C:\Users\User\Documents\GitHub\ECEN340_project\MCU_ML\CMSIS_DSP\libarm_cortexM4lf_math.a(arm_cfft_radix4_q15.o) (arm_bitreversal_q15)
C:\Users\User\Documents\GitHub\ECEN340_project\MCU_ML\CMSIS_DSP\libarm_cortexM4lf_math.a(arm_cmplx_mag_q15.o)
                              ./Core/Src/main.o (arm_cmplx_mag_q15)
C:\Users\User\Documents\GitHub\ECEN340_project\MCU_ML\CMSIS_DSP\libarm_cortexM4lf_math.a(arm_sqrt_q15.o)
                              C:\Users\User\Documents\GitHub\ECEN340_project\MCU_ML\CMSIS_DSP\libarm_cortexM4lf_math.a(arm_cmplx_mag_q15.o) (arm_sqrt_q15)
../Middlewares/ST/AI/Lib\NetworkRuntime1020_CM4_GCC.a(ai_platform.o)
                              ./X-CUBE-AI/App/network.o (ai_buffer_array_item_set_address)
../Middlewares/ST/AI/Lib\NetworkRuntime1020_CM4_GCC.a(ai_platform_interface.o)
                              ./X-CUBE-AI/App/network.o (ai_platform_get_weights_map)
../Middlewares/ST/AI/Lib\NetworkRuntime1020_CM4_GCC.a(core_common.o)
                              ../Middlewares/ST/AI/Lib\NetworkRuntime1020_CM4_GCC.a(ai_platform_interface.o) (core_init)
../Middlewares/ST/AI/Lib\NetworkRuntime1020_CM4_GCC.a(core_mem_manager.o)
                              ../Middlewares/ST/AI/Lib\NetworkRuntime1020_CM4_GCC.a(ai_platform_interface.o) (core_mem_alloc)
../Middlewares/ST/AI/Lib\NetworkRuntime1020_CM4_GCC.a(layers.o)
                              ../Middlewares/ST/AI/Lib\NetworkRuntime1020_CM4_GCC.a(ai_platform_interface.o) (ai_check_custom_types)
../Middlewares/ST/AI/Lib\NetworkRuntime1020_CM4_GCC.a(layers_conv2d_generic_float.o)
                              ./X-CUBE-AI/App/network.o (forward_dense)
../Middlewares/ST/AI/Lib\NetworkRuntime1020_CM4_GCC.a(layers_nl_generic_float.o)
                              ./X-CUBE-AI/App/network.o (forward_relu)
../Middlewares/ST/AI/Lib\NetworkRuntime1020_CM4_GCC.a(layers_pool_generic_float.o)
                              ./X-CUBE-AI/App/network.o (forward_mp)
../Middlewares/ST/AI/Lib\NetworkRuntime1020_CM4_GCC.a(layers_conv2d_integer_scratch.o)
                              ../Middlewares/ST/AI/Lib\NetworkRuntime1020_CM4_GCC.a(layers.o) (get_dense_scratch_size_s8)
../Middlewares/ST/AI/Lib\NetworkRuntime1020_CM4_GCC.a(forward_lite_conv2d_if32of32wf32.o)
                              ../Middlewares/ST/AI/Lib\NetworkRuntime1020_CM4_GCC.a(layers_conv2d_generic_float.o) (forward_lite_conv2d_if32of32wf32)
../Middlewares/ST/AI/Lib\NetworkRuntime1020_CM4_GCC.a(lite_nl_softmax_if32of32.o)
                              ../Middlewares/ST/AI/Lib\NetworkRuntime1020_CM4_GCC.a(layers_nl_generic_float.o) (forward_lite_nl_softmax_if32of32_kernel)
../Middlewares/ST/AI/Lib\NetworkRuntime1020_CM4_GCC.a(lite_nl_relu_if32of32.o)
                              ../Middlewares/ST/AI/Lib\NetworkRuntime1020_CM4_GCC.a(layers_nl_generic_float.o) (forward_lite_nl_prelu_if32of32_kernel)
../Middlewares/ST/AI/Lib\NetworkRuntime1020_CM4_GCC.a(lite_dense_if32.o)
                              ../Middlewares/ST/AI/Lib\NetworkRuntime1020_CM4_GCC.a(layers_conv2d_generic_float.o) (lite_decompress_ilutof32)
../Middlewares/ST/AI/Lib\NetworkRuntime1020_CM4_GCC.a(lite_nl_generic_float.o)
                              ../Middlewares/ST/AI/Lib\NetworkRuntime1020_CM4_GCC.a(layers_nl_generic_float.o) (forward_lite_nl_softmax_if32of32)
../Middlewares/ST/AI/Lib\NetworkRuntime1020_CM4_GCC.a(st_int8_fill.o)
                              ../Middlewares/ST/AI/Lib\NetworkRuntime1020_CM4_GCC.a(ai_platform_interface.o) (st_int8_copy)
../Middlewares/ST/AI/Lib\NetworkRuntime1020_CM4_GCC.a(ai_math_helpers.o)
[...]
Memory Configuration

Name             Origin             Length             Attributes
RAM              0x20000000         0x00018000         xrw
RAM2             0x10000000         0x00008000         xrw
FLASH            0x08000000         0x00100000         xr
*default*        0x00000000         0xffffffff

Linker script and memory map

LOAD C:/ST/STM32CubeIDE_2.1.1/STM32CubeIDE/plugins/com.st.stm32cube.ide.mcu.externaltools.gnu-tools-for-stm32.14.3.rel1.win32_1.0.100.202602081740/tools/bin/../lib/gcc/arm-none-eabi/14.3.1/thumb/v7e-m+fp/hard/crti.o
LOAD C:/ST/STM32CubeIDE_2.1.1/STM32CubeIDE/plugins/com.st.stm32cube.ide.mcu.externaltools.gnu-tools-for-stm32.14.3.rel1.win32_1.0.100.202602081740/tools/bin/../lib/gcc/arm-none-eabi/14.3.1/thumb/v7e-m+fp/hard/crtbegin.o
LOAD C:/ST/STM32CubeIDE_2.1.1/STM32CubeIDE/plugins/com.st.stm32cube.ide.mcu.externaltools.gnu-tools-for-stm32.14.3.rel1.win32_1.0.100.202602081740/tools/bin/../lib/gcc/arm-none-eabi/14.3.1/../../../../arm-none-eabi/lib/thumb/v7e-m+fp/hard/crt0.o
LOAD ./Core/Src/main.o
LOAD ./Core/Src/stm32l4xx_hal_msp.o
LOAD ./Core/Src/stm32l4xx_it.o
LOAD ./Core/Src/sysmem.o
LOAD ./Core/Src/system_stm32l4xx.o
LOAD ./Core/Startup/startup_stm32l476rgtx.o
LOAD ./Drivers/STM32L4xx_HAL_Driver/Src/stm32l4xx_hal.o
LOAD ./Drivers/STM32L4xx_HAL_Driver/Src/stm32l4xx_hal_cortex.o
LOAD ./Drivers/STM32L4xx_HAL_Driver/Src/stm32l4xx_hal_crc.o
LOAD ./Drivers/STM32L4xx_HAL_Driver/Src/stm32l4xx_hal_crc_ex.o
LOAD ./Drivers/STM32L4xx_HAL_Driver/Src/stm32l4xx_hal_dma.o
LOAD ./Drivers/STM32L4xx_HAL_Driver/Src/stm32l4xx_hal_dma_ex.o
LOAD ./Drivers/STM32L4xx_HAL_Driver/Src/stm32l4xx_hal_exti.o
LOAD ./Drivers/STM32L4xx_HAL_Driver/Src/stm32l4xx_hal_flash.o
LOAD ./Drivers/STM32L4xx_HAL_Driver/Src/stm32l4xx_hal_flash_ex.o
LOAD ./Drivers/STM32L4xx_HAL_Driver/Src/stm32l4xx_hal_flash_ramfunc.o
LOAD ./Drivers/STM32L4xx_HAL_Driver/Src/stm32l4xx_hal_gpio.o
LOAD ./Drivers/STM32L4xx_HAL_Driver/Src/stm32l4xx_hal_i2c.o
LOAD ./Drivers/STM32L4xx_HAL_Driver/Src/stm32l4xx_hal_i2c_ex.o
LOAD ./Drivers/STM32L4xx_HAL_Driver/Src/stm32l4xx_hal_pwr.o
LOAD ./Drivers/STM32L4xx_HAL_Driver/Src/stm32l4xx_hal_pwr_ex.o
LOAD ./Drivers/STM32L4xx_HAL_Driver/Src/stm32l4xx_hal_rcc.o
LOAD ./Drivers/STM32L4xx_HAL_Driver/Src/stm32l4xx_hal_rcc_ex.o
LOAD ./Drivers/STM32L4xx_HAL_Driver/Src/stm32l4xx_hal_spi.o
LOAD ./Drivers/STM32L4xx_HAL_Driver/Src/stm32l4xx_hal_spi_ex.o
LOAD ./Drivers/STM32L4xx_HAL_Driver/Src/stm32l4xx_hal_tim.o
LOAD ./Drivers/STM32L4xx_HAL_Driver/Src/stm32l4xx_hal_tim_ex.o
LOAD ./Drivers/STM32L4xx_HAL_Driver/Src/stm32l4xx_hal_uart.o
LOAD ./Drivers/STM32L4xx_HAL_Driver/Src/stm32l4xx_hal_uart_ex.o
LOAD ./X-CUBE-AI/App/network.o
LOAD ./X-CUBE-AI/App/network_data.o
LOAD ./X-CUBE-AI/App/network_data_params.o
LOAD C:\Users\User\Documents\GitHub\ECEN340_project\MCU_ML\CMSIS_DSP\libarm_cortexM4lf_math.a
LOAD ../Middlewares/ST/AI/Lib\NetworkRuntime1020_CM4_GCC.a
START GROUP
LOAD C:/ST/STM32CubeIDE_2.1.1/STM32CubeIDE/plugins/com.st.stm32cube.ide.mcu.externaltools.gnu-tools-for-stm32.14.3.rel1.win32_1.0.100.202602081740/tools/bin/../lib/gcc/arm-none-eabi/14.3.1/../../../../arm-none-eabi/lib/thumb/v7e-m+fp/hard\libc_nano.a
LOAD C:/ST/STM32CubeIDE_2.1.1/STM32CubeIDE/plugins/com.st.stm32cube.ide.mcu.externaltools.gnu-tools-for-stm32.14.3.rel1.win32_1.0.100.202602081740/tools/bin/../lib/gcc/arm-none-eabi/14.3.1/../../../../arm-none-eabi/lib/thumb/v7e-m+fp/hard\libm.a
END GROUP
START GROUP
LOAD C:/ST/STM32CubeIDE_2.1.1/STM32CubeIDE/plugins/com.st.stm32cube.ide.mcu.externaltools.gnu-tools-for-stm32.14.3.rel1.win32_1.0.100.202602081740/tools/bin/../lib/gcc/arm-none-eabi/14.3.1/thumb/v7e-m+fp/hard\libgcc.a
LOAD C:/ST/STM32CubeIDE_2.1.1/STM32CubeIDE/plugins/com.st.stm32cube.ide.mcu.externaltools.gnu-tools-for-stm32.14.3.rel1.win32_1.0.100.202602081740/tools/bin/../lib/gcc/arm-none-eabi/14.3.1/../../../../arm-none-eabi/lib/thumb/v7e-m+fp/hard\libc_nano.a
END GROUP
START GROUP
LOAD C:/ST/STM32CubeIDE_2.1.1/STM32CubeIDE/plugins/com.st.stm32cube.ide.mcu.externaltools.gnu-tools-for-stm32.14.3.rel1.win32_1.0.100.202602081740/tools/bin/../lib/gcc/arm-none-eabi/14.3.1/thumb/v7e-m+fp/hard\libgcc.a
LOAD C:/ST/STM32CubeIDE_2.1.1/STM32CubeIDE/plugins/com.st.stm32cube.ide.mcu.externaltools.gnu-tools-for-stm32.14.3.rel1.win32_1.0.100.202602081740/tools/bin/../lib/gcc/arm-none-eabi/14.3.1/../../../../arm-none-eabi/lib/thumb/v7e-m+fp/hard\libc_nano.a
LOAD C:/ST/STM32CubeIDE_2.1.1/STM32CubeIDE/plugins/com.st.stm32cube.ide.mcu.externaltools.gnu-tools-for-stm32.14.3.rel1.win32_1.0.100.202602081740/tools/bin/../lib/gcc/arm-none-eabi/14.3.1/../../../../arm-none-eabi/lib/thumb/v7e-m+fp/hard\libnosys.a
END GROUP
START GROUP
LOAD C:/ST/STM32CubeIDE_2.1.1/STM32CubeIDE/plugins/com.st.stm32cube.ide.mcu.externaltools.gnu-tools-for-stm32.14.3.rel1.win32_1.0.100.202602081740/tools/bin/../lib/gcc/arm-none-eabi/14.3.1/thumb/v7e-m+fp/hard\libgcc.a
LOAD C:/ST/STM32CubeIDE_2.1.1/STM32CubeIDE/plugins/com.st.stm32cube.ide.mcu.externaltools.gnu-tools-for-stm32.14.3.rel1.win32_1.0.100.202602081740/tools/bin/../lib/gcc/arm-none-eabi/14.3.1/../../../../arm-none-eabi/lib/thumb/v7e-m+fp/hard\libc_nano.a
LOAD C:/ST/STM32CubeIDE_2.1.1/STM32CubeIDE/plugins/com.st.stm32cube.ide.mcu.externaltools.gnu-tools-for-stm32.14.3.rel1.win32_1.0.100.202602081740/tools/bin/../lib/gcc/arm-none-eabi/14.3.1/../../../../arm-none-eabi/lib/thumb/v7e-m+fp/hard\libnosys.a
END GROUP
LOAD C:/ST/STM32CubeIDE_2.1.1/STM32CubeIDE/plugins/com.st.stm32cube.ide.mcu.externaltools.gnu-tools-for-stm32.14.3.rel1.win32_1.0.100.202602081740/tools/bin/../lib/gcc/arm-none-eabi/14.3.1/thumb/v7e-m+fp/hard/crtend.o
LOAD C:/ST/STM32CubeIDE_2.1.1/STM32CubeIDE/plugins/com.st.stm32cube.ide.mcu.externaltools.gnu-tools-for-stm32.14.3.rel1.win32_1.0.100.202602081740/tools/bin/../lib/gcc/arm-none-eabi/14.3.1/thumb/v7e-m+fp/hard/crtn.o
                0x20018000                        _estack = (ORIGIN (RAM) + LENGTH (RAM))
                0x00000800                        _Min_Heap_Size = 0x800
                0x00000800                        _Min_Stack_Size = 0x800

.isr_vector     0x08000000      0x188
                0x08000000                        . = ALIGN (0x4)
 *(.isr_vector)
 .isr_vector    0x08000000      0x188 ./Core/Startup/startup_stm32l476rgtx.o
                0x08000000                g_pfnVectors
                0x08000188                        . = ALIGN (0x4)

.text           0x08000190     0xbecc
                0x08000190                        . = ALIGN (0x4)
 *(.text)
 .text          0x08000190       0x40 C:/ST/STM32CubeIDE_2.1.1/STM32CubeIDE/plugins/com.st.stm32cube.ide.mcu.externaltools.gnu-tools-for-stm32.14.3.rel1.win32_1.0.100.202602081740/tools/bin/../lib/gcc/arm-none-eabi/14.3.1/thumb/v7e-m+fp/hard/crtbegin.o
 .text          0x080001d0       0xa0 C:/ST/STM32CubeIDE_2.1.1/STM32CubeIDE/plugins/com.st.stm32cube.ide.mcu.externaltools.gnu-tools-for-stm32.14.3.rel1.win32_1.0.100.202602081740/tools/bin/../lib/gcc/arm-none-eabi/14.3.1/../../../../arm-none-eabi/lib/thumb/v7e-m+fp/hard\libc_nano.a(libc_a-memchr.o)
                0x080001d0                memchr
 .text          0x08000270       0x10 C:/ST/STM32CubeIDE_2.1.1/STM32CubeIDE/plugins/com.st.stm32cube.ide.mcu.externaltools.gnu-tools-for-stm32.14.3.rel1.win32_1.0.100.202602081740/tools/bin/../lib/gcc/arm-none-eabi/14.3.1/../../../../arm-none-eabi/lib/thumb/v7e-m+fp/hard\libc_nano.a(libc_a-strlen.o)
                0x08000270                strlen
 .text          0x08000280      0x378 C:/ST/STM32CubeIDE_2.1.1/STM32CubeIDE/plugins/com.st.stm32cube.ide.mcu.externaltools.gnu-tools-for-stm32.14.3.rel1.win32_1.0.100.202602081740/tools/bin/../lib/gcc/arm-none-eabi/14.3.1/thumb/v7e-m+fp/hard\libgcc.a(_arm_addsubdf3.o)
                0x08000280                __aeabi_drsub
                0x08000288                __aeabi_dsub
                0x08000288                __subdf3
                0x0800028c                __aeabi_dadd
                0x0800028c                __adddf3
                0x08000504                __floatunsidf
                0x08000504                __aeabi_ui2d
                0x08000524                __floatsidf
                0x08000524                __aeabi_i2d
                0x08000548                __aeabi_f2d
                0x08000548                __extendsfdf2
                0x0800058c                __floatundidf
                0x0800058c                __aeabi_ul2d
                0x0800059c                __floatdidf
                0x0800059c                __aeabi_l2d
 .text          0x080005f8      0x424 C:/ST/STM32CubeIDE_2.1.1/STM32CubeIDE/plugins/com.st.stm32cube.ide.mcu.externaltools.gnu-tools-for-stm32.14.3.rel1.win32_1.0.100.202602081740/tools/bin/../lib/gcc/arm-none-eabi/14.3.1/thumb/v7e-m+fp/hard\libgcc.a(_arm_muldivdf3.o)
                0x080005f8                __aeabi_dmul
                0x080005f8                __muldf3
                0x0800084c                __divdf3
                0x0800084c                __aeabi_ddiv
 .text          0x08000a1c      0x110 C:/ST/STM32CubeIDE_2.1.1/STM32CubeIDE/plugins/com.st.stm32cube.ide.mcu.externaltools.gnu-tools-for-stm32.14.3.rel1.win32_1.0.100.202602081740/tools/bin/../lib/gcc/arm-none-eabi/14.3.1/thumb/v7e-m+fp/hard\libgcc.a(_arm_cmpdf2.o)
                0x08000a1c                __gtdf2
                0x08000a1c                __gedf2
                0x08000a24                __ltdf2
                0x08000a24                __ledf2
                0x08000a2c                __nedf2
                0x08000a2c                __eqdf2
                0x08000a2c                __cmpdf2
                0x08000aa8                __aeabi_cdrcmple
                0x08000ab8                __aeabi_cdcmpeq
                0x08000ab8                __aeabi_cdcmple
                0x08000ac8                __aeabi_dcmpeq
                0x08000adc                __aeabi_dcmplt
                0x08000af0                __aeabi_dcmple
                0x08000b04                __aeabi_dcmpge
                0x08000b18                __aeabi_dcmpgt
 .text          0x08000b2c       0x2c C:/ST/STM32CubeIDE_2.1.1/STM32CubeIDE/plugins/com.st.stm32cube.ide.mcu.externaltools.gnu-tools-for-stm32.14.3.rel1.win32_1.0.100.202602081740/tools/bin/../lib/gcc/arm-none-eabi/14.3.1/thumb/v7e-m+fp/hard\libgcc.a(_arm_unorddf2.o)
                0x08000b2c                __unorddf2
                0x08000b2c                __aeabi_dcmpun
 .text          0x08000b58       0x50 C:/ST/STM32CubeIDE_2.1.1/STM32CubeIDE/plugins/com.st.stm32cube.ide.mcu.externaltools.gnu-tools-for-stm32.14.3.rel1.win32_1.0.100.202602081740/tools/bin/../lib/gcc/arm-none-eabi/14.3.1/thumb/v7e-m+fp/hard\libgcc.a(_arm_fixdfsi.o)
                0x08000b58                __aeabi_d2iz
                0x08000b58                __fixdfsi
 .text          0x08000ba8       0x40 C:/ST/STM32CubeIDE_2.1.1/STM32CubeIDE/plugins/com.st.stm32cube.ide.mcu.externaltools.gnu-tools-for-stm32.14.3.rel1.win32_1.0.100.202602081740/tools/bin/../lib/gcc/arm-none-eabi/14.3.1/thumb/v7e-m+fp/hard\libgcc.a(_arm_fixunsdfsi.o)
                0x08000ba8                __aeabi_d2uiz
                0x08000ba8                __fixunsdfsi
 .text          0x08000be8       0xa0 C:/ST/STM32CubeIDE_2.1.1/STM32CubeIDE/plugins/com.st.stm32cube.ide.mcu.externaltools.gnu-tools-for-stm32.14.3.rel1.win32_1.0.100.202602081740/tools/bin/../lib/gcc/arm-none-eabi/14.3.1/thumb/v7e-m+fp/hard\libgcc.a(_arm_truncdfsf2.o)
                0x08000be8                __truncdfsf2
                0x08000be8                __aeabi_d2f
 .text          0x08000c88       0x30 C:/ST/STM32CubeIDE_2.1.1/STM32CubeIDE/plugins/com.st.stm32cube.ide.mcu.externaltools.gnu-tools-for-stm32.14.3.rel1.win32_1.0.100.202602081740/tools/bin/../lib/gcc/arm-none-eabi/14.3.1/thumb/v7e-m+fp/hard\libgcc.a(_aeabi_uldivmod.o)
                0x08000c88                __aeabi_uldivmod
 .text          0x08000cb8       0x30 C:/ST/STM32CubeIDE_2.1.1/STM32CubeIDE/plugins/com.st.stm32cube.ide.mcu.externaltools.gnu-tools-for-stm32.14.3.rel1.win32_1.0.100.202602081740/tools/bin/../lib/gcc/arm-none-eabi/14.3.1/thumb/v7e-m+fp/hard\libgcc.a(_fixdfdi.o)
                0x08000cb8                __fixdfdi
                0x08000cb8                __aeabi_d2lz
 .text          0x08000ce8       0x3c C:/ST/STM32CubeIDE_2.1.1/STM32CubeIDE/plugins/com.st.stm32cube.ide.mcu.externaltools.gnu-tools-for-stm32.14.3.rel1.win32_1.0.100.202602081740/tools/bin/../lib/gcc/arm-none-eabi/14.3.1/thumb/v7e-m+fp/hard\libgcc.a(_fixunsdfdi.o)
                0x08000ce8                __fixunsdfdi
                0x08000ce8                __aeabi_d2ulz
 .text          0x08000d24      0x2f8 C:/ST/STM32CubeIDE_2.1.1/STM32CubeIDE/plugins/com.st.stm32cube.ide.mcu.externaltools.gnu-tools-for-stm32.14.3.rel1.win32_1.0.100.202602081740/tools/bin/../lib/gcc/arm-none-eabi/14.3.1/thumb/v7e-m+fp/hard\libgcc.a(_udivmoddi4.o)
                0x08000d24                __udivmoddi4
 .text          0x0800101c        0x4 C:/ST/STM32CubeIDE_2.1.1/STM32CubeIDE/plugins/com.st.stm32cube.ide.mcu.externaltools.gnu-tools-for-stm32.14.3.rel1.win32_1.0.100.202602081740/tools/bin/../lib/gcc/arm-none-eabi/14.3.1/thumb/v7e-m+fp/hard\libgcc.a(_dvmd_tls.o)
                0x0800101c                __aeabi_idiv0
                0x0800101c                __aeabi_ldiv0
 *(.text*)
 .text.SystemClock_Config
                0x08001020       0x72 ./Core/Src/main.o
                0x08001020                SystemClock_Config
 *fill*         0x08001092        0x2 
 .text.HAL_UART_TxCpltCallback
                0x08001094       0x24 ./Core/Src/main.o
                0x08001094                HAL_UART_TxCpltCallback
 .text.HAL_GPIO_EXTI_Callback
                0x080010b8       0x2c ./Core/Src/main.o
                0x080010b8                HAL_GPIO_EXTI_Callback
 .text.HAL_SPI_RxCpltCallback
                0x080010e4       0x28 ./Core/Src/main.o
                0x080010e4                HAL_SPI_RxCpltCallback
 .text.CharLCD_Write_Nibble
                0x0800110c       0x4c ./Core/Src/main.o
                0x0800110c                CharLCD_Write_Nibble
 .text.CharLCD_Send_Cmd
                0x08001158       0x28 ./Core/Src/main.o
                0x08001158                CharLCD_Send_Cmd
 .text.CharLCD_Send_Data
                0x08001180       0x1a ./Core/Src/main.o
                0x08001180                CharLCD_Send_Data
 .text.CharLCD_Init
                0x0800119a       0x5c ./Core/Src/main.o
                0x0800119a                CharLCD_Init
 .text.CharLCD_Write_String
                0x080011f6       0x12 ./Core/Src/main.o
                0x080011f6                CharLCD_Write_String
 .text.CharLCD_Clear
                0x08001208       0x12 ./Core/Src/main.o
                0x08001208                CharLCD_Clear
 *fill*         0x0800121a        0x2 
 .text.startup.main
                0x0800121c      0x4dc ./Core/Src/main.o
                0x0800121c                main
 .text.Error_Handler
                0x080016f8        0x4 ./Core/Src/main.o
                0x080016f8                Error_Handler
 .text.HAL_MspInit
                0x080016fc       0x30 ./Core/Src/stm32l4xx_hal_msp.o
                0x080016fc                HAL_MspInit
 .text.HAL_CRC_MspInit
                0x0800172c       0x28 ./Core/Src/stm32l4xx_hal_msp.o
                0x0800172c                HAL_CRC_MspInit
 .text.HAL_I2C_MspInit
                0x08001754       0x84 ./Core/Src/stm32l4xx_hal_msp.o
                0x08001754                HAL_I2C_MspInit
 .text.HAL_SPI_MspInit
                0x080017d8       0xb0 ./Core/Src/stm32l4xx_hal_msp.o
                0x080017d8                HAL_SPI_MspInit
 .text.HAL_TIM_Base_MspInit
                0x08001888       0x28 ./Core/Src/stm32l4xx_hal_msp.o
                0x08001888                HAL_TIM_Base_MspInit
 .text.HAL_TIM_MspPostInit
                0x080018b0       0x50 ./Core/Src/stm32l4xx_hal_msp.o
                0x080018b0                HAL_TIM_MspPostInit
 .text.HAL_UART_MspInit
                0x08001900       0xc4 ./Core/Src/stm32l4xx_hal_msp.o
                0x08001900                HAL_UART_MspInit
 .text.NMI_Handler
                0x080019c4        0x2 ./Core/Src/stm32l4xx_it.o
                0x080019c4                NMI_Handler
 .text.HardFault_Handler
                0x080019c6        0x2 ./Core/Src/stm32l4xx_it.o
                0x080019c6                HardFault_Handler
 .text.MemManage_Handler
                0x080019c8        0x2 ./Core/Src/stm32l4xx_it.o
                0x080019c8                MemManage_Handler
 .text.BusFault_Handler
                0x080019ca        0x2 ./Core/Src/stm32l4xx_it.o
                0x080019ca                BusFault_Handler
 .text.UsageFault_Handler
                0x080019cc        0x2 ./Core/Src/stm32l4xx_it.o
                0x080019cc                UsageFault_Handler
 .text.SVC_Handler
                0x080019ce        0x2 ./Core/Src/stm32l4xx_it.o
                0x080019ce                SVC_Handler
 .text.DebugMon_Handler
                0x080019d0        0x2 ./Core/Src/stm32l4xx_it.o
                0x080019d0                DebugMon_Handler
 .text.PendSV_Handler
                0x080019d2        0x2 ./Core/Src/stm32l4xx_it.o
                0x080019d2                PendSV_Handler
 .text.SysTick_Handler
                0x080019d4        0x4 ./Core/Src/stm32l4xx_it.o
                0x080019d4                SysTick_Handler
 .text.EXTI0_IRQHandler
                0x080019d8        0x6 ./Core/Src/stm32l4xx_it.o
                0x080019d8                EXTI0_IRQHandler
 *fill*         0x080019de        0x2 
 .text.DMA1_Channel2_IRQHandler
                0x080019e0        0xc ./Core/Src/stm32l4xx_it.o
                0x080019e0                DMA1_Channel2_IRQHandler
 .text.DMA1_Channel7_IRQHandler
                0x080019ec        0xc ./Core/Src/stm32l4xx_it.o
                0x080019ec                DMA1_Channel7_IRQHandler
 .text.SPI1_IRQHandler
                0x080019f8        0xc ./Core/Src/stm32l4xx_it.o
                0x080019f8                SPI1_IRQHandler
 .text.USART2_IRQHandler
                0x08001a04        0xc ./Core/Src/stm32l4xx_it.o
                0x08001a04                USART2_IRQHandler
 .text._sbrk    0x08001a10       0x3c ./Core/Src/sysmem.o
                0x08001a10                _sbrk
 .text.SystemInit
                0x08001a4c       0x14 ./Core/Src/system_stm32l4xx.o
                0x08001a4c                SystemInit
 .text.Reset_Handler
                0x08001a60       0x50 ./Core/Startup/startup_stm32l476rgtx.o
                0x08001a60                Reset_Handler
 .text.Default_Handler
                0x08001ab0        0x2 ./Core/Startup/startup_stm32l476rgtx.o
                0x08001ab0                RTC_Alarm_IRQHandler
                0x08001ab0                EXTI2_IRQHandler
                0x08001ab0                TIM8_TRG_COM_IRQHandler
                0x08001ab0                TIM8_CC_IRQHandler
                0x08001ab0                TIM1_CC_IRQHandler
                0x08001ab0                TSC_IRQHandler
                0x08001ab0                TAMP_STAMP_IRQHandler
                0x08001ab0                EXTI3_IRQHandler
                0x08001ab0                LPTIM2_IRQHandler
                0x08001ab0                DFSDM1_FLT1_IRQHandler
                0x08001ab0                I2C3_ER_IRQHandler
                0x08001ab0                DFSDM1_FLT2_IRQHandler
                0x08001ab0                I2C2_EV_IRQHandler
                0x08001ab0                CAN1_RX0_IRQHandler
                0x08001ab0                FPU_IRQHandler
                0x08001ab0                TIM1_UP_TIM16_IRQHandler
                0x08001ab0                ADC1_2_IRQHandler
                0x08001ab0                TIM6_DAC_IRQHandler
                0x08001ab0                TIM8_UP_IRQHandler
                0x08001ab0                DMA2_Channel2_IRQHandler
                0x08001ab0                DMA1_Channel4_IRQHandler
                0x08001ab0                SAI2_IRQHandler
                0x08001ab0                DFSDM1_FLT3_IRQHandler
                0x08001ab0                USART3_IRQHandler
                0x08001ab0                CAN1_RX1_IRQHandler
                0x08001ab0                LCD_IRQHandler
                0x08001ab0                UART5_IRQHandler
                0x08001ab0                ADC3_IRQHandler
                0x08001ab0                TIM4_IRQHandler
                0x08001ab0                DMA2_Channel1_IRQHandler
                0x08001ab0                QUADSPI_IRQHandler
                0x08001ab0                I2C1_EV_IRQHandler
                0x08001ab0                DMA1_Channel6_IRQHandler
                0x08001ab0                UART4_IRQHandler
                0x08001ab0                DMA2_Channel4_IRQHandler
                0x08001ab0                TIM3_IRQHandler
                0x08001ab0                RCC_IRQHandler
                0x08001ab0                DMA1_Channel1_IRQHandler
                0x08001ab0                Default_Handler
                0x08001ab0                DMA2_Channel7_IRQHandler
                0x08001ab0                EXTI15_10_IRQHandler
                0x08001ab0                TIM7_IRQHandler
                0x08001ab0                SDMMC1_IRQHandler
                0x08001ab0                TIM5_IRQHandler
                0x08001ab0                I2C3_EV_IRQHandler
                0x08001ab0                EXTI9_5_IRQHandler
                0x08001ab0                RTC_WKUP_IRQHandler
                0x08001ab0                PVD_PVM_IRQHandler
                0x08001ab0                SPI2_IRQHandler
                0x08001ab0                CAN1_TX_IRQHandler
                0x08001ab0                DMA2_Channel5_IRQHandler
                0x08001ab0                DMA1_Channel5_IRQHandler
                0x08001ab0                EXTI4_IRQHandler
                0x08001ab0                RNG_IRQHandler
                0x08001ab0                TIM1_TRG_COM_TIM17_IRQHandler
                0x08001ab0                DMA1_Channel3_IRQHandler
                0x08001ab0                COMP_IRQHandler
                0x08001ab0                WWDG_IRQHandler
                0x08001ab0                LPUART1_IRQHandler
                0x08001ab0                DMA2_Channel6_IRQHandler
                0x08001ab0                TIM2_IRQHandler
                0x08001ab0                EXTI1_IRQHandler
                0x08001ab0                DFSDM1_FLT0_IRQHandler
                0x08001ab0                I2C2_ER_IRQHandler
                0x08001ab0                TIM8_BRK_IRQHandler
                0x08001ab0                CAN1_SCE_IRQHandler
                0x08001ab0                FLASH_IRQHandler
                0x08001ab0                USART1_IRQHandler
                0x08001ab0                OTG_FS_IRQHandler
                0x08001ab0                SPI3_IRQHandler
                0x08001ab0                I2C1_ER_IRQHandler
                0x08001ab0                FMC_IRQHandler
                0x08001ab0                SWPMI1_IRQHandler
                0x08001ab0                LPTIM1_IRQHandler
                0x08001ab0                SAI1_IRQHandler
                0x08001ab0                DMA2_Channel3_IRQHandler
                0x08001ab0                TIM1_BRK_TIM15_IRQHandler
 *fill*         0x08001ab2        0x2 
 .text.HAL_InitTick
                0x08001ab4       0x4c ./Drivers/STM32L4xx_HAL_Driver/Src/stm32l4xx_hal.o
                0x08001ab4                HAL_InitTick
 .text.HAL_Init
                0x08001b00       0x2c ./Drivers/STM32L4xx_HAL_Driver/Src/stm32l4xx_hal.o
                0x08001b00                HAL_Init
 .text.HAL_IncTick
                0x08001b2c       0x18 ./Drivers/STM32L4xx_HAL_Driver/Src/stm32l4xx_hal.o
                0x08001b2c                HAL_IncTick
 .text.HAL_GetTick
                0x08001b44        0xc ./Drivers/STM32L4xx_HAL_Driver/Src/stm32l4xx_hal.o
                0x08001b44                HAL_GetTick
 .text.HAL_Delay
                0x08001b50       0x28 ./Drivers/STM32L4xx_HAL_Driver/Src/stm32l4xx_hal.o
                0x08001b50                HAL_Delay
 .text.HAL_NVIC_SetPriorityGrouping
                0x08001b78       0x24 ./Drivers/STM32L4xx_HAL_Driver/Src/stm32l4xx_hal_cortex.o
                0x08001b78                HAL_NVIC_SetPriorityGrouping
 .text.HAL_NVIC_SetPriority
                0x08001b9c       0x64 ./Drivers/STM32L4xx_HAL_Driver/Src/stm32l4xx_hal_cortex.o
                0x08001b9c                HAL_NVIC_SetPriority
 .text.HAL_NVIC_EnableIRQ
                0x08001c00       0x1c ./Drivers/STM32L4xx_HAL_Driver/Src/stm32l4xx_hal_cortex.o
                0x08001c00                HAL_NVIC_EnableIRQ
 .text.HAL_SYSTICK_Config
                0x08001c1c       0x28 ./Drivers/STM32L4xx_HAL_Driver/Src/stm32l4xx_hal_cortex.o
                0x08001c1c                HAL_SYSTICK_Config
 .text.HAL_CRC_Init
                0x08001c44       0x74 ./Drivers/STM32L4xx_HAL_Driver/Src/stm32l4xx_hal_crc.o
                0x08001c44                HAL_CRC_Init
 .text.HAL_CRCEx_Polynomial_Set
                0x08001cb8       0x4e ./Drivers/STM32L4xx_HAL_Driver/Src/stm32l4xx_hal_crc_ex.o
                0x08001cb8                HAL_CRCEx_Polynomial_Set
 *fill*         0x08001d06        0x2 
 .text.HAL_DMA_Init
                0x08001d08       0xd0 ./Drivers/STM32L4xx_HAL_Driver/Src/stm32l4xx_hal_dma.o
                0x08001d08                HAL_DMA_Init
 .text.HAL_DMA_Start_IT
                0x08001dd8       0x86 ./Drivers/STM32L4xx_HAL_Driver/Src/stm32l4xx_hal_dma.o
                0x08001dd8                HAL_DMA_Start_IT
 .text.HAL_DMA_Abort
                0x08001e5e       0x48 ./Drivers/STM32L4xx_HAL_Driver/Src/stm32l4xx_hal_dma.o
                0x08001e5e                HAL_DMA_Abort
 .text.HAL_DMA_Abort_IT
                0x08001ea6       0x48 ./Drivers/STM32L4xx_HAL_Driver/Src/stm32l4xx_hal_dma.o
                0x08001ea6                HAL_DMA_Abort_IT
 *fill*         0x08001eee        0x2 
 .text.HAL_DMA_IRQHandler
                0x08001ef0       0xac ./Drivers/STM32L4xx_HAL_Driver/Src/stm32l4xx_hal_dma.o
                0x08001ef0                HAL_DMA_IRQHandler
 .text.HAL_GPIO_Init
                0x08001f9c      0x1b4 ./Drivers/STM32L4xx_HAL_Driver/Src/stm32l4xx_hal_gpio.o
                0x08001f9c                HAL_GPIO_Init
 .text.HAL_GPIO_WritePin
                0x08002150        0xa ./Drivers/STM32L4xx_HAL_Driver/Src/stm32l4xx_hal_gpio.o
                0x08002150                HAL_GPIO_WritePin
 *fill*         0x0800215a        0x2 
 .text.HAL_GPIO_EXTI_IRQHandler
                0x0800215c       0x18 ./Drivers/STM32L4xx_HAL_Driver/Src/stm32l4xx_hal_gpio.o
                0x0800215c                HAL_GPIO_EXTI_IRQHandler
 .text.I2C_Flush_TXDR
                0x08002174       0x1c ./Drivers/STM32L4xx_HAL_Driver/Src/stm32l4xx_hal_i2c.o
 .text.I2C_TransferConfig
                0x08002190       0x2c ./Drivers/STM32L4xx_HAL_Driver/Src/stm32l4xx_hal_i2c.o
 .text.I2C_IsErrorOccurred
                0x080021bc      0x102 ./Drivers/STM32L4xx_HAL_Driver/Src/stm32l4xx_hal_i2c.o
 .text.I2C_WaitOnTXISFlagUntilTimeout
                0x080022be       0x56 ./Drivers/STM32L4xx_HAL_Driver/Src/stm32l4xx_hal_i2c.o
 .text.I2C_WaitOnFlagUntilTimeout
                0x08002314       0x76 ./Drivers/STM32L4xx_HAL_Driver/Src/stm32l4xx_hal_i2c.o
 .text.I2C_WaitOnSTOPFlagUntilTimeout
                0x0800238a       0x52 ./Drivers/STM32L4xx_HAL_Driver/Src/stm32l4xx_hal_i2c.o
 .text.HAL_I2C_Init
                0x080023dc       0xaa ./Drivers/STM32L4xx_HAL_Driver/Src/stm32l4xx_hal_i2c.o
                0x080023dc                HAL_I2C_Init
 *fill*         0x08002486        0x2 
 .text.HAL_I2C_Master_Transmit
                0x08002488      0x15c ./Drivers/STM32L4xx_HAL_Driver/Src/stm32l4xx_hal_i2c.o
                0x08002488                HAL_I2C_Master_Transmit
 .text.HAL_I2CEx_ConfigAnalogFilter
                0x080025e4       0x4c ./Drivers/STM32L4xx_HAL_Driver/Src/stm32l4xx_hal_i2c_ex.o
                0x080025e4                HAL_I2CEx_ConfigAnalogFilter
 .text.HAL_I2CEx_ConfigDigitalFilter
                0x08002630       0x4a ./Drivers/STM32L4xx_HAL_Driver/Src/stm32l4xx_hal_i2c_ex.o
                0x08002630                HAL_I2CEx_ConfigDigitalFilter
 *fill*         0x0800267a        0x2 
 .text.HAL_PWREx_GetVoltageRange
                0x0800267c       0x10 ./Drivers/STM32L4xx_HAL_Driver/Src/stm32l4xx_hal_pwr_ex.o
                0x0800267c                HAL_PWREx_GetVoltageRange
 .text.HAL_PWREx_ControlVoltageScaling
                0x0800268c       0x6c ./Drivers/STM32L4xx_HAL_Driver/Src/stm32l4xx_hal_pwr_ex.o
                0x0800268c                HAL_PWREx_ControlVoltageScaling
 .text.RCC_SetFlashLatencyFromMSIRange
                0x080026f8       0x84 ./Drivers/STM32L4xx_HAL_Driver/Src/stm32l4xx_hal_rcc.o
 .text.HAL_RCC_GetSysClockFreq
                0x0800277c       0x94 ./Drivers/STM32L4xx_HAL_Driver/Src/stm32l4xx_hal_rcc.o
                0x0800277c                HAL_RCC_GetSysClockFreq
 .text.HAL_RCC_OscConfig
                0x08002810      0x4fc ./Drivers/STM32L4xx_HAL_Driver/Src/stm32l4xx_hal_rcc.o
                0x08002810                HAL_RCC_OscConfig
 .text.HAL_RCC_ClockConfig
                0x08002d0c      0x154 ./Drivers/STM32L4xx_HAL_Driver/Src/stm32l4xx_hal_rcc.o
                0x08002d0c                HAL_RCC_ClockConfig
 .text.HAL_RCC_GetPCLK1Freq
                0x08002e60       0x24 ./Drivers/STM32L4xx_HAL_Driver/Src/stm32l4xx_hal_rcc.o
                0x08002e60                HAL_RCC_GetPCLK1Freq
 .text.HAL_RCC_GetPCLK2Freq
                0x08002e84       0x24 ./Drivers/STM32L4xx_HAL_Driver/Src/stm32l4xx_hal_rcc.o
                0x08002e84                HAL_RCC_GetPCLK2Freq
 .text.RCCEx_PLLSAI1_Config
                0x08002ea8      0x10c ./Drivers/STM32L4xx_HAL_Driver/Src/stm32l4xx_hal_rcc_ex.o
 .text.RCCEx_PLLSAI2_Config
                0x08002fb4       0xf4 ./Drivers/STM32L4xx_HAL_Driver/Src/stm32l4xx_hal_rcc_ex.o
 .text.HAL_RCCEx_PeriphCLKConfig
                0x080030a8      0x3f4 ./Drivers/STM32L4xx_HAL_Driver/Src/stm32l4xx_hal_rcc_ex.o
                0x080030a8                HAL_RCCEx_PeriphCLKConfig
 .text.SPI_WaitFlagStateUntilTimeout.constprop.0
                0x0800349c       0xa0 ./Drivers/STM32L4xx_HAL_Driver/Src/stm32l4xx_hal_spi.o
 .text.SPI_WaitFifoStateUntilTimeout.constprop.0
                0x0800353c       0xc4 ./Drivers/STM32L4xx_HAL_Driver/Src/stm32l4xx_hal_spi.o
 .text.SPI_EndRxTransaction
                0x08003600       0x6e ./Drivers/STM32L4xx_HAL_Driver/Src/stm32l4xx_hal_spi.o
 .text.SPI_EndRxTxTransaction
                0x0800366e       0x44 ./Drivers/STM32L4xx_HAL_Driver/Src/stm32l4xx_hal_spi.o
 .text.HAL_SPI_Init
                0x080036b2       0xd4 ./Drivers/STM32L4xx_HAL_Driver/Src/stm32l4xx_hal_spi.o
                0x080036b2                HAL_SPI_Init
 *fill*         0x08003786        0x2 
 .text.HAL_SPI_TransmitReceive_DMA
                0x08003788      0x1ac ./Drivers/STM32L4xx_HAL_Driver/Src/stm32l4xx_hal_spi.o
                0x08003788                HAL_SPI_TransmitReceive_DMA
 .text.HAL_SPI_Receive_DMA
                0x08003934      0x150 ./Drivers/STM32L4xx_HAL_Driver/Src/stm32l4xx_hal_spi.o
                0x08003934                HAL_SPI_Receive_DMA
 .text.HAL_SPI_TxRxCpltCallback
                0x08003a84        0x2 ./Drivers/STM32L4xx_HAL_Driver/Src/stm32l4xx_hal_spi.o
                0x08003a84                HAL_SPI_TxRxCpltCallback
 .text.HAL_SPI_RxHalfCpltCallback
                0x08003a86        0x2 ./Drivers/STM32L4xx_HAL_Driver/Src/stm32l4xx_hal_spi.o
                0x08003a86                HAL_SPI_RxHalfCpltCallback
 .text.SPI_DMAHalfReceiveCplt
                0x08003a88        0xa ./Drivers/STM32L4xx_HAL_Driver/Src/stm32l4xx_hal_spi.o
 .text.HAL_SPI_TxRxHalfCpltCallback
                0x08003a92        0x2 ./Drivers/STM32L4xx_HAL_Driver/Src/stm32l4xx_hal_spi.o
                0x08003a92                HAL_SPI_TxRxHalfCpltCallback
 .text.SPI_DMAHalfTransmitReceiveCplt
                0x08003a94        0xa ./Drivers/STM32L4xx_HAL_Driver/Src/stm32l4xx_hal_spi.o
 .text.HAL_SPI_ErrorCallback
                0x08003a9e        0x2 ./Drivers/STM32L4xx_HAL_Driver/Src/stm32l4xx_hal_spi.o
                0x08003a9e                HAL_SPI_ErrorCallback
 .text.SPI_DMAError
                0x08003aa0       0x22 ./Drivers/STM32L4xx_HAL_Driver/Src/stm32l4xx_hal_spi.o
 .text.SPI_DMAReceiveCplt
                0x08003ac2       0x68 ./Drivers/STM32L4xx_HAL_Driver/Src/stm32l4xx_hal_spi.o
 .text.SPI_DMATransmitReceiveCplt
                0x08003b2a       0x5c ./Drivers/STM32L4xx_HAL_Driver/Src/stm32l4xx_hal_spi.o
 *fill*         0x08003b86        0x2 
 .text.HAL_SPI_IRQHandler
                0x08003b88      0x10c ./Drivers/STM32L4xx_HAL_Driver/Src/stm32l4xx_hal_spi.o
                0x08003b88                HAL_SPI_IRQHandler
 .text.SPI_DMAAbortOnError
                0x08003c94       0x12 ./Drivers/STM32L4xx_HAL_Driver/Src/stm32l4xx_hal_spi.o
 *fill*         0x08003ca6        0x2 
 .text.TIM_OC1_SetConfig
                0x08003ca8       0x78 ./Drivers/STM32L4xx_HAL_Driver/Src/stm32l4xx_hal_tim.o
 .text.TIM_OC3_SetConfig
                0x08003d20       0x84 ./Drivers/STM32L4xx_HAL_Driver/Src/stm32l4xx_hal_tim.o
 .text.TIM_OC4_SetConfig
                0x08003da4       0x68 ./Drivers/STM32L4xx_HAL_Driver/Src/stm32l4xx_hal_tim.o
 .text.TIM_OC5_SetConfig
                0x08003e0c       0x68 ./Drivers/STM32L4xx_HAL_Driver/Src/stm32l4xx_hal_tim.o
 .text.TIM_OC6_SetConfig
                0x08003e74       0x68 ./Drivers/STM32L4xx_HAL_Driver/Src/stm32l4xx_hal_tim.o
 .text.TIM_TI1_ConfigInputStage
                0x08003edc       0x54 ./Drivers/STM32L4xx_HAL_Driver/Src/stm32l4xx_hal_tim.o
 .text.TIM_TI2_ConfigInputStage
                0x08003f30       0x40 ./Drivers/STM32L4xx_HAL_Driver/Src/stm32l4xx_hal_tim.o
 .text.HAL_TIM_PWM_MspInit
                0x08003f70        0x2 ./Drivers/STM32L4xx_HAL_Driver/Src/stm32l4xx_hal_tim.o
                0x08003f70                HAL_TIM_PWM_MspInit
 *fill*         0x08003f72        0x2 
 .text.TIM_Base_SetConfig
                0x08003f74       0xa8 ./Drivers/STM32L4xx_HAL_Driver/Src/stm32l4xx_hal_tim.o
                0x08003f74                TIM_Base_SetConfig
 .text.HAL_TIM_Base_Init
                0x0800401c       0x60 ./Drivers/STM32L4xx_HAL_Driver/Src/stm32l4xx_hal_tim.o
                0x0800401c                HAL_TIM_Base_Init
 .text.HAL_TIM_PWM_Init
                0x0800407c       0x60 ./Drivers/STM32L4xx_HAL_Driver/Src/stm32l4xx_hal_tim.o
                0x0800407c                HAL_TIM_PWM_Init
 .text.TIM_OC2_SetConfig
                0x080040dc       0x84 ./Drivers/STM32L4xx_HAL_Driver/Src/stm32l4xx_hal_tim.o
                0x080040dc                TIM_OC2_SetConfig
 .text.HAL_TIM_PWM_ConfigChannel
                0x08004160       0xf8 ./Drivers/STM32L4xx_HAL_Driver/Src/stm32l4xx_hal_tim.o
                0x08004160                HAL_TIM_PWM_ConfigChannel
 .text.TIM_ETR_SetConfig
                0x08004258       0x14 ./Drivers/STM32L4xx_HAL_Driver/Src/stm32l4xx_hal_tim.o
                0x08004258                TIM_ETR_SetConfig
 .text.HAL_TIM_ConfigClockSource
                0x0800426c       0xe0 ./Drivers/STM32L4xx_HAL_Driver/Src/stm32l4xx_hal_tim.o
                0x0800426c                HAL_TIM_ConfigClockSource
 .text.TIM_CCxChannelCmd
                0x0800434c       0x1c ./Drivers/STM32L4xx_HAL_Driver/Src/stm32l4xx_hal_tim.o
                0x0800434c                TIM_CCxChannelCmd
 .text.HAL_TIM_OC_Start
                0x08004368      0x114 ./Drivers/STM32L4xx_HAL_Driver/Src/stm32l4xx_hal_tim.o
                0x08004368                HAL_TIM_OC_Start
 .text.HAL_TIM_PWM_Start
                0x0800447c        0x4 ./Drivers/STM32L4xx_HAL_Driver/Src/stm32l4xx_hal_tim.o
                0x0800447c                HAL_TIM_PWM_Start
 .text.HAL_TIMEx_MasterConfigSynchronization
                0x08004480       0x8c ./Drivers/STM32L4xx_HAL_Driver/Src/stm32l4xx_hal_tim_ex.o
                0x08004480                HAL_TIMEx_MasterConfigSynchronization
 .text.HAL_TIMEx_ConfigBreakDeadTime
                0x0800450c       0x84 ./Drivers/STM32L4xx_HAL_Driver/Src/stm32l4xx_hal_tim_ex.o
                0x0800450c                HAL_TIMEx_ConfigBreakDeadTime
 .text.UART_EndRxTransfer
                0x08004590       0x50 ./Drivers/STM32L4xx_HAL_Driver/Src/stm32l4xx_hal_uart.o
 .text.HAL_UART_Transmit_DMA
                0x080045e0       0x80 ./Drivers/STM32L4xx_HAL_Driver/Src/stm32l4xx_hal_uart.o
                0x080045e0                HAL_UART_Transmit_DMA
 .text.UART_DMATransmitCplt
                0x08004660       0x40 ./Drivers/STM32L4xx_HAL_Driver/Src/stm32l4xx_hal_uart.o
 .text.HAL_UART_TxHalfCpltCallback
                0x080046a0        0x2 ./Drivers/STM32L4xx_HAL_Driver/Src/stm32l4xx_hal_uart.o
                0x080046a0                HAL_UART_TxHalfCpltCallback
 .text.UART_DMATxHalfCplt
                0x080046a2        0xa ./Drivers/STM32L4xx_HAL_Driver/Src/stm32l4xx_hal_uart.o
 .text.HAL_UART_ErrorCallback
                0x080046ac        0x2 ./Drivers/STM32L4xx_HAL_Driver/Src/stm32l4xx_hal_uart.o
                0x080046ac                HAL_UART_ErrorCallback
 .text.UART_DMAError
                0x080046ae       0x4a ./Drivers/STM32L4xx_HAL_Driver/Src/stm32l4xx_hal_uart.o
 .text.UART_DMAAbortOnError
                0x080046f8        0xa ./Drivers/STM32L4xx_HAL_Driver/Src/stm32l4xx_hal_uart.o
 .text.HAL_UARTEx_RxEventCallback
                0x08004702        0x2 ./Drivers/STM32L4xx_HAL_Driver/Src/stm32l4xx_hal_uart.o
                0x08004702                HAL_UARTEx_RxEventCallback
 .text.HAL_UART_IRQHandler
                0x08004704      0x2a8 ./Drivers/STM32L4xx_HAL_Driver/Src/stm32l4xx_hal_uart.o
                0x08004704                HAL_UART_IRQHandler
 .text.UART_SetConfig
                0x080049ac      0x210 ./Drivers/STM32L4xx_HAL_Driver/Src/stm32l4xx_hal_uart.o
                0x080049ac                UART_SetConfig
 .text.UART_AdvFeatureConfig
                0x08004bbc       0xa8 ./Drivers/STM32L4xx_HAL_Driver/Src/stm32l4xx_hal_uart.o
                0x08004bbc                UART_AdvFeatureConfig
 .text.UART_WaitOnFlagUntilTimeout
                0x08004c64       0x90 ./Drivers/STM32L4xx_HAL_Driver/Src/stm32l4xx_hal_uart.o
                0x08004c64                UART_WaitOnFlagUntilTimeout
 .text.HAL_UART_Transmit
                0x08004cf4       0xac ./Drivers/STM32L4xx_HAL_Driver/Src/stm32l4xx_hal_uart.o
                0x08004cf4                HAL_UART_Transmit
 .text.UART_CheckIdleState
                0x08004da0       0xb2 ./Drivers/STM32L4xx_HAL_Driver/Src/stm32l4xx_hal_uart.o
                0x08004da0                UART_CheckIdleState
 .text.HAL_UART_Init
                0x08004e52       0x5c ./Drivers/STM32L4xx_HAL_Driver/Src/stm32l4xx_hal_uart.o
                0x08004e52                HAL_UART_Init
 .text.HAL_UARTEx_WakeupCallback
                0x08004eae        0x2 ./Drivers/STM32L4xx_HAL_Driver/Src/stm32l4xx_hal_uart_ex.o
                0x08004eae                HAL_UARTEx_WakeupCallback
 .text.ai_network_create
                0x08004eb0       0x1c ./X-CUBE-AI/App/network.o
                0x08004eb0                ai_network_create
 .text.ai_network_inputs_get
                0x08004ecc       0x14 ./X-CUBE-AI/App/network.o
                0x08004ecc                ai_network_inputs_get
 .text.ai_network_outputs_get
                0x08004ee0       0x14 ./X-CUBE-AI/App/network.o
                0x08004ee0                ai_network_outputs_get
 .text.ai_network_init
                0x08004ef4      0x148 ./X-CUBE-AI/App/network.o
                0x08004ef4                ai_network_init
 .text.ai_network_run
                0x0800503c        0x4 ./X-CUBE-AI/App/network.o
                0x0800503c                ai_network_run
 .text.ai_network_data_activations_buffer_get
                0x08005040       0x28 ./X-CUBE-AI/App/network_data.o
                0x08005040                ai_network_data_activations_buffer_get
 .text.ai_network_data_weights_buffer_get
                0x08005068       0x28 ./X-CUBE-AI/App/network_data.o
                0x08005068                ai_network_data_weights_buffer_get
 .text.ai_network_data_weights_get
                0x08005090        0x8 ./X-CUBE-AI/App/network_data.o
                0x08005090                ai_network_data_weights_get
 .text.arm_cfft_radix4by2_q15
                0x08005098       0xc4 C:\Users\User\Documents\GitHub\ECEN340_project\MCU_ML\CMSIS_DSP\libarm_cortexM4lf_math.a(arm_cfft_q15.o)
                0x08005098                arm_cfft_radix4by2_q15
 .text.arm_cfft_radix4by2_inverse_q15
                0x0800515c       0xc4 C:\Users\User\Documents\GitHub\ECEN340_project\MCU_ML\CMSIS_DSP\libarm_cortexM4lf_math.a(arm_cfft_q15.o)
                0x0800515c                arm_cfft_radix4by2_inverse_q15
 .text.arm_cfft_q15
                0x08005220       0xd8 C:\Users\User\Documents\GitHub\ECEN340_project\MCU_ML\CMSIS_DSP\libarm_cortexM4lf_math.a(arm_cfft_q15.o)
                0x08005220                arm_cfft_q15
 .text.arm_radix4_butterfly_q15
                0x080052f8      0x268 C:\Users\User\Documents\GitHub\ECEN340_project\MCU_ML\CMSIS_DSP\libarm_cortexM4lf_math.a(arm_cfft_radix4_q15.o)
                0x080052f8                arm_radix4_butterfly_q15
 .text.arm_radix4_butterfly_inverse_q15
                0x08005560      0x268 C:\Users\User\Documents\GitHub\ECEN340_project\MCU_ML\CMSIS_DSP\libarm_cortexM4lf_math.a(arm_cfft_radix4_q15.o)
                0x08005560                arm_radix4_butterfly_inverse_q15
 .text.arm_bitreversal_16
                0x080057c8       0x44 C:\Users\User\Documents\GitHub\ECEN340_project\MCU_ML\CMSIS_DSP\libarm_cortexM4lf_math.a(arm_bitreversal2.o)
                0x080057c8                arm_bitreversal_16
 .text.arm_cmplx_mag_q15
                0x0800580c       0x8c C:\Users\User\Documents\GitHub\ECEN340_project\MCU_ML\CMSIS_DSP\libarm_cortexM4lf_math.a(arm_cmplx_mag_q15.o)
                0x0800580c                arm_cmplx_mag_q15
 .text.arm_sqrt_q15
                0x08005898       0xcc C:\Users\User\Documents\GitHub\ECEN340_project\MCU_ML\CMSIS_DSP\libarm_cortexM4lf_math.a(arm_sqrt_q15.o)
                0x08005898                arm_sqrt_q15
 .text.ai_buffer_get_size
                0x08005964       0x64 ../Middlewares/ST/AI/Lib\NetworkRuntime1020_CM4_GCC.a(ai_platform.o)
                0x08005964                ai_buffer_get_size
 .text.ai_buffer_array_sane
                0x080059c8       0x14 ../Middlewares/ST/AI/Lib\NetworkRuntime1020_CM4_GCC.a(ai_platform.o)
                0x080059c8                ai_buffer_array_sane
 .text.ai_platform_get_weights_map
                0x080059dc       0xa4 ../Middlewares/ST/AI/Lib\NetworkRuntime1020_CM4_GCC.a(ai_platform_interface.o)
                0x080059dc                ai_platform_get_weights_map
 .text.ai_platform_get_activations_map
                0x08005a80       0xa8 ../Middlewares/ST/AI/Lib\NetworkRuntime1020_CM4_GCC.a(ai_platform_interface.o)
                0x08005a80                ai_platform_get_activations_map
 .text.ai_platform_network_set_error
                0x08005b28        0xc ../Middlewares/ST/AI/Lib\NetworkRuntime1020_CM4_GCC.a(ai_platform_interface.o)
                0x08005b28                ai_platform_network_set_error
 .text.ai_platform_inputs_get
                0x08005b34       0xec ../Middlewares/ST/AI/Lib\NetworkRuntime1020_CM4_GCC.a(ai_platform_interface.o)
                0x08005b34                ai_platform_inputs_get
 .text.ai_platform_outputs_get
                0x08005c20       0xe4 ../Middlewares/ST/AI/Lib\NetworkRuntime1020_CM4_GCC.a(ai_platform_interface.o)
                0x08005c20                ai_platform_outputs_get
 .text.ai_platform_network_create
                0x08005d04       0x84 ../Middlewares/ST/AI/Lib\NetworkRuntime1020_CM4_GCC.a(ai_platform_interface.o)
                0x08005d04                ai_platform_network_create
 .text.ai_platform_network_init
                0x08005d88      0x130 ../Middlewares/ST/AI/Lib\NetworkRuntime1020_CM4_GCC.a(ai_platform_interface.o)
                0x08005d88                ai_platform_network_init
 .text.ai_platform_network_post_init
                0x08005eb8       0x5c ../Middlewares/ST/AI/Lib\NetworkRuntime1020_CM4_GCC.a(ai_platform_interface.o)
                0x08005eb8                ai_platform_network_post_init
 .text.ai_platform_network_process
                0x08005f14      0x438 ../Middlewares/ST/AI/Lib\NetworkRuntime1020_CM4_GCC.a(ai_platform_interface.o)
                0x08005f14                ai_platform_network_process
 .text.core_init
                0x0800634c        0x4 ../Middlewares/ST/AI/Lib\NetworkRuntime1020_CM4_GCC.a(core_common.o)
                0x0800634c                core_init
 .text.core_set_error
                0x08006350       0x18 ../Middlewares/ST/AI/Lib\NetworkRuntime1020_CM4_GCC.a(core_common.o)
                0x08006350                core_set_error
 .text.ai_check_custom_types
                0x08006368       0x54 ../Middlewares/ST/AI/Lib\NetworkRuntime1020_CM4_GCC.a(layers.o)
                0x08006368                ai_check_custom_types
 .text.ai_layers_init_all
                0x080063bc       0x20 ../Middlewares/ST/AI/Lib\NetworkRuntime1020_CM4_GCC.a(layers.o)
                0x080063bc                ai_layers_init_all
 .text.ai_layers_post_init_all
                0x080063dc       0x3c ../Middlewares/ST/AI/Lib\NetworkRuntime1020_CM4_GCC.a(layers.o)
                0x080063dc                ai_layers_post_init_all
 .text.ai_layers_forward_all
                0x08006418       0x90 ../Middlewares/ST/AI/Lib\NetworkRuntime1020_CM4_GCC.a(layers.o)
                0x08006418                ai_layers_forward_all
 .text.forward_dense
                0x080064a8      0x100 ../Middlewares/ST/AI/Lib\NetworkRuntime1020_CM4_GCC.a(layers_conv2d_generic_float.o)
                0x080064a8                forward_dense
 .text.forward_relu
                0x080065a8      0x134 ../Middlewares/ST/AI/Lib\NetworkRuntime1020_CM4_GCC.a(layers_nl_generic_float.o)
                0x080065a8                forward_relu
 .text.forward_sm
                0x080066dc       0x84 ../Middlewares/ST/AI/Lib\NetworkRuntime1020_CM4_GCC.a(layers_nl_generic_float.o)
                0x080066dc                forward_sm
 .text.forward_mp
                0x08006760      0x1b8 ../Middlewares/ST/AI/Lib\NetworkRuntime1020_CM4_GCC.a(layers_pool_generic_float.o)
                0x08006760                forward_mp
 .text.forward_lite_nl_softmax_if32of32_kernel
                0x08006918       0xf0 ../Middlewares/ST/AI/Lib\NetworkRuntime1020_CM4_GCC.a(lite_nl_softmax_if32of32.o)
                0x08006918                forward_lite_nl_softmax_if32of32_kernel
 .text.forward_lite_nl_relu_generic_if32of32_kernel
                0x08006a08       0xf0 ../Middlewares/ST/AI/Lib\NetworkRuntime1020_CM4_GCC.a(lite_nl_relu_if32of32.o)
                0x08006a08                forward_lite_nl_relu_generic_if32of32_kernel
 .text.forward_lite_dense_if32of32wf32
                0x08006af8      0x2ac ../Middlewares/ST/AI/Lib\NetworkRuntime1020_CM4_GCC.a(lite_dense_if32.o)
                0x08006af8                forward_lite_dense_if32of32wf32
 .text.forward_lite_dense_if32of32wf32_lut4
                0x08006da4      0x288 ../Middlewares/ST/AI/Lib\NetworkRuntime1020_CM4_GCC.a(lite_dense_if32.o)
                0x08006da4                forward_lite_dense_if32of32wf32_lut4
 .text.forward_lite_dense_if32of32wf32_lut8
                0x0800702c      0x298 ../Middlewares/ST/AI/Lib\NetworkRuntime1020_CM4_GCC.a(lite_dense_if32.o)
                0x0800702c                forward_lite_dense_if32of32wf32_lut8
 .text.forward_lite_nl_softmax_if32of32
                0x080072c4       0x64 ../Middlewares/ST/AI/Lib\NetworkRuntime1020_CM4_GCC.a(lite_nl_generic_float.o)
                0x080072c4                forward_lite_nl_softmax_if32of32
 .text.st_int8_copy
                0x08007328      0x13c ../Middlewares/ST/AI/Lib\NetworkRuntime1020_CM4_GCC.a(st_int8_fill.o)
                0x08007328                st_int8_copy
 .text.ai_array_to_buffer_fmt
                0x08007464       0xe0 ../Middlewares/ST/AI/Lib\NetworkRuntime1020_CM4_GCC.a(ai_datatypes_format.o)
                0x08007464                ai_array_to_buffer_fmt
 .text.ai_array_get_data_byte_size
                0x08007544       0x24 ../Middlewares/ST/AI/Lib\NetworkRuntime1020_CM4_GCC.a(ai_datatypes_format.o)
                0x08007544                ai_array_get_data_byte_size
 .text.ai_version_get
                0x08007568        0xc ../Middlewares/ST/AI/Lib\NetworkRuntime1020_CM4_GCC.a(ai_datatypes_internal.o)
                0x08007568                ai_version_get
 .text.get_tensor_byte_size
                0x08007574       0x30 ../Middlewares/ST/AI/Lib\NetworkRuntime1020_CM4_GCC.a(ai_datatypes_internal.o)
                0x08007574                get_tensor_byte_size
 .text.malloc   0x080075a4       0x10 C:/ST/STM32CubeIDE_2.1.1/STM32CubeIDE/plugins/com.st.stm32cube.ide.mcu.externaltools.gnu-tools-for-stm32.14.3.rel1.win32_1.0.100.202602081740/tools/bin/../lib/gcc/arm-none-eabi/14.3.1/../../../../arm-none-eabi/lib/thumb/v7e-m+fp/hard\libc_nano.a(libc_a-malloc.o)
                0x080075a4                malloc
 .text.sbrk_aligned
                0x080075b4       0x44 C:/ST/STM32CubeIDE_2.1.1/STM32CubeIDE/plugins/com.st.stm32cube.ide.mcu.externaltools.gnu-tools-for-stm32.14.3.rel1.win32_1.0.100.202602081740/tools/bin/../lib/gcc/arm-none-eabi/14.3.1/../../../../arm-none-eabi/lib/thumb/v7e-m+fp/hard\libc_nano.a(libc_a-mallocr.o)
 .text._malloc_r
                0x080075f8      0x100 C:/ST/STM32CubeIDE_2.1.1/STM32CubeIDE/plugins/com.st.stm32cube.ide.mcu.externaltools.gnu-tools-for-stm32.14.3.rel1.win32_1.0.100.202602081740/tools/bin/../lib/gcc/arm-none-eabi/14.3.1/../../../../arm-none-eabi/lib/thumb/v7e-m+fp/hard\libc_nano.a(libc_a-mallocr.o)
                0x080075f8                _malloc_r
 .text.__malloc_lock
                0x080076f8        0xc C:/ST/STM32CubeIDE_2.1.1/STM32CubeIDE/plugins/com.st.stm32cube.ide.mcu.externaltools.gnu-tools-for-stm32.14.3.rel1.win32_1.0.100.202602081740/tools/bin/../lib/gcc/arm-none-eabi/14.3.1/../../../../arm-none-eabi/lib/thumb/v7e-m+fp/hard\libc_nano.a(libc_a-mlock.o)
                0x080076f8                __malloc_lock
 .text.__malloc_unlock
                0x08007704        0xc C:/ST/STM32CubeIDE_2.1.1/STM32CubeIDE/plugins/com.st.stm32cube.ide.mcu.externaltools.gnu-tools-for-stm32.14.3.rel1.win32_1.0.100.202602081740/tools/bin/../lib/gcc/arm-none-eabi/14.3.1/../../../../arm-none-eabi/lib/thumb/v7e-m+fp/hard\libc_nano.a(libc_a-mlock.o)
                0x08007704                __malloc_unlock
 .text._realloc_r
                0x08007710       0x5c C:/ST/STM32CubeIDE_2.1.1/STM32CubeIDE/plugins/com.st.stm32cube.ide.mcu.externaltools.gnu-tools-for-stm32.14.3.rel1.win32_1.0.100.202602081740/tools/bin/../lib/gcc/arm-none-eabi/14.3.1/../../../../arm-none-eabi/lib/thumb/v7e-m+fp/hard\libc_nano.a(libc_a-reallocr.o)
                0x08007710                _realloc_r
 .text.__cvt    0x0800776c       0xca C:/ST/STM32CubeIDE_2.1.1/STM32CubeIDE/plugins/com.st.stm32cube.ide.mcu.externaltools.gnu-tools-for-stm32.14.3.rel1.win32_1.0.100.202602081740/tools/bin/../lib/gcc/arm-none-eabi/14.3.1/../../../../arm-none-eabi/lib/thumb/v7e-m+fp/hard\libc_nano.a(libc_a-nano-vfprintf_float.o)
                0x0800776c                __cvt
 .text.__exponent
                0x08007836       0x74 C:/ST/STM32CubeIDE_2.1.1/STM32CubeIDE/plugins/com.st.stm32cube.ide.mcu.externaltools.gnu-tools-for-stm32.14.3.rel1.win32_1.0.100.202602081740/tools/bin/../lib/gcc/arm-none-eabi/14.3.1/../../../../arm-none-eabi/lib/thumb/v7e-m+fp/hard\libc_nano.a(libc_a-nano-vfprintf_float.o)
                0x08007836                __exponent
 *fill*         0x080078aa        0x2 
 .text._printf_float
                0x080078ac      0x450 C:/ST/STM32CubeIDE_2.1.1/STM32CubeIDE/plugins/com.st.stm32cube.ide.mcu.externaltools.gnu-tools-for-stm32.14.3.rel1.win32_1.0.100.202602081740/tools/bin/../lib/gcc/arm-none-eabi/14.3.1/../../../../arm-none-eabi/lib/thumb/v7e-m+fp/hard\libc_nano.a(libc_a-nano-vfprintf_float.o)
                0x080078ac                _printf_float
 .text._printf_common
                0x08007cfc       0xda C:/ST/STM32CubeIDE_2.1.1/STM32CubeIDE/plugins/com.st.stm32cube.ide.mcu.externaltools.gnu-tools-for-stm32.14.3.rel1.win32_1.0.100.202602081740/tools/bin/../lib/gcc/arm-none-eabi/14.3.1/../../../../arm-none-eabi/lib/thumb/v7e-m+fp/hard\libc_nano.a(libc_a-nano-vfprintf_i.o)
                0x08007cfc                _printf_common
 *fill*         0x08007dd6        0x2 
 .text._printf_i
                0x08007dd8      0x24c C:/ST/STM32CubeIDE_2.1.1/STM32CubeIDE/plugins/com.st.stm32cube.ide.mcu.externaltools.gnu-tools-for-stm32.14.3.rel1.win32_1.0.100.202602081740/tools/bin/../lib/gcc/arm-none-eabi/14.3.1/../../../../arm-none-eabi/lib/thumb/v7e-m+fp/hard\libc_nano.a(libc_a-nano-vfprintf_i.o)
                0x08007dd8                _printf_i
 .text._scanf_float
                0x08008024      0x418 C:/ST/STM32CubeIDE_2.1.1/STM32CubeIDE/plugins/com.st.stm32cube.ide.mcu.externaltools.gnu-tools-for-stm32.14.3.rel1.win32_1.0.100.202602081740/tools/bin/../lib/gcc/arm-none-eabi/14.3.1/../../../../arm-none-eabi/lib/thumb/v7e-m+fp/hard\libc_nano.a(libc_a-nano-vfscanf_float.o)
                0x08008024                _scanf_float
 .text.std      0x0800843c       0x6c C:/ST/STM32CubeIDE_2.1.1/STM32CubeIDE/plugins/com.st.stm32cube.ide.mcu.externaltools.gnu-tools-for-stm32.14.3.rel1.win32_1.0.100.202602081740/tools/bin/../lib/gcc/arm-none-eabi/14.3.1/../../../../arm-none-eabi/lib/thumb/v7e-m+fp/hard\libc_nano.a(libc_a-findfp.o)
 .text.stdio_exit_handler
                0x080084a8       0x18 C:/ST/STM32CubeIDE_2.1.1/STM32CubeIDE/plugins/com.st.stm32cube.ide.mcu.externaltools.gnu-tools-for-stm32.14.3.rel1.win32_1.0.100.202602081740/tools/bin/../lib/gcc/arm-none-eabi/14.3.1/../../../../arm-none-eabi/lib/thumb/v7e-m+fp/hard\libc_nano.a(libc_a-findfp.o)
 .text.cleanup_stdio
                0x080084c0       0x40 C:/ST/STM32CubeIDE_2.1.1/STM32CubeIDE/plugins/com.st.stm32cube.ide.mcu.externaltools.gnu-tools-for-stm32.14.3.rel1.win32_1.0.100.202602081740/tools/bin/../lib/gcc/arm-none-eabi/14.3.1/../../../../arm-none-eabi/lib/thumb/v7e-m+fp/hard\libc_nano.a(libc_a-findfp.o)
 .text.global_stdio_init.part.0
                0x08008500       0x40 C:/ST/STM32CubeIDE_2.1.1/STM32CubeIDE/plugins/com.st.stm32cube.ide.mcu.externaltools.gnu-tools-for-stm32.14.3.rel1.win32_1.0.100.202602081740/tools/bin/../lib/gcc/arm-none-eabi/14.3.1/../../../../arm-none-eabi/lib/thumb/v7e-m+fp/hard\libc_nano.a(libc_a-findfp.o)
 .text.__sfp_lock_acquire
                0x08008540        0xc C:/ST/STM32CubeIDE_2.1.1/STM32CubeIDE/plugins/com.st.stm32cube.ide.mcu.externaltools.gnu-tools-for-stm32.14.3.rel1.win32_1.0.100.202602081740/tools/bin/../lib/gcc/arm-none-eabi/14.3.1/../../../../arm-none-eabi/lib/thumb/v7e-m+fp/hard\libc_nano.a(libc_a-findfp.o)
                0x08008540                __sfp_lock_acquire
 .text.__sfp_lock_release
                0x0800854c        0xc C:/ST/STM32CubeIDE_2.1.1/STM32CubeIDE/plugins/com.st.stm32cube.ide.mcu.externaltools.gnu-tools-for-stm32.14.3.rel1.win32_1.0.100.202602081740/tools/bin/../lib/gcc/arm-none-eabi/14.3.1/../../../../arm-none-eabi/lib/thumb/v7e-m+fp/hard\libc_nano.a(libc_a-findfp.o)
                0x0800854c                __sfp_lock_release
 .text.__sinit  0x08008558       0x30 C:/ST/STM32CubeIDE_2.1.1/STM32CubeIDE/plugins/com.st.stm32cube.ide.mcu.externaltools.gnu-tools-for-stm32.14.3.rel1.win32_1.0.100.202602081740/tools/bin/../lib/gcc/arm-none-eabi/14.3.1/../../../../arm-none-eabi/lib/thumb/v7e-m+fp/hard\libc_nano.a(libc_a-findfp.o)
                0x08008558                __sinit
 .text._fwalk_sglue
                0x08008588       0x3c C:/ST/STM32CubeIDE_2.1.1/STM32CubeIDE/plugins/com.st.stm32cube.ide.mcu.externaltools.gnu-tools-for-stm32.14.3.rel1.win32_1.0.100.202602081740/tools/bin/../lib/gcc/arm-none-eabi/14.3.1/../../../../arm-none-eabi/lib/thumb/v7e-m+fp/hard\libc_nano.a(libc_a-fwalk.o)
                0x08008588                _fwalk_sglue
 .text.snprintf
                0x080085c4       0x6c C:/ST/STM32CubeIDE_2.1.1/STM32CubeIDE/plugins/com.st.stm32cube.ide.mcu.externaltools.gnu-tools-for-stm32.14.3.rel1.win32_1.0.100.202602081740/tools/bin/../lib/gcc/arm-none-eabi/14.3.1/../../../../arm-none-eabi/lib/thumb/v7e-m+fp/hard\libc_nano.a(libc_a-snprintf.o)
                0x080085c4                sniprintf
                0x080085c4                snprintf
 .text.sprintf  0x08008630       0x44 C:/ST/STM32CubeIDE_2.1.1/STM32CubeIDE/plugins/com.st.stm32cube.ide.mcu.externaltools.gnu-tools-for-stm32.14.3.rel1.win32_1.0.100.202602081740/tools/bin/../lib/gcc/arm-none-eabi/14.3.1/../../../../arm-none-eabi/lib/thumb/v7e-m+fp/hard\libc_nano.a(libc_a-sprintf.o)
                0x08008630                siprintf
                0x08008630                sprintf
 .text.__sread  0x08008674       0x22 C:/ST/STM32CubeIDE_2.1.1/STM32CubeIDE/plugins/com.st.stm32cube.ide.mcu.externaltools.gnu-tools-for-stm32.14.3.rel1.win32_1.0.100.202602081740/tools/bin/../lib/gcc/arm-none-eabi/14.3.1/../../../../arm-none-eabi/lib/thumb/v7e-m+fp/hard\libc_nano.a(libc_a-stdio.o)
                0x08008674                __sread
 .text.__swrite
                0x08008696       0x38 C:/ST/STM32CubeIDE_2.1.1/STM32CubeIDE/plugins/com.st.stm32cube.ide.mcu.externaltools.gnu-tools-for-stm32.14.3.rel1.win32_1.0.100.202602081740/tools/bin/../lib/gcc/arm-none-eabi/14.3.1/../../../../arm-none-eabi/lib/thumb/v7e-m+fp/hard\libc_nano.a(libc_a-stdio.o)
                0x08008696                __swrite
 .text.__sseek  0x080086ce       0x26 C:/ST/STM32CubeIDE_2.1.1/STM32CubeIDE/plugins/com.st.stm32cube.ide.mcu.externaltools.gnu-tools-for-stm32.14.3.rel1.win32_1.0.100.202602081740/tools/bin/../lib/gcc/arm-none-eabi/14.3.1/../../../../arm-none-eabi/lib/thumb/v7e-m+fp/hard\libc_nano.a(libc_a-stdio.o)
                0x080086ce                __sseek
 .text.__sclose
                0x080086f4        0x8 C:/ST/STM32CubeIDE_2.1.1/STM32CubeIDE/plugins/com.st.stm32cube.ide.mcu.externaltools.gnu-tools-for-stm32.14.3.rel1.win32_1.0.100.202602081740/tools/bin/../lib/gcc/arm-none-eabi/14.3.1/../../../../arm-none-eabi/lib/thumb/v7e-m+fp/hard\libc_nano.a(libc_a-stdio.o)
                0x080086f4                __sclose
 .text.memset   0x080086fc       0x10 C:/ST/STM32CubeIDE_2.1.1/STM32CubeIDE/plugins/com.st.stm32cube.ide.mcu.externaltools.gnu-tools-for-stm32.14.3.rel1.win32_1.0.100.202602081740/tools/bin/../lib/gcc/arm-none-eabi/14.3.1/../../../../arm-none-eabi/lib/thumb/v7e-m+fp/hard\libc_nano.a(libc_a-memset.o)
                0x080086fc                memset
 .text._localeconv_r
                0x0800870c        0x8 C:/ST/STM32CubeIDE_2.1.1/STM32CubeIDE/plugins/com.st.stm32cube.ide.mcu.externaltools.gnu-tools-for-stm32.14.3.rel1.win32_1.0.100.202602081740/tools/bin/../lib/gcc/arm-none-eabi/14.3.1/../../../../arm-none-eabi/lib/thumb/v7e-m+fp/hard\libc_nano.a(libc_a-localeconv.o)
                0x0800870c                _localeconv_r
 .text._close_r
                0x08008714       0x20 C:/ST/STM32CubeIDE_2.1.1/STM32CubeIDE/plugins/com.st.stm32cube.ide.mcu.externaltools.gnu-tools-for-stm32.14.3.rel1.win32_1.0.100.202602081740/tools/bin/../lib/gcc/arm-none-eabi/14.3.1/../../../../arm-none-eabi/lib/thumb/v7e-m+fp/hard\libc_nano.a(libc_a-closer.o)
                0x08008714                _close_r
 .text._lseek_r
                0x08008734       0x24 C:/ST/STM32CubeIDE_2.1.1/STM32CubeIDE/plugins/com.st.stm32cube.ide.mcu.externaltools.gnu-tools-for-stm32.14.3.rel1.win32_1.0.100.202602081740/tools/bin/../lib/gcc/arm-none-eabi/14.3.1/../../../../arm-none-eabi/lib/thumb/v7e-m+fp/hard\libc_nano.a(libc_a-lseekr.o)
                0x08008734                _lseek_r
 .text._read_r  0x08008758       0x24 C:/ST/STM32CubeIDE_2.1.1/STM32CubeIDE/plugins/com.st.stm32cube.ide.mcu.externaltools.gnu-tools-for-stm32.14.3.rel1.win32_1.0.100.202602081740/tools/bin/../lib/gcc/arm-none-eabi/14.3.1/../../../../arm-none-eabi/lib/thumb/v7e-m+fp/hard\libc_nano.a(libc_a-readr.o)
                0x08008758                _read_r
 .text._sbrk_r  0x0800877c       0x20 C:/ST/STM32CubeIDE_2.1.1/STM32CubeIDE/plugins/com.st.stm32cube.ide.mcu.externaltools.gnu-tools-for-stm32.14.3.rel1.win32_1.0.100.202602081740/tools/bin/../lib/gcc/arm-none-eabi/14.3.1/../../../../arm-none-eabi/lib/thumb/v7e-m+fp/hard\libc_nano.a(libc_a-sbrkr.o)
                0x0800877c                _sbrk_r
 .text._write_r
                0x0800879c       0x24 C:/ST/STM32CubeIDE_2.1.1/STM32CubeIDE/plugins/com.st.stm32cube.ide.mcu.externaltools.gnu-tools-for-stm32.14.3.rel1.win32_1.0.100.202602081740/tools/bin/../lib/gcc/arm-none-eabi/14.3.1/../../../../arm-none-eabi/lib/thumb/v7e-m+fp/hard\libc_nano.a(libc_a-writer.o)
                0x0800879c                _write_r
 .text.__errno  0x080087c0        0xc C:/ST/STM32CubeIDE_2.1.1/STM32CubeIDE/plugins/com.st.stm32cube.ide.mcu.externaltools.gnu-tools-for-stm32.14.3.rel1.win32_1.0.100.202602081740/tools/bin/../lib/gcc/arm-none-eabi/14.3.1/../../../../arm-none-eabi/lib/thumb/v7e-m+fp/hard\libc_nano.a(libc_a-errno.o)
                0x080087c0                __errno
 .text.__libc_init_array
                0x080087cc       0x48 C:/ST/STM32CubeIDE_2.1.1/STM32CubeIDE/plugins/com.st.stm32cube.ide.mcu.externaltools.gnu-tools-for-stm32.14.3.rel1.win32_1.0.100.202602081740/tools/bin/../lib/gcc/arm-none-eabi/14.3.1/../../../../arm-none-eabi/lib/thumb/v7e-m+fp/hard\libc_nano.a(libc_a-init.o)
                0x080087cc                __libc_init_array
 .text.__retarget_lock_init_recursive
                0x08008814        0x2 C:/ST/STM32CubeIDE_2.1.1/STM32CubeIDE/plugins/com.st.stm32cube.ide.mcu.externaltools.gnu-tools-for-stm32.14.3.rel1.win32_1.0.100.202602081740/tools/bin/../lib/gcc/arm-none-eabi/14.3.1/../../../../arm-none-eabi/lib/thumb/v7e-m+fp/hard\libc_nano.a(libc_a-lock.o)
                0x08008814                __retarget_lock_init_recursive
 .text.__retarget_lock_acquire_recursive
                0x08008816        0x2 C:/ST/STM32CubeIDE_2.1.1/STM32CubeIDE/plugins/com.st.stm32cube.ide.mcu.externaltools.gnu-tools-for-stm32.14.3.rel1.win32_1.0.100.202602081740/tools/bin/../lib/gcc/arm-none-eabi/14.3.1/../../../../arm-none-eabi/lib/thumb/v7e-m+fp/hard\libc_nano.a(libc_a-lock.o)
                0x08008816                __retarget_lock_acquire_recursive
 .text.__retarget_lock_release_recursive
                0x08008818        0x2 C:/ST/STM32CubeIDE_2.1.1/STM32CubeIDE/plugins/com.st.stm32cube.ide.mcu.externaltools.gnu-tools-for-stm32.14.3.rel1.win32_1.0.100.202602081740/tools/bin/../lib/gcc/arm-none-eabi/14.3.1/../../../../arm-none-eabi/lib/thumb/v7e-m+fp/hard\libc_nano.a(libc_a-lock.o)
                0x08008818                __retarget_lock_release_recursive
 .text.memcpy   0x0800881a       0x1c C:/ST/STM32CubeIDE_2.1.1/STM32CubeIDE/plugins/com.st.stm32cube.ide.mcu.externaltools.gnu-tools-for-stm32.14.3.rel1.win32_1.0.100.202602081740/tools/bin/../lib/gcc/arm-none-eabi/14.3.1/../../../../arm-none-eabi/lib/thumb/v7e-m+fp/hard\libc_nano.a(libc_a-memcpy-stub.o)
                0x0800881a                memcpy
 *fill*         0x08008836        0x2 
 .text.nanf     0x08008838        0xc C:/ST/STM32CubeIDE_2.1.1/STM32CubeIDE/plugins/com.st.stm32cube.ide.mcu.externaltools.gnu-tools-for-stm32.14.3.rel1.win32_1.0.100.202602081740/tools/bin/../lib/gcc/arm-none-eabi/14.3.1/../../../../arm-none-eabi/lib/thumb/v7e-m+fp/hard\libc_nano.a(libm_a-sf_nan.o)
                0x08008838                nanf
 .text.quorem   0x08008844      0x110 C:/ST/STM32CubeIDE_2.1.1/STM32CubeIDE/plugins/com.st.stm32cube.ide.mcu.externaltools.gnu-tools-for-stm32.14.3.rel1.win32_1.0.100.202602081740/tools/bin/../lib/gcc/arm-none-eabi/14.3.1/../../../../arm-none-eabi/lib/thumb/v7e-m+fp/hard\libc_nano.a(libc_a-dtoa.o)
 *fill*         0x08008954        0x4 
 .text._dtoa_r  0x08008958      0xbb8 C:/ST/STM32CubeIDE_2.1.1/STM32CubeIDE/plugins/com.st.stm32cube.ide.mcu.externaltools.gnu-tools-for-stm32.14.3.rel1.win32_1.0.100.202602081740/tools/bin/../lib/gcc/arm-none-eabi/14.3.1/../../../../arm-none-eabi/lib/thumb/v7e-m+fp/hard\libc_nano.a(libc_a-dtoa.o)
                0x08008958                _dtoa_r
 .text._free_r  0x08009510       0x94 C:/ST/STM32CubeIDE_2.1.1/STM32CubeIDE/plugins/com.st.stm32cube.ide.mcu.externaltools.gnu-tools-for-stm32.14.3.rel1.win32_1.0.100.202602081740/tools/bin/../lib/gcc/arm-none-eabi/14.3.1/../../../../arm-none-eabi/lib/thumb/v7e-m+fp/hard\libc_nano.a(libc_a-freer.o)
                0x08009510                _free_r
 .text._Balloc  0x080095a4       0x7c C:/ST/STM32CubeIDE_2.1.1/STM32CubeIDE/plugins/com.st.stm32cube.ide.mcu.externaltools.gnu-tools-for-stm32.14.3.rel1.win32_1.0.100.202602081740/tools/bin/../lib/gcc/arm-none-eabi/14.3.1/../../../../arm-none-eabi/lib/thumb/v7e-m+fp/hard\libc_nano.a(libc_a-mprec.o)
                0x080095a4                _Balloc
 .text._Bfree   0x08009620       0x44 C:/ST/STM32CubeIDE_2.1.1/STM32CubeIDE/plugins/com.st.stm32cube.ide.mcu.externaltools.gnu-tools-for-stm32.14.3.rel1.win32_1.0.100.202602081740/tools/bin/../lib/gcc/arm-none-eabi/14.3.1/../../../../arm-none-eabi/lib/thumb/v7e-m+fp/hard\libc_nano.a(libc_a-mprec.o)
                0x08009620                _Bfree
 .text.__multadd
                0x08009664       0x8c C:/ST/STM32CubeIDE_2.1.1/STM32CubeIDE/plugins/com.st.stm32cube.ide.mcu.externaltools.gnu-tools-for-stm32.14.3.rel1.win32_1.0.100.202602081740/tools/bin/../lib/gcc/arm-none-eabi/14.3.1/../../../../arm-none-eabi/lib/thumb/v7e-m+fp/hard\libc_nano.a(libc_a-mprec.o)
                0x08009664                __multadd
 .text.__s2b    0x080096f0       0x94 C:/ST/STM32CubeIDE_2.1.1/STM32CubeIDE/plugins/com.st.stm32cube.ide.mcu.externaltools.gnu-tools-for-stm32.14.3.rel1.win32_1.0.100.202602081740/tools/bin/../lib/gcc/arm-none-eabi/14.3.1/../../../../arm-none-eabi/lib/thumb/v7e-m+fp/hard\libc_nano.a(libc_a-mprec.o)
                0x080096f0                __s2b
 .text.__hi0bits
                0x08009784       0x3e C:/ST/STM32CubeIDE_2.1.1/STM32CubeIDE/plugins/com.st.stm32cube.ide.mcu.externaltools.gnu-tools-for-stm32.14.3.rel1.win32_1.0.100.202602081740/tools/bin/../lib/gcc/arm-none-eabi/14.3.1/../../../../arm-none-eabi/lib/thumb/v7e-m+fp/hard\libc_nano.a(libc_a-mprec.o)
                0x08009784                __hi0bits
 .text.__lo0bits
                0x080097c2       0x5a C:/ST/STM32CubeIDE_2.1.1/STM32CubeIDE/plugins/com.st.stm32cube.ide.mcu.externaltools.gnu-tools-for-stm32.14.3.rel1.win32_1.0.100.202602081740/tools/bin/../lib/gcc/arm-none-eabi/14.3.1/../../../../arm-none-eabi/lib/thumb/v7e-m+fp/hard\libc_nano.a(libc_a-mprec.o)
                0x080097c2                __lo0bits
 .text.__i2b    0x0800981c       0x2c C:/ST/STM32CubeIDE_2.1.1/STM32CubeIDE/plugins/com.st.stm32cube.ide.mcu.externaltools.gnu-tools-for-stm32.14.3.rel1.win32_1.0.100.202602081740/tools/bin/../lib/gcc/arm-none-eabi/14.3.1/../../../../arm-none-eabi/lib/thumb/v7e-m+fp/hard\libc_nano.a(libc_a-mprec.o)
                0x0800981c                __i2b
 .text.__multiply
                0x08009848      0x154 C:/ST/STM32CubeIDE_2.1.1/STM32CubeIDE/plugins/com.st.stm32cube.ide.mcu.externaltools.gnu-tools-for-stm32.14.3.rel1.win32_1.0.100.202602081740/tools/bin/../lib/gcc/arm-none-eabi/14.3.1/../../../../arm-none-eabi/lib/thumb/v7e-m+fp/hard\libc_nano.a(libc_a-mprec.o)
                0x08009848                __multiply
 .text.__pow5mult
                0x0800999c       0xb8 C:/ST/STM32CubeIDE_2.1.1/STM32CubeIDE/plugins/com.st.stm32cube.ide.mcu.externaltools.gnu-tools-for-stm32.14.3.rel1.win32_1.0.100.202602081740/tools/bin/../lib/gcc/arm-none-eabi/14.3.1/../../../../arm-none-eabi/lib/thumb/v7e-m+fp/hard\libc_nano.a(libc_a-mprec.o)
                0x0800999c                __pow5mult
 .text.__lshift
                0x08009a54       0xdc C:/ST/STM32CubeIDE_2.1.1/STM32CubeIDE/plugins/com.st.stm32cube.ide.mcu.externaltools.gnu-tools-for-stm32.14.3.rel1.win32_1.0.100.202602081740/tools/bin/../lib/gcc/arm-none-eabi/14.3.1/../../../../arm-none-eabi/lib/thumb/v7e-m+fp/hard\libc_nano.a(libc_a-mprec.o)
                0x08009a54                __lshift
 .text.__mcmp   0x08009b30       0x36 C:/ST/STM32CubeIDE_2.1.1/STM32CubeIDE/plugins/com.st.stm32cube.ide.mcu.externaltools.gnu-tools-for-stm32.14.3.rel1.win32_1.0.100.202602081740/tools/bin/../lib/gcc/arm-none-eabi/14.3.1/../../../../arm-none-eabi/lib/thumb/v7e-m+fp/hard\libc_nano.a(libc_a-mprec.o)
                0x08009b30                __mcmp
 *fill*         0x08009b66        0x2 
 .text.__mdiff  0x08009b68      0x130 C:/ST/STM32CubeIDE_2.1.1/STM32CubeIDE/plugins/com.st.stm32cube.ide.mcu.externaltools.gnu-tools-for-stm32.14.3.rel1.win32_1.0.100.202602081740/tools/bin/../lib/gcc/arm-none-eabi/14.3.1/../../../../arm-none-eabi/lib/thumb/v7e-m+fp/hard\libc_nano.a(libc_a-mprec.o)
                0x08009b68                __mdiff
 .text.__ulp    0x08009c98       0x4c C:/ST/STM32CubeIDE_2.1.1/STM32CubeIDE/plugins/com.st.stm32cube.ide.mcu.externaltools.gnu-tools-for-stm32.14.3.rel1.win32_1.0.100.202602081740/tools/bin/../lib/gcc/arm-none-eabi/14.3.1/../../../../arm-none-eabi/lib/thumb/v7e-m+fp/hard\libc_nano.a(libc_a-mprec.o)
                0x08009c98                __ulp
 .text.__b2d    0x08009ce4       0x94 C:/ST/STM32CubeIDE_2.1.1/STM32CubeIDE/plugins/com.st.stm32cube.ide.mcu.externaltools.gnu-tools-for-stm32.14.3.rel1.win32_1.0.100.202602081740/tools/bin/../lib/gcc/arm-none-eabi/14.3.1/../../../../arm-none-eabi/lib/thumb/v7e-m+fp/hard\libc_nano.a(libc_a-mprec.o)
                0x08009ce4                __b2d
 .text.__d2b    0x08009d78       0xb0 C:/ST/STM32CubeIDE_2.1.1/STM32CubeIDE/plugins/com.st.stm32cube.ide.mcu.externaltools.gnu-tools-for-stm32.14.3.rel1.win32_1.0.100.202602081740/tools/bin/../lib/gcc/arm-none-eabi/14.3.1/../../../../arm-none-eabi/lib/thumb/v7e-m+fp/hard\libc_nano.a(libc_a-mprec.o)
                0x08009d78                __d2b
 .text.__ratio  0x08009e28       0x64 C:/ST/STM32CubeIDE_2.1.1/STM32CubeIDE/plugins/com.st.stm32cube.ide.mcu.externaltools.gnu-tools-for-stm32.14.3.rel1.win32_1.0.100.202602081740/tools/bin/../lib/gcc/arm-none-eabi/14.3.1/../../../../arm-none-eabi/lib/thumb/v7e-m+fp/hard\libc_nano.a(libc_a-mprec.o)
                0x08009e28                __ratio
 .text.__copybits
                0x08009e8c       0x46 C:/ST/STM32CubeIDE_2.1.1/STM32CubeIDE/plugins/com.st.stm32cube.ide.mcu.externaltools.gnu-tools-for-stm32.14.3.rel1.win32_1.0.100.202602081740/tools/bin/../lib/gcc/arm-none-eabi/14.3.1/../../../../arm-none-eabi/lib/thumb/v7e-m+fp/hard\libc_nano.a(libc_a-mprec.o)
                0x08009e8c                __copybits
 .text.__any_on
                0x08009ed2       0x42 C:/ST/STM32CubeIDE_2.1.1/STM32CubeIDE/plugins/com.st.stm32cube.ide.mcu.externaltools.gnu-tools-for-stm32.14.3.rel1.win32_1.0.100.202602081740/tools/bin/../lib/gcc/arm-none-eabi/14.3.1/../../../../arm-none-eabi/lib/thumb/v7e-m+fp/hard\libc_nano.a(libc_a-mprec.o)
                0x08009ed2                __any_on
 .text._malloc_usable_size_r
                0x08009f14       0x10 C:/ST/STM32CubeIDE_2.1.1/STM32CubeIDE/plugins/com.st.stm32cube.ide.mcu.externaltools.gnu-tools-for-stm32.14.3.rel1.win32_1.0.100.202602081740/tools/bin/../lib/gcc/arm-none-eabi/14.3.1/../../../../arm-none-eabi/lib/thumb/v7e-m+fp/hard\libc_nano.a(libc_a-msizer.o)
                0x08009f14                _malloc_usable_size_r
 .text.sulp     0x08009f24       0x3c C:/ST/STM32CubeIDE_2.1.1/STM32CubeIDE/plugins/com.st.stm32cube.ide.mcu.externaltools.gnu-tools-for-stm32.14.3.rel1.win32_1.0.100.202602081740/tools/bin/../lib/gcc/arm-none-eabi/14.3.1/../../../../arm-none-eabi/lib/thumb/v7e-m+fp/hard\libc_nano.a(libc_a-strtod.o)
 .text._strtod_l
                0x08009f60      0xbb8 C:/ST/STM32CubeIDE_2.1.1/STM32CubeIDE/plugins/com.st.stm32cube.ide.mcu.externaltools.gnu-tools-for-stm32.14.3.rel1.win32_1.0.100.202602081740/tools/bin/../lib/gcc/arm-none-eabi/14.3.1/../../../../arm-none-eabi/lib/thumb/v7e-m+fp/hard\libc_nano.a(libc_a-strtod.o)
                0x08009f60                _strtod_l
 .text._strtod_r
                0x0800ab18        0xc C:/ST/STM32CubeIDE_2.1.1/STM32CubeIDE/plugins/com.st.stm32cube.ide.mcu.externaltools.gnu-tools-for-stm32.14.3.rel1.win32_1.0.100.202602081740/tools/bin/../lib/gcc/arm-none-eabi/14.3.1/../../../../arm-none-eabi/lib/thumb/v7e-m+fp/hard\libc_nano.a(libc_a-strtod.o)
                0x0800ab18                _strtod_r
 .text._strtol_l.isra.0
                0x0800ab24       0xf4 C:/ST/STM32CubeIDE_2.1.1/STM32CubeIDE/plugins/com.st.stm32cube.ide.mcu.externaltools.gnu-tools-for-stm32.14.3.rel1.win32_1.0.100.202602081740/tools/bin/../lib/gcc/arm-none-eabi/14.3.1/../../../../arm-none-eabi/lib/thumb/v7e-m+fp/hard\libc_nano.a(libc_a-strtol.o)
 .text._strtol_r
                0x0800ac18        0x4 C:/ST/STM32CubeIDE_2.1.1/STM32CubeIDE/plugins/com.st.stm32cube.ide.mcu.externaltools.gnu-tools-for-stm32.14.3.rel1.win32_1.0.100.202602081740/tools/bin/../lib/gcc/arm-none-eabi/14.3.1/../../../../arm-none-eabi/lib/thumb/v7e-m+fp/hard\libc_nano.a(libc_a-strtol.o)
                0x0800ac18                _strtol_r
 .text.__ssputs_r
                0x0800ac1c       0xc0 C:/ST/STM32CubeIDE_2.1.1/STM32CubeIDE/plugins/com.st.stm32cube.ide.mcu.externaltools.gnu-tools-for-stm32.14.3.rel1.win32_1.0.100.202602081740/tools/bin/../lib/gcc/arm-none-eabi/14.3.1/../../../../arm-none-eabi/lib/thumb/v7e-m+fp/hard\libc_nano.a(libc_a-nano-svfprintf.o)
                0x0800ac1c                __ssputs_r
 .text._svfprintf_r
                0x0800acdc      0x1f0 C:/ST/STM32CubeIDE_2.1.1/STM32CubeIDE/plugins/com.st.stm32cube.ide.mcu.externaltools.gnu-tools-for-stm32.14.3.rel1.win32_1.0.100.202602081740/tools/bin/../lib/gcc/arm-none-eabi/14.3.1/../../../../arm-none-eabi/lib/thumb/v7e-m+fp/hard\libc_nano.a(libc_a-nano-svfprintf.o)
                0x0800acdc                _svfiprintf_r
                0x0800acdc                _svfprintf_r
 .text.__sflush_r
                0x0800aecc      0x104 C:/ST/STM32CubeIDE_2.1.1/STM32CubeIDE/plugins/com.st.stm32cube.ide.mcu.externaltools.gnu-tools-for-stm32.14.3.rel1.win32_1.0.100.202602081740/tools/bin/../lib/gcc/arm-none-eabi/14.3.1/../../../../arm-none-eabi/lib/thumb/v7e-m+fp/hard\libc_nano.a(libc_a-fflush.o)
                0x0800aecc                __sflush_r
 .text._fflush_r
                0x0800afd0       0x50 C:/ST/STM32CubeIDE_2.1.1/STM32CubeIDE/plugins/com.st.stm32cube.ide.mcu.externaltools.gnu-tools-for-stm32.14.3.rel1.win32_1.0.100.202602081740/tools/bin/../lib/gcc/arm-none-eabi/14.3.1/../../../../arm-none-eabi/lib/thumb/v7e-m+fp/hard\libc_nano.a(libc_a-fflush.o)
                0x0800afd0                _fflush_r
 .text.memmove  0x0800b020       0x32 C:/ST/STM32CubeIDE_2.1.1/STM32CubeIDE/plugins/com.st.stm32cube.ide.mcu.externaltools.gnu-tools-for-stm32.14.3.rel1.win32_1.0.100.202602081740/tools/bin/../lib/gcc/arm-none-eabi/14.3.1/../../../../arm-none-eabi/lib/thumb/v7e-m+fp/hard\libc_nano.a(libc_a-memmove.o)
                0x0800b020                memmove
 .text.strncmp  0x0800b052       0x24 C:/ST/STM32CubeIDE_2.1.1/STM32CubeIDE/plugins/com.st.stm32cube.ide.mcu.externaltools.gnu-tools-for-stm32.14.3.rel1.win32_1.0.100.202602081740/tools/bin/../lib/gcc/arm-none-eabi/14.3.1/../../../../arm-none-eabi/lib/thumb/v7e-m+fp/hard\libc_nano.a(libc_a-strncmp.o)
                0x0800b052                strncmp
 *fill*         0x0800b076        0x2 
 .text.nan      0x0800b078       0x10 C:/ST/STM32CubeIDE_2.1.1/STM32CubeIDE/plugins/com.st.stm32cube.ide.mcu.externaltools.gnu-tools-for-stm32.14.3.rel1.win32_1.0.100.202602081740/tools/bin/../lib/gcc/arm-none-eabi/14.3.1/../../../../arm-none-eabi/lib/thumb/v7e-m+fp/hard\libc_nano.a(libm_a-s_nan.o)
                0x0800b078                nan
 .text.__assert_func
                0x0800b088       0x3c C:/ST/STM32CubeIDE_2.1.1/STM32CubeIDE/plugins/com.st.stm32cube.ide.mcu.externaltools.gnu-tools-for-stm32.14.3.rel1.win32_1.0.100.202602081740/tools/bin/../lib/gcc/arm-none-eabi/14.3.1/../../../../arm-none-eabi/lib/thumb/v7e-m+fp/hard\libc_nano.a(libc_a-assert.o)
                0x0800b088                __assert_func
 .text._calloc_r
                0x0800b0c4       0x28 C:/ST/STM32CubeIDE_2.1.1/STM32CubeIDE/plugins/com.st.stm32cube.ide.mcu.externaltools.gnu-tools-for-stm32.14.3.rel1.win32_1.0.100.202602081740/tools/bin/../lib/gcc/arm-none-eabi/14.3.1/../../../../arm-none-eabi/lib/thumb/v7e-m+fp/hard\libc_nano.a(libc_a-callocr.o)
                0x0800b0c4                _calloc_r
 .text.rshift   0x0800b0ec       0xa4 C:/ST/STM32CubeIDE_2.1.1/STM32CubeIDE/plugins/com.st.stm32cube.ide.mcu.externaltools.gnu-tools-for-stm32.14.3.rel1.win32_1.0.100.202602081740/tools/bin/../lib/gcc/arm-none-eabi/14.3.1/../../../../arm-none-eabi/lib/thumb/v7e-m+fp/hard\libc_nano.a(libc_a-gdtoa-gethex.o)
 .text.__hexdig_fun
                0x0800b190       0x2a C:/ST/STM32CubeIDE_2.1.1/STM32CubeIDE/plugins/com.st.stm32cube.ide.mcu.externaltools.gnu-tools-for-stm32.14.3.rel1.win32_1.0.100.202602081740/tools/bin/../lib/gcc/arm-none-eabi/14.3.1/../../../../arm-none-eabi/lib/thumb/v7e-m+fp/hard\libc_nano.a(libc_a-gdtoa-gethex.o)
                0x0800b190                __hexdig_fun
 *fill*         0x0800b1ba        0x2 
 .text.__gethex
                0x0800b1bc      0x420 C:/ST/STM32CubeIDE_2.1.1/STM32CubeIDE/plugins/com.st.stm32cube.ide.mcu.externaltools.gnu-tools-for-stm32.14.3.rel1.win32_1.0.100.202602081740/tools/bin/../lib/gcc/arm-none-eabi/14.3.1/../../../../arm-none-eabi/lib/thumb/v7e-m+fp/hard\libc_nano.a(libc_a-gdtoa-gethex.o)
                0x0800b1bc                __gethex
 .text.L_shift  0x0800b5dc       0x24 C:/ST/STM32CubeIDE_2.1.1/STM32CubeIDE/plugins/com.st.stm32cube.ide.mcu.externaltools.gnu-tools-for-stm32.14.3.rel1.win32_1.0.100.202602081740/tools/bin/../lib/gcc/arm-none-eabi/14.3.1/../../../../arm-none-eabi/lib/thumb/v7e-m+fp/hard\libc_nano.a(libc_a-gdtoa-hexnan.o)
 .text.__match  0x0800b600       0x28 C:/ST/STM32CubeIDE_2.1.1/STM32CubeIDE/plugins/com.st.stm32cube.ide.mcu.externaltools.gnu-tools-for-stm32.14.3.rel1.win32_1.0.100.202602081740/tools/bin/../lib/gcc/arm-none-eabi/14.3.1/../../../../arm-none-eabi/lib/thumb/v7e-m+fp/hard\libc_nano.a(libc_a-gdtoa-hexnan.o)
                0x0800b600                __match
 .text.__hexnan
                0x0800b628      0x13a C:/ST/STM32CubeIDE_2.1.1/STM32CubeIDE/plugins/com.st.stm32cube.ide.mcu.externaltools.gnu-tools-for-stm32.14.3.rel1.win32_1.0.100.202602081740/tools/bin/../lib/gcc/arm-none-eabi/14.3.1/../../../../arm-none-eabi/lib/thumb/v7e-m+fp/hard\libc_nano.a(libc_a-gdtoa-hexnan.o)
                0x0800b628                __hexnan
 .text.__ascii_mbtowc
                0x0800b762       0x24 C:/ST/STM32CubeIDE_2.1.1/STM32CubeIDE/plugins/com.st.stm32cube.ide.mcu.externaltools.gnu-tools-for-stm32.14.3.rel1.win32_1.0.100.202602081740/tools/bin/../lib/gcc/arm-none-eabi/14.3.1/../../../../arm-none-eabi/lib/thumb/v7e-m+fp/hard\libc_nano.a(libc_a-mbtowc_r.o)
                0x0800b762                __ascii_mbtowc
 .text.__ascii_wctomb
                0x0800b786       0x1a C:/ST/STM32CubeIDE_2.1.1/STM32CubeIDE/plugins/com.st.stm32cube.ide.mcu.externaltools.gnu-tools-for-stm32.14.3.rel1.win32_1.0.100.202602081740/tools/bin/../lib/gcc/arm-none-eabi/14.3.1/../../../../arm-none-eabi/lib/thumb/v7e-m+fp/hard\libc_nano.a(libc_a-wctomb_r.o)
                0x0800b786                __ascii_wctomb
 .text.fprintf  0x0800b7a0       0x24 C:/ST/STM32CubeIDE_2.1.1/STM32CubeIDE/plugins/com.st.stm32cube.ide.mcu.externaltools.gnu-tools-for-stm32.14.3.rel1.win32_1.0.100.202602081740/tools/bin/../lib/gcc/arm-none-eabi/14.3.1/../../../../arm-none-eabi/lib/thumb/v7e-m+fp/hard\libc_nano.a(libc_a-fprintf.o)
                0x0800b7a0                fiprintf
                0x0800b7a0                fprintf
 .text.abort    0x0800b7c4        0xe C:/ST/STM32CubeIDE_2.1.1/STM32CubeIDE/plugins/com.st.stm32cube.ide.mcu.externaltools.gnu-tools-for-stm32.14.3.rel1.win32_1.0.100.202602081740/tools/bin/../lib/gcc/arm-none-eabi/14.3.1/../../../../arm-none-eabi/lib/thumb/v7e-m+fp/hard\libc_nano.a(libc_a-abort.o)
                0x0800b7c4                abort
 .text.__sfputc_r
                0x0800b7d2       0x2e C:/ST/STM32CubeIDE_2.1.1/STM32CubeIDE/plugins/com.st.stm32cube.ide.mcu.externaltools.gnu-tools-for-stm32.14.3.rel1.win32_1.0.100.202602081740/tools/bin/../lib/gcc/arm-none-eabi/14.3.1/../../../../arm-none-eabi/lib/thumb/v7e-m+fp/hard\libc_nano.a(libc_a-nano-vfprintf.o)
 .text.__sfputs_r
                0x0800b800       0x24 C:/ST/STM32CubeIDE_2.1.1/STM32CubeIDE/plugins/com.st.stm32cube.ide.mcu.externaltools.gnu-tools-for-stm32.14.3.rel1.win32_1.0.100.202602081740/tools/bin/../lib/gcc/arm-none-eabi/14.3.1/../../../../arm-none-eabi/lib/thumb/v7e-m+fp/hard\libc_nano.a(libc_a-nano-vfprintf.o)
                0x0800b800                __sfputs_r
 .text._vfprintf_r
                0x0800b824      0x228 C:/ST/STM32CubeIDE_2.1.1/STM32CubeIDE/plugins/com.st.stm32cube.ide.mcu.externaltools.gnu-tools-for-stm32.14.3.rel1.win32_1.0.100.202602081740/tools/bin/../lib/gcc/arm-none-eabi/14.3.1/../../../../arm-none-eabi/lib/thumb/v7e-m+fp/hard\libc_nano.a(libc_a-nano-vfprintf.o)
                0x0800b824                _vfprintf_r
                0x0800b824                _vfiprintf_r
 .text.__swbuf_r
                0x0800ba4c       0x7c C:/ST/STM32CubeIDE_2.1.1/STM32CubeIDE/plugins/com.st.stm32cube.ide.mcu.externaltools.gnu-tools-for-stm32.14.3.rel1.win32_1.0.100.202602081740/tools/bin/../lib/gcc/arm-none-eabi/14.3.1/../../../../arm-none-eabi/lib/thumb/v7e-m+fp/hard\libc_nano.a(libc_a-wbuf.o)
                0x0800ba4c                __swbuf_r
 .text.__swsetup_r
                0x0800bac8       0xa8 C:/ST/STM32CubeIDE_2.1.1/STM32CubeIDE/plugins/com.st.stm32cube.ide.mcu.externaltools.gnu-tools-for-stm32.14.3.rel1.win32_1.0.100.202602081740/tools/bin/../lib/gcc/arm-none-eabi/14.3.1/../../../../arm-none-eabi/lib/thumb/v7e-m+fp/hard\libc_nano.a(libc_a-wsetup.o)
                0x0800bac8                __swsetup_r
 .text._raise_r
                0x0800bb70       0x50 C:/ST/STM32CubeIDE_2.1.1/STM32CubeIDE/plugins/com.st.stm32cube.ide.mcu.externaltools.gnu-tools-for-stm32.14.3.rel1.win32_1.0.100.202602081740/tools/bin/../lib/gcc/arm-none-eabi/14.3.1/../../../../arm-none-eabi/lib/thumb/v7e-m+fp/hard\libc_nano.a(libc_a-signal.o)
                0x0800bb70                _raise_r
 .text.raise    0x0800bbc0       0x10 C:/ST/STM32CubeIDE_2.1.1/STM32CubeIDE/plugins/com.st.stm32cube.ide.mcu.externaltools.gnu-tools-for-stm32.14.3.rel1.win32_1.0.100.202602081740/tools/bin/../lib/gcc/arm-none-eabi/14.3.1/../../../../arm-none-eabi/lib/thumb/v7e-m+fp/hard\libc_nano.a(libc_a-signal.o)
                0x0800bbc0                raise
 .text._kill_r  0x0800bbd0       0x24 C:/ST/STM32CubeIDE_2.1.1/STM32CubeIDE/plugins/com.st.stm32cube.ide.mcu.externaltools.gnu-tools-for-stm32.14.3.rel1.win32_1.0.100.202602081740/tools/bin/../lib/gcc/arm-none-eabi/14.3.1/../../../../arm-none-eabi/lib/thumb/v7e-m+fp/hard\libc_nano.a(libc_a-signalr.o)
                0x0800bbd0                _kill_r
 .text._getpid_r
                0x0800bbf4        0x4 C:/ST/STM32CubeIDE_2.1.1/STM32CubeIDE/plugins/com.st.stm32cube.ide.mcu.externaltools.gnu-tools-for-stm32.14.3.rel1.win32_1.0.100.202602081740/tools/bin/../lib/gcc/arm-none-eabi/14.3.1/../../../../arm-none-eabi/lib/thumb/v7e-m+fp/hard\libc_nano.a(libc_a-signalr.o)
                0x0800bbf4                _getpid_r
 .text.__swhatbuf_r
                0x0800bbf8       0x48 C:/ST/STM32CubeIDE_2.1.1/STM32CubeIDE/plugins/com.st.stm32cube.ide.mcu.externaltools.gnu-tools-for-stm32.14.3.rel1.win32_1.0.100.202602081740/tools/bin/../lib/gcc/arm-none-eabi/14.3.1/../../../../arm-none-eabi/lib/thumb/v7e-m+fp/hard\libc_nano.a(libc_a-makebuf.o)
                0x0800bbf8                __swhatbuf_r
 .text.__smakebuf_r
                0x0800bc40       0x72 C:/ST/STM32CubeIDE_2.1.1/STM32CubeIDE/plugins/com.st.stm32cube.ide.mcu.externaltools.gnu-tools-for-stm32.14.3.rel1.win32_1.0.100.202602081740/tools/bin/../lib/gcc/arm-none-eabi/14.3.1/../../../../arm-none-eabi/lib/thumb/v7e-m+fp/hard\libc_nano.a(libc_a-makebuf.o)
                0x0800bc40                __smakebuf_r
 *fill*         0x0800bcb2        0x2 
 .text._fstat_r
                0x0800bcb4       0x24 C:/ST/STM32CubeIDE_2.1.1/STM32CubeIDE/plugins/com.st.stm32cube.ide.mcu.externaltools.gnu-tools-for-stm32.14.3.rel1.win32_1.0.100.202602081740/tools/bin/../lib/gcc/arm-none-eabi/14.3.1/../../../../arm-none-eabi/lib/thumb/v7e-m+fp/hard\libc_nano.a(libc_a-fstatr.o)
                0x0800bcb4                _fstat_r
 .text._isatty_r
                0x0800bcd8       0x20 C:/ST/STM32CubeIDE_2.1.1/STM32CubeIDE/plugins/com.st.stm32cube.ide.mcu.externaltools.gnu-tools-for-stm32.14.3.rel1.win32_1.0.100.202602081740/tools/bin/../lib/gcc/arm-none-eabi/14.3.1/../../../../arm-none-eabi/lib/thumb/v7e-m+fp/hard\libc_nano.a(libc_a-isattyr.o)
                0x0800bcd8                _isatty_r
 .text.expf     0x0800bcf8       0x78 C:/ST/STM32CubeIDE_2.1.1/STM32CubeIDE/plugins/com.st.stm32cube.ide.mcu.externaltools.gnu-tools-for-stm32.14.3.rel1.win32_1.0.100.202602081740/tools/bin/../lib/gcc/arm-none-eabi/14.3.1/../../../../arm-none-eabi/lib/thumb/v7e-m+fp/hard\libm.a(libm_a-wf_exp.o)
                0x0800bcf8                expf
 .text.finitef  0x0800bd70       0x14 C:/ST/STM32CubeIDE_2.1.1/STM32CubeIDE/plugins/com.st.stm32cube.ide.mcu.externaltools.gnu-tools-for-stm32.14.3.rel1.win32_1.0.100.202602081740/tools/bin/../lib/gcc/arm-none-eabi/14.3.1/../../../../arm-none-eabi/lib/thumb/v7e-m+fp/hard\libm.a(libm_a-sf_finite.o)
                0x0800bd70                finitef
 .text.with_errnof
                0x0800bd84       0x1c C:/ST/STM32CubeIDE_2.1.1/STM32CubeIDE/plugins/com.st.stm32cube.ide.mcu.externaltools.gnu-tools-for-stm32.14.3.rel1.win32_1.0.100.202602081740/tools/bin/../lib/gcc/arm-none-eabi/14.3.1/../../../../arm-none-eabi/lib/thumb/v7e-m+fp/hard\libm.a(libm_a-math_errf.o)
 .text.xflowf   0x0800bda0       0x20 C:/ST/STM32CubeIDE_2.1.1/STM32CubeIDE/plugins/com.st.stm32cube.ide.mcu.externaltools.gnu-tools-for-stm32.14.3.rel1.win32_1.0.100.202602081740/tools/bin/../lib/gcc/arm-none-eabi/14.3.1/../../../../arm-none-eabi/lib/thumb/v7e-m+fp/hard\libm.a(libm_a-math_errf.o)
 .text.__math_uflowf
                0x0800bdc0        0xc C:/ST/STM32CubeIDE_2.1.1/STM32CubeIDE/plugins/com.st.stm32cube.ide.mcu.externaltools.gnu-tools-for-stm32.14.3.rel1.win32_1.0.100.202602081740/tools/bin/../lib/gcc/arm-none-eabi/14.3.1/../../../../arm-none-eabi/lib/thumb/v7e-m+fp/hard\libm.a(libm_a-math_errf.o)
                0x0800bdc0                __math_uflowf
 .text.__math_oflowf
                0x0800bdcc        0xc C:/ST/STM32CubeIDE_2.1.1/STM32CubeIDE/plugins/com.st.stm32cube.ide.mcu.externaltools.gnu-tools-for-stm32.14.3.rel1.win32_1.0.100.202602081740/tools/bin/../lib/gcc/arm-none-eabi/14.3.1/../../../../arm-none-eabi/lib/thumb/v7e-m+fp/hard\libm.a(libm_a-math_errf.o)
                0x0800bdcc                __math_oflowf
 .text.__ieee754_expf
                0x0800bdd8      0x1e8 C:/ST/STM32CubeIDE_2.1.1/STM32CubeIDE/plugins/com.st.stm32cube.ide.mcu.externaltools.gnu-tools-for-stm32.14.3.rel1.win32_1.0.100.202602081740/tools/bin/../lib/gcc/arm-none-eabi/14.3.1/../../../../arm-none-eabi/lib/thumb/v7e-m+fp/hard\libm.a(libm_a-ef_exp.o)
                0x0800bdd8                __ieee754_expf
 .text._close   0x0800bfc0       0x10 C:/ST/STM32CubeIDE_2.1.1/STM32CubeIDE/plugins/com.st.stm32cube.ide.mcu.externaltools.gnu-tools-for-stm32.14.3.rel1.win32_1.0.100.202602081740/tools/bin/../lib/gcc/arm-none-eabi/14.3.1/../../../../arm-none-eabi/lib/thumb/v7e-m+fp/hard\libnosys.a(close.o)
                0x0800bfc0                _close
 .text._fstat   0x0800bfd0       0x10 C:/ST/STM32CubeIDE_2.1.1/STM32CubeIDE/plugins/com.st.stm32cube.ide.mcu.externaltools.gnu-tools-for-stm32.14.3.rel1.win32_1.0.100.202602081740/tools/bin/../lib/gcc/arm-none-eabi/14.3.1/../../../../arm-none-eabi/lib/thumb/v7e-m+fp/hard\libnosys.a(fstat.o)
                0x0800bfd0                _fstat
 .text._getpid  0x0800bfe0       0x10 C:/ST/STM32CubeIDE_2.1.1/STM32CubeIDE/plugins/com.st.stm32cube.ide.mcu.externaltools.gnu-tools-for-stm32.14.3.rel1.win32_1.0.100.202602081740/tools/bin/../lib/gcc/arm-none-eabi/14.3.1/../../../../arm-none-eabi/lib/thumb/v7e-m+fp/hard\libnosys.a(getpid.o)
                0x0800bfe0                _getpid
 .text._isatty  0x0800bff0       0x10 C:/ST/STM32CubeIDE_2.1.1/STM32CubeIDE/plugins/com.st.stm32cube.ide.mcu.externaltools.gnu-tools-for-stm32.14.3.rel1.win32_1.0.100.202602081740/tools/bin/../lib/gcc/arm-none-eabi/14.3.1/../../../../arm-none-eabi/lib/thumb/v7e-m+fp/hard\libnosys.a(isatty.o)
                0x0800bff0                _isatty
 .text._kill    0x0800c000       0x10 C:/ST/STM32CubeIDE_2.1.1/STM32CubeIDE/plugins/com.st.stm32cube.ide.mcu.externaltools.gnu-tools-for-stm32.14.3.rel1.win32_1.0.100.202602081740/tools/bin/../lib/gcc/arm-none-eabi/14.3.1/../../../../arm-none-eabi/lib/thumb/v7e-m+fp/hard\libnosys.a(kill.o)
                0x0800c000                _kill
 .text._lseek   0x0800c010       0x10 C:/ST/STM32CubeIDE_2.1.1/STM32CubeIDE/plugins/com.st.stm32cube.ide.mcu.externaltools.gnu-tools-for-stm32.14.3.rel1.win32_1.0.100.202602081740/tools/bin/../lib/gcc/arm-none-eabi/14.3.1/../../../../arm-none-eabi/lib/thumb/v7e-m+fp/hard\libnosys.a(lseek.o)
                0x0800c010                _lseek
 .text._read    0x0800c020       0x10 C:/ST/STM32CubeIDE_2.1.1/STM32CubeIDE/plugins/com.st.stm32cube.ide.mcu.externaltools.gnu-tools-for-stm32.14.3.rel1.win32_1.0.100.202602081740/tools/bin/../lib/gcc/arm-none-eabi/14.3.1/../../../../arm-none-eabi/lib/thumb/v7e-m+fp/hard\libnosys.a(read.o)
                0x0800c020                _read
 .text._write   0x0800c030       0x10 C:/ST/STM32CubeIDE_2.1.1/STM32CubeIDE/plugins/com.st.stm32cube.ide.mcu.externaltools.gnu-tools-for-stm32.14.3.rel1.win32_1.0.100.202602081740/tools/bin/../lib/gcc/arm-none-eabi/14.3.1/../../../../arm-none-eabi/lib/thumb/v7e-m+fp/hard\libnosys.a(write.o)
                0x0800c030                _write
 .text._exit    0x0800c040        0x4 C:/ST/STM32CubeIDE_2.1.1/STM32CubeIDE/plugins/com.st.stm32cube.ide.mcu.externaltools.gnu-tools-for-stm32.14.3.rel1.win32_1.0.100.202602081740/tools/bin/../lib/gcc/arm-none-eabi/14.3.1/../../../../arm-none-eabi/lib/thumb/v7e-m+fp/hard\libnosys.a(_exit.o)
                0x0800c040                _exit
 *(.glue_7)
 .glue_7        0x0800c044        0x0 linker stubs
 *(.glue_7t)
 .glue_7t       0x0800c044        0x0 linker stubs
 *(.eh_frame)
 .eh_frame      0x0800c044        0x0 C:/ST/STM32CubeIDE_2.1.1/STM32CubeIDE/plugins/com.st.stm32cube.ide.mcu.externaltools.gnu-tools-for-stm32.14.3.rel1.win32_1.0.100.202602081740/tools/bin/../lib/gcc/arm-none-eabi/14.3.1/thumb/v7e-m+fp/hard/crtbegin.o
 *(.init)
 .init          0x0800c044        0x4 C:/ST/STM32CubeIDE_2.1.1/STM32CubeIDE/plugins/com.st.stm32cube.ide.mcu.externaltools.gnu-tools-for-stm32.14.3.rel1.win32_1.0.100.202602081740/tools/bin/../lib/gcc/arm-none-eabi/14.3.1/thumb/v7e-m+fp/hard/crti.o
                0x0800c044                _init
 .init          0x0800c048        0x8 C:/ST/STM32CubeIDE_2.1.1/STM32CubeIDE/plugins/com.st.stm32cube.ide.mcu.externaltools.gnu-tools-for-stm32.14.3.rel1.win32_1.0.100.202602081740/tools/bin/../lib/gcc/arm-none-eabi/14.3.1/thumb/v7e-m+fp/hard/crtn.o
 *(.fini)
 .fini          0x0800c050        0x4 C:/ST/STM32CubeIDE_2.1.1/STM32CubeIDE/plugins/com.st.stm32cube.ide.mcu.externaltools.gnu-tools-for-stm32.14.3.rel1.win32_1.0.100.202602081740/tools/bin/../lib/gcc/arm-none-eabi/14.3.1/thumb/v7e-m+fp/hard/crti.o
                0x0800c050                _fini
 .fini          0x0800c054        0x8 C:/ST/STM32CubeIDE_2.1.1/STM32CubeIDE/plugins/com.st.stm32cube.ide.mcu.externaltools.gnu-tools-for-stm32.14.3.rel1.win32_1.0.100.202602081740/tools/bin/../lib/gcc/arm-none-eabi/14.3.1/thumb/v7e-m+fp/hard/crtn.o
                0x0800c05c                        . = ALIGN (0x4)
                0x0800c05c                        _etext = .

.vfp11_veneer   0x0800c05c        0x0
 .vfp11_veneer  0x0800c05c        0x0 linker stubs

.v4_bx          0x0800c05c        0x0
 .v4_bx         0x0800c05c        0x0 linker stubs

.iplt           0x0800c05c        0x0
 .iplt          0x0800c05c        0x0 C:/ST/STM32CubeIDE_2.1.1/STM32CubeIDE/plugins/com.st.stm32cube.ide.mcu.externaltools.gnu-tools-for-stm32.14.3.rel1.win32_1.0.100.202602081740/tools/bin/../lib/gcc/arm-none-eabi/14.3.1/thumb/v7e-m+fp/hard/crtbegin.o

.rodata         0x0800c060    0x220ec
                0x0800c060                        . = ALIGN (0x4)
 *(.rodata)
 *(.rodata*)
 .rodata.main.str1.1
                0x0800c060      0x20f ./Core/Src/main.o
                                 0x39 (size before relaxing)
 *fill*         0x0800c26f        0x1 
 .rodata.MSIRangeTable
                0x0800c270       0x30 ./Core/Src/system_stm32l4xx.o
                0x0800c270                MSIRangeTable
 .rodata.APBPrescTable
                0x0800c2a0        0x8 ./Core/Src/system_stm32l4xx.o
                0x0800c2a0                APBPrescTable
 .rodata.AHBPrescTable
                0x0800c2a8       0x10 ./Core/Src/system_stm32l4xx.o
                0x0800c2a8                AHBPrescTable
 .rodata.pool_1_chain
                0x0800c2b8        0x8 ./X-CUBE-AI/App/network.o
 .rodata.gemm_7_chain
                0x0800c2c0        0x8 ./X-CUBE-AI/App/network.o
 .rodata.nl_7_nl_chain
                0x0800c2c8        0x8 ./X-CUBE-AI/App/network.o
 .rodata.gemm_8_chain
                0x0800c2d0        0x8 ./X-CUBE-AI/App/network.o
 .rodata.nl_8_nl_chain
                0x0800c2d8        0x8 ./X-CUBE-AI/App/network.o
 .rodata.gemm_9_chain
                0x0800c2e0        0x8 ./X-CUBE-AI/App/network.o
 .rodata.nl_10_chain
                0x0800c2e8        0x8 ./X-CUBE-AI/App/network.o
 *fill*         0x0800c2f0       0x10 
 .rodata.s_network_weights_array_u64