Archive member included to satisfy reference by file (symbol)

C:\Users\User\Documents\GitHub\ECEN340_project\MCU_ML\CMSIS_DSP\libarm_cortexM4lf_math.a(arm_const_structs.o)
                              ./Core/Src/main.o (arm_cfft_sR_q15_len1024)
C:\Users\User\Documents\GitHub\ECEN340_project\MCU_ML\CMSIS_DSP\libarm_cortexM4lf_math.a(arm_common_tables.o)
                              C:\Users\User\Documents\GitHub\ECEN340_project\MCU_ML\CMSIS_DSP\libarm_cortexM4lf_math.a(arm_const_structs.o) (realCoefBQ15)
C:\Users\User\Documents\GitHub\ECEN340_project\MCU_ML\CMSIS_DSP\libarm_cortexM4lf_math.a(arm_cfft_q15.o)
                              ./Core/Src/main.o (arm_cfft_q15)
C:\Users\User\Documents\GitHub\ECEN340_project\MCU_ML\CMSIS_DSP\libarm_cortexM4lf_math.a(arm_cfft_radix4_q15.o)
                              C:\Users\User\Documents\GitHub\ECEN340_project\MCU_ML\CMSIS_DSP\libarm_cortexM4lf_math.a(arm_cfft_q15.o) (arm_radix4_butterfly_q15)
C:\Users\User\Documents\GitHub\ECEN340_project\MCU_ML\CMSIS_DSP\libarm_cortexM4lf_math.a(arm_bitreversal2.o)
                              C:\Users\User\Documents\GitHub\ECEN340_project\MCU_ML\CMSIS_DSP\libarm_cortexM4lf_math.a(arm_cfft_q15.o) (arm_bitreversal_16)
C:\Users\User\Documents\GitHub\ECEN340_project\MCU_ML\CMSIS_DSP\libarm_cortexM4lf_math.a(arm_bitreversal.o)
                              C:\Users\User\Documents\GitHub\ECEN340_project\MCU_ML\CMSIS_DSP\libarm_cortexM4lf_math.a(arm_cfft_radix4_q15.o) (arm_bitreversal_q15)
C:\Users\User\Documents\GitHub\ECEN340_project\MCU_ML\CMSIS_DSP\libarm_cortexM4lf_math.a(arm_cmplx_mag_q15.o)
                              ./Core/Src/main.o (arm_cmplx_mag_q15)
C:\Users\User\Documents\GitHub\ECEN340_project\MCU_ML\CMSIS_DSP\libarm_cortexM4lf_math.a(arm_sqrt_q15.o)
                              C:\Users\User\Documents\GitHub\ECEN340_project\MCU_ML\CMSIS_DSP\libarm_cortexM4lf_math.a(arm_cmplx_mag_q15.o) (arm_sqrt_q15)
C:/ST/STM32CubeIDE_2.1.1/STM32CubeIDE/plugins/com.st.stm32cube.ide.mcu.externaltools.gnu-tools-for-stm32.14.3.rel1.win32_1.0.100.202602081740/tools/bin/../lib/gcc/arm-none-eabi/14.3.1/../../../../arm-none-eabi/lib/thumb/v7e-m+fp/hard\libc_nano.a(libc_a-exit.o)
                              C:/ST/STM32CubeIDE_2.1.1/STM32CubeIDE/plugins/com.st.stm32cube.ide.mcu.externaltools.gnu-tools-for-stm32.14.3.rel1.win32_1.0.100.202602081740/tools/bin/../lib/gcc/arm-none-eabi/14.3.1/../../../../arm-none-eabi/lib/thumb/v7e-m+fp/hard/crt0.o (exit)
C:/ST/STM32CubeIDE_2.1.1/STM32CubeIDE/plugins/com.st.stm32cube.ide.mcu.externaltools.gnu-tools-for-stm32.14.3.rel1.win32_1.0.100.202602081740/tools/bin/../lib/gcc/arm-none-eabi/14.3.1/../../../../arm-none-eabi/lib/thumb/v7e-m+fp/hard\libc_nano.a(libc_a-findfp.o)
                              C:/ST/STM32CubeIDE_2.1.1/STM32CubeIDE/plugins/com.st.stm32cube.ide.mcu.externaltools.gnu-tools-for-stm32.14.3.rel1.win32_1.0.100.202602081740/tools/bin/../lib/gcc/arm-none-eabi/14.3.1/../../../../arm-none-eabi/lib/thumb/v7e-m+fp/hard\libc_nano.a(libc_a-exit.o) (__stdio_exit_handler)
C:/ST/STM32CubeIDE_2.1.1/STM32CubeIDE/plugins/com.st.stm32cube.ide.mcu.externaltools.gnu-tools-for-stm32.14.3.rel1.win32_1.0.100.202602081740/tools/bin/../lib/gcc/arm-none-eabi/14.3.1/../../../../arm-none-eabi/lib/thumb/v7e-m+fp/hard\libc_nano.a(libc_a-fwalk.o)
                              C:/ST/STM32CubeIDE_2.1.1/STM32CubeIDE/plugins/com.st.stm32cube.ide.mcu.externaltools.gnu-tools-for-stm32.14.3.rel1.win32_1.0.100.202602081740/tools/bin/../lib/gcc/arm-none-eabi/14.3.1/../../../../arm-none-eabi/lib/thumb/v7e-m+fp/hard\libc_nano.a(libc_a-findfp.o) (_fwalk_sglue)
C:/ST/STM32CubeIDE_2.1.1/STM32CubeIDE/plugins/com.st.stm32cube.ide.mcu.externaltools.gnu-tools-for-stm32.14.3.rel1.win32_1.0.100.202602081740/tools/bin/../lib/gcc/arm-none-eabi/14.3.1/../../../../arm-none-eabi/lib/thumb/v7e-m+fp/hard\libc_nano.a(libc_a-stdio.o)
                              C:/ST/STM32CubeIDE_2.1.1/STM32CubeIDE/plugins/com.st.stm32cube.ide.mcu.externaltools.gnu-tools-for-stm32.14.3.rel1.win32_1.0.100.202602081740/tools/bin/../lib/gcc/arm-none-eabi/14.3.1/../../../../arm-none-eabi/lib/thumb/v7e-m+fp/hard\libc_nano.a(libc_a-findfp.o) (__sread)
C:/ST/STM32CubeIDE_2.1.1/STM32CubeIDE/plugins/com.st.stm32cube.ide.mcu.externaltools.gnu-tools-for-stm32.14.3.rel1.win32_1.0.100.202602081740/tools/bin/../lib/gcc/arm-none-eabi/14.3.1/../../../../arm-none-eabi/lib/thumb/v7e-m+fp/hard\libc_nano.a(libc_a-memset.o)
                              C:/ST/STM32CubeIDE_2.1.1/STM32CubeIDE/plugins/com.st.stm32cube.ide.mcu.externaltools.gnu-tools-for-stm32.14.3.rel1.win32_1.0.100.202602081740/tools/bin/../lib/gcc/arm-none-eabi/14.3.1/../../../../arm-none-eabi/lib/thumb/v7e-m+fp/hard/crt0.o (memset)
C:/ST/STM32CubeIDE_2.1.1/STM32CubeIDE/plugins/com.st.stm32cube.ide.mcu.externaltools.gnu-tools-for-stm32.14.3.rel1.win32_1.0.100.202602081740/tools/bin/../lib/gcc/arm-none-eabi/14.3.1/../../../../arm-none-eabi/lib/thumb/v7e-m+fp/hard\libc_nano.a(libc_a-closer.o)
[...]
Memory Configuration

Name             Origin             Length             Attributes
RAM              0x20000000         0x00018000         xrw
RAM2             0x10000000         0x00008000         xrw
FLASH            0x08000000         0x00100000         xr
*default*        0x00000000         0xffffffff

Linker script and memory map

LOAD C:/ST/STM32CubeIDE_2.1.1/STM32CubeIDE/plugins/com.st.stm32cube.ide.mcu.externaltools.gnu-tools-for-stm32.14.3.rel1.win32_1.0.100.202602081740/tools/bin/../lib/gcc/arm-none-eabi/14.3.1/thumb/v7e-m+fp/hard/crti.o
LOAD C:/ST/STM32CubeIDE_2.1.1/STM32CubeIDE/plugins/com.st.stm32cube.ide.mcu.externaltools.gnu-tools-for-stm32.14.3.rel1.win32_1.0.100.202602081740/tools/bin/../lib/gcc/arm-none-eabi/14.3.1/thumb/v7e-m+fp/hard/crtbegin.o
LOAD C:/ST/STM32CubeIDE_2.1.1/STM32CubeIDE/plugins/com.st.stm32cube.ide.mcu.externaltools.gnu-tools-for-stm32.14.3.rel1.win32_1.0.100.202602081740/tools/bin/../lib/gcc/arm-none-eabi/14.3.1/../../../../arm-none-eabi/lib/thumb/v7e-m+fp/hard/crt0.o
LOAD ./Core/Src/main.o
LOAD ./Core/Src/stm32l4xx_hal_msp.o
LOAD ./Core/Src/stm32l4xx_it.o
LOAD ./Core/Src/syscalls.o
LOAD ./Core/Src/sysmem.o
LOAD ./Core/Src/system_stm32l4xx.o
LOAD ./Core/Startup/startup_stm32l476rgtx.o
LOAD ./Drivers/STM32L4xx_HAL_Driver/Src/stm32l4xx_hal.o
LOAD ./Drivers/STM32L4xx_HAL_Driver/Src/stm32l4xx_hal_cortex.o
LOAD ./Drivers/STM32L4xx_HAL_Driver/Src/stm32l4xx_hal_dma.o
LOAD ./Drivers/STM32L4xx_HAL_Driver/Src/stm32l4xx_hal_dma_ex.o
LOAD ./Drivers/STM32L4xx_HAL_Driver/Src/stm32l4xx_hal_exti.o
LOAD ./Drivers/STM32L4xx_HAL_Driver/Src/stm32l4xx_hal_flash.o
LOAD ./Drivers/STM32L4xx_HAL_Driver/Src/stm32l4xx_hal_flash_ex.o
LOAD ./Drivers/STM32L4xx_HAL_Driver/Src/stm32l4xx_hal_flash_ramfunc.o
LOAD ./Drivers/STM32L4xx_HAL_Driver/Src/stm32l4xx_hal_gpio.o
LOAD ./Drivers/STM32L4xx_HAL_Driver/Src/stm32l4xx_hal_i2c.o
LOAD ./Drivers/STM32L4xx_HAL_Driver/Src/stm32l4xx_hal_i2c_ex.o
LOAD ./Drivers/STM32L4xx_HAL_Driver/Src/stm32l4xx_hal_pwr.o
LOAD ./Drivers/STM32L4xx_HAL_Driver/Src/stm32l4xx_hal_pwr_ex.o
LOAD ./Drivers/STM32L4xx_HAL_Driver/Src/stm32l4xx_hal_rcc.o
LOAD ./Drivers/STM32L4xx_HAL_Driver/Src/stm32l4xx_hal_rcc_ex.o
LOAD ./Drivers/STM32L4xx_HAL_Driver/Src/stm32l4xx_hal_spi.o
LOAD ./Drivers/STM32L4xx_HAL_Driver/Src/stm32l4xx_hal_spi_ex.o
LOAD ./Drivers/STM32L4xx_HAL_Driver/Src/stm32l4xx_hal_tim.o
LOAD ./Drivers/STM32L4xx_HAL_Driver/Src/stm32l4xx_hal_tim_ex.o
LOAD ./Drivers/STM32L4xx_HAL_Driver/Src/stm32l4xx_hal_uart.o
LOAD ./Drivers/STM32L4xx_HAL_Driver/Src/stm32l4xx_hal_uart_ex.o
LOAD C:\Users\User\Documents\GitHub\ECEN340_project\MCU_ML\CMSIS_DSP\libarm_cortexM4lf_math.a
START GROUP
LOAD C:/ST/STM32CubeIDE_2.1.1/STM32CubeIDE/plugins/com.st.stm32cube.ide.mcu.externaltools.gnu-tools-for-stm32.14.3.rel1.win32_1.0.100.202602081740/tools/bin/../lib/gcc/arm-none-eabi/14.3.1/../../../../arm-none-eabi/lib/thumb/v7e-m+fp/hard\libc_nano.a
LOAD C:/ST/STM32CubeIDE_2.1.1/STM32CubeIDE/plugins/com.st.stm32cube.ide.mcu.externaltools.gnu-tools-for-stm32.14.3.rel1.win32_1.0.100.202602081740/tools/bin/../lib/gcc/arm-none-eabi/14.3.1/../../../../arm-none-eabi/lib/thumb/v7e-m+fp/hard\libm.a
END GROUP
START GROUP
LOAD C:/ST/STM32CubeIDE_2.1.1/STM32CubeIDE/plugins/com.st.stm32cube.ide.mcu.externaltools.gnu-tools-for-stm32.14.3.rel1.win32_1.0.100.202602081740/tools/bin/../lib/gcc/arm-none-eabi/14.3.1/thumb/v7e-m+fp/hard\libgcc.a
LOAD C:/ST/STM32CubeIDE_2.1.1/STM32CubeIDE/plugins/com.st.stm32cube.ide.mcu.externaltools.gnu-tools-for-stm32.14.3.rel1.win32_1.0.100.202602081740/tools/bin/../lib/gcc/arm-none-eabi/14.3.1/../../../../arm-none-eabi/lib/thumb/v7e-m+fp/hard\libc_nano.a
END GROUP
START GROUP
LOAD C:/ST/STM32CubeIDE_2.1.1/STM32CubeIDE/plugins/com.st.stm32cube.ide.mcu.externaltools.gnu-tools-for-stm32.14.3.rel1.win32_1.0.100.202602081740/tools/bin/../lib/gcc/arm-none-eabi/14.3.1/thumb/v7e-m+fp/hard\libgcc.a
LOAD C:/ST/STM32CubeIDE_2.1.1/STM32CubeIDE/plugins/com.st.stm32cube.ide.mcu.externaltools.gnu-tools-for-stm32.14.3.rel1.win32_1.0.100.202602081740/tools/bin/../lib/gcc/arm-none-eabi/14.3.1/../../../../arm-none-eabi/lib/thumb/v7e-m+fp/hard\libc_nano.a
LOAD C:/ST/STM32CubeIDE_2.1.1/STM32CubeIDE/plugins/com.st.stm32cube.ide.mcu.externaltools.gnu-tools-for-stm32.14.3.rel1.win32_1.0.100.202602081740/tools/bin/../lib/gcc/arm-none-eabi/14.3.1/../../../../arm-none-eabi/lib/thumb/v7e-m+fp/hard\libnosys.a
END GROUP
START GROUP
LOAD C:/ST/STM32CubeIDE_2.1.1/STM32CubeIDE/plugins/com.st.stm32cube.ide.mcu.externaltools.gnu-tools-for-stm32.14.3.rel1.win32_1.0.100.202602081740/tools/bin/../lib/gcc/arm-none-eabi/14.3.1/thumb/v7e-m+fp/hard\libgcc.a
LOAD C:/ST/STM32CubeIDE_2.1.1/STM32CubeIDE/plugins/com.st.stm32cube.ide.mcu.externaltools.gnu-tools-for-stm32.14.3.rel1.win32_1.0.100.202602081740/tools/bin/../lib/gcc/arm-none-eabi/14.3.1/../../../../arm-none-eabi/lib/thumb/v7e-m+fp/hard\libc_nano.a
LOAD C:/ST/STM32CubeIDE_2.1.1/STM32CubeIDE/plugins/com.st.stm32cube.ide.mcu.externaltools.gnu-tools-for-stm32.14.3.rel1.win32_1.0.100.202602081740/tools/bin/../lib/gcc/arm-none-eabi/14.3.1/../../../../arm-none-eabi/lib/thumb/v7e-m+fp/hard\libnosys.a
END GROUP
LOAD C:/ST/STM32CubeIDE_2.1.1/STM32CubeIDE/plugins/com.st.stm32cube.ide.mcu.externaltools.gnu-tools-for-stm32.14.3.rel1.win32_1.0.100.202602081740/tools/bin/../lib/gcc/arm-none-eabi/14.3.1/thumb/v7e-m+fp/hard/crtend.o
LOAD C:/ST/STM32CubeIDE_2.1.1/STM32CubeIDE/plugins/com.st.stm32cube.ide.mcu.externaltools.gnu-tools-for-stm32.14.3.rel1.win32_1.0.100.202602081740/tools/bin/../lib/gcc/arm-none-eabi/14.3.1/thumb/v7e-m+fp/hard/crtn.o
                0x20018000                        _estack = (ORIGIN (RAM) + LENGTH (RAM))
                0x00000200                        _Min_Heap_Size = 0x200
                0x00000400                        _Min_Stack_Size = 0x400

.isr_vector     0x08000000      0x188
                0x08000000                        . = ALIGN (0x4)
 *(.isr_vector)
 .isr_vector    0x08000000      0x188 ./Core/Startup/startup_stm32l476rgtx.o
                0x08000000                g_pfnVectors
                0x08000188                        . = ALIGN (0x4)

.text           0x08000188     0x7128
                0x08000188                        . = ALIGN (0x4)
 *(.text)
 .text          0x08000188       0x40 C:/ST/STM32CubeIDE_2.1.1/STM32CubeIDE/plugins/com.st.stm32cube.ide.mcu.externaltools.gnu-tools-for-stm32.14.3.rel1.win32_1.0.100.202602081740/tools/bin/../lib/gcc/arm-none-eabi/14.3.1/thumb/v7e-m+fp/hard/crtbegin.o
 .text          0x080001c8       0x30 C:/ST/STM32CubeIDE_2.1.1/STM32CubeIDE/plugins/com.st.stm32cube.ide.mcu.externaltools.gnu-tools-for-stm32.14.3.rel1.win32_1.0.100.202602081740/tools/bin/../lib/gcc/arm-none-eabi/14.3.1/thumb/v7e-m+fp/hard\libgcc.a(_aeabi_uldivmod.o)
                0x080001c8                __aeabi_uldivmod
 .text          0x080001f8      0x2f8 C:/ST/STM32CubeIDE_2.1.1/STM32CubeIDE/plugins/com.st.stm32cube.ide.mcu.externaltools.gnu-tools-for-stm32.14.3.rel1.win32_1.0.100.202602081740/tools/bin/../lib/gcc/arm-none-eabi/14.3.1/thumb/v7e-m+fp/hard\libgcc.a(_udivmoddi4.o)
                0x080001f8                __udivmoddi4
 .text          0x080004f0        0x4 C:/ST/STM32CubeIDE_2.1.1/STM32CubeIDE/plugins/com.st.stm32cube.ide.mcu.externaltools.gnu-tools-for-stm32.14.3.rel1.win32_1.0.100.202602081740/tools/bin/../lib/gcc/arm-none-eabi/14.3.1/thumb/v7e-m+fp/hard\libgcc.a(_dvmd_tls.o)
                0x080004f0                __aeabi_idiv0
                0x080004f0                __aeabi_ldiv0
 *(.text*)
 .text.main     0x080004f4       0xb8 ./Core/Src/main.o
                0x080004f4                main
 .text.SystemClock_Config
                0x080005ac       0xa2 ./Core/Src/main.o
                0x080005ac                SystemClock_Config
 *fill*         0x0800064e        0x2 
 .text.MX_I2C1_Init
                0x08000650       0x80 ./Core/Src/main.o
 .text.MX_SPI1_Init
                0x080006d0       0x7c ./Core/Src/main.o
 .text.MX_TIM15_Init
                0x0800074c      0x140 ./Core/Src/main.o
 .text.MX_USART2_UART_Init
                0x0800088c       0x60 ./Core/Src/main.o
 .text.MX_DMA_Init
                0x080008ec       0x4c ./Core/Src/main.o
 .text.MX_GPIO_Init
                0x08000938       0xf8 ./Core/Src/main.o
 .text.HAL_UART_TxCpltCallback
                0x08000a30       0x34 ./Core/Src/main.o
                0x08000a30                HAL_UART_TxCpltCallback
 .text.HAL_GPIO_EXTI_Callback
                0x08000a64       0x38 ./Core/Src/main.o
                0x08000a64                HAL_GPIO_EXTI_Callback
 .text.HAL_SPI_RxCpltCallback
                0x08000a9c       0x34 ./Core/Src/main.o
                0x08000a9c                HAL_SPI_RxCpltCallback
 .text.Error_Handler
                0x08000ad0        0xc ./Core/Src/main.o
                0x08000ad0                Error_Handler
 .text.HAL_MspInit
                0x08000adc       0x48 ./Core/Src/stm32l4xx_hal_msp.o
                0x08000adc                HAL_MspInit
 .text.HAL_I2C_MspInit
                0x08000b24       0xbc ./Core/Src/stm32l4xx_hal_msp.o
                0x08000b24                HAL_I2C_MspInit
 .text.HAL_SPI_MspInit
                0x08000be0       0xf4 ./Core/Src/stm32l4xx_hal_msp.o
                0x08000be0                HAL_SPI_MspInit
 .text.HAL_TIM_Base_MspInit
                0x08000cd4       0x40 ./Core/Src/stm32l4xx_hal_msp.o
                0x08000cd4                HAL_TIM_Base_MspInit
 .text.HAL_TIM_MspPostInit
                0x08000d14       0x70 ./Core/Src/stm32l4xx_hal_msp.o
                0x08000d14                HAL_TIM_MspPostInit
 .text.HAL_UART_MspInit
                0x08000d84      0x124 ./Core/Src/stm32l4xx_hal_msp.o
                0x08000d84                HAL_UART_MspInit
 .text.NMI_Handler
                0x08000ea8        0x8 ./Core/Src/stm32l4xx_it.o
                0x08000ea8                NMI_Handler
 .text.HardFault_Handler
                0x08000eb0        0x8 ./Core/Src/stm32l4xx_it.o
                0x08000eb0                HardFault_Handler
 .text.MemManage_Handler
                0x08000eb8        0x8 ./Core/Src/stm32l4xx_it.o
                0x08000eb8                MemManage_Handler
 .text.BusFault_Handler
                0x08000ec0        0x8 ./Core/Src/stm32l4xx_it.o
                0x08000ec0                BusFault_Handler
 .text.UsageFault_Handler
                0x08000ec8        0x8 ./Core/Src/stm32l4xx_it.o
                0x08000ec8                UsageFault_Handler
 .text.SVC_Handler
                0x08000ed0        0xe ./Core/Src/stm32l4xx_it.o
                0x08000ed0                SVC_Handler
 .text.DebugMon_Handler
                0x08000ede        0xe ./Core/Src/stm32l4xx_it.o
                0x08000ede                DebugMon_Handler
 .text.PendSV_Handler
                0x08000eec        0xe ./Core/Src/stm32l4xx_it.o
                0x08000eec                PendSV_Handler
 .text.SysTick_Handler
                0x08000efa        0xc ./Core/Src/stm32l4xx_it.o
                0x08000efa                SysTick_Handler
 .text.EXTI0_IRQHandler
                0x08000f06        0xe ./Core/Src/stm32l4xx_it.o
                0x08000f06                EXTI0_IRQHandler
 .text.DMA1_Channel2_IRQHandler
                0x08000f14       0x14 ./Core/Src/stm32l4xx_it.o
                0x08000f14                DMA1_Channel2_IRQHandler
 .text.DMA1_Channel7_IRQHandler
                0x08000f28       0x14 ./Core/Src/stm32l4xx_it.o
                0x08000f28                DMA1_Channel7_IRQHandler
 .text.SPI1_IRQHandler
                0x08000f3c       0x14 ./Core/Src/stm32l4xx_it.o
                0x08000f3c                SPI1_IRQHandler
 .text.USART2_IRQHandler
                0x08000f50       0x14 ./Core/Src/stm32l4xx_it.o
                0x08000f50                USART2_IRQHandler
 .text.SystemInit
                0x08000f64       0x24 ./Core/Src/system_stm32l4xx.o
                0x08000f64                SystemInit
 .text.Reset_Handler
                0x08000f88       0x50 ./Core/Startup/startup_stm32l476rgtx.o
                0x08000f88                Reset_Handler
 .text.Default_Handler
                0x08000fd8        0x2 ./Core/Startup/startup_stm32l476rgtx.o
                0x08000fd8                RTC_Alarm_IRQHandler
                0x08000fd8                EXTI2_IRQHandler
                0x08000fd8                TIM8_TRG_COM_IRQHandler
                0x08000fd8                TIM8_CC_IRQHandler
                0x08000fd8                TIM1_CC_IRQHandler
                0x08000fd8                TSC_IRQHandler
                0x08000fd8                TAMP_STAMP_IRQHandler
                0x08000fd8                EXTI3_IRQHandler
                0x08000fd8                LPTIM2_IRQHandler
                0x08000fd8                DFSDM1_FLT1_IRQHandler
                0x08000fd8                I2C3_ER_IRQHandler
                0x08000fd8                DFSDM1_FLT2_IRQHandler
                0x08000fd8                I2C2_EV_IRQHandler
                0x08000fd8                CAN1_RX0_IRQHandler
                0x08000fd8                FPU_IRQHandler
                0x08000fd8                TIM1_UP_TIM16_IRQHandler
                0x08000fd8                ADC1_2_IRQHandler
                0x08000fd8                TIM6_DAC_IRQHandler
                0x08000fd8                TIM8_UP_IRQHandler
                0x08000fd8                DMA2_Channel2_IRQHandler
                0x08000fd8                DMA1_Channel4_IRQHandler
                0x08000fd8                SAI2_IRQHandler
                0x08000fd8                DFSDM1_FLT3_IRQHandler
                0x08000fd8                USART3_IRQHandler
                0x08000fd8                CAN1_RX1_IRQHandler
                0x08000fd8                LCD_IRQHandler
                0x08000fd8                UART5_IRQHandler
                0x08000fd8                ADC3_IRQHandler
                0x08000fd8                TIM4_IRQHandler
                0x08000fd8                DMA2_Channel1_IRQHandler
                0x08000fd8                QUADSPI_IRQHandler
                0x08000fd8                I2C1_EV_IRQHandler
                0x08000fd8                DMA1_Channel6_IRQHandler
                0x08000fd8                UART4_IRQHandler
                0x08000fd8                DMA2_Channel4_IRQHandler
                0x08000fd8                TIM3_IRQHandler
                0x08000fd8                RCC_IRQHandler
                0x08000fd8                DMA1_Channel1_IRQHandler
                0x08000fd8                Default_Handler
                0x08000fd8                DMA2_Channel7_IRQHandler
                0x08000fd8                EXTI15_10_IRQHandler
                0x08000fd8                TIM7_IRQHandler
                0x08000fd8                SDMMC1_IRQHandler
                0x08000fd8                TIM5_IRQHandler
                0x08000fd8                I2C3_EV_IRQHandler
                0x08000fd8                EXTI9_5_IRQHandler
                0x08000fd8                RTC_WKUP_IRQHandler
                0x08000fd8                PVD_PVM_IRQHandler
                0x08000fd8                SPI2_IRQHandler
                0x08000fd8                CAN1_TX_IRQHandler
                0x08000fd8                DMA2_Channel5_IRQHandler
                0x08000fd8                DMA1_Channel5_IRQHandler
                0x08000fd8                EXTI4_IRQHandler
                0x08000fd8                RNG_IRQHandler
                0x08000fd8                TIM1_TRG_COM_TIM17_IRQHandler
                0x08000fd8                DMA1_Channel3_IRQHandler
                0x08000fd8                COMP_IRQHandler
                0x08000fd8                WWDG_IRQHandler
                0x08000fd8                LPUART1_IRQHandler
                0x08000fd8                DMA2_Channel6_IRQHandler
                0x08000fd8                TIM2_IRQHandler
                0x08000fd8                EXTI1_IRQHandler
                0x08000fd8                DFSDM1_FLT0_IRQHandler
                0x08000fd8                I2C2_ER_IRQHandler
                0x08000fd8                TIM8_BRK_IRQHandler
                0x08000fd8                CAN1_SCE_IRQHandler
                0x08000fd8                FLASH_IRQHandler
                0x08000fd8                USART1_IRQHandler
                0x08000fd8                OTG_FS_IRQHandler
                0x08000fd8                SPI3_IRQHandler
                0x08000fd8                I2C1_ER_IRQHandler
                0x08000fd8                FMC_IRQHandler
                0x08000fd8                SWPMI1_IRQHandler
                0x08000fd8                LPTIM1_IRQHandler
                0x08000fd8                SAI1_IRQHandler
                0x08000fd8                DMA2_Channel3_IRQHandler
                0x08000fd8                TIM1_BRK_TIM15_IRQHandler
 *fill*         0x08000fda        0x2 
 .text.HAL_Init
                0x08000fdc       0x40 ./Drivers/STM32L4xx_HAL_Driver/Src/stm32l4xx_hal.o
                0x08000fdc                HAL_Init
 .text.HAL_InitTick
                0x0800101c       0x78 ./Drivers/STM32L4xx_HAL_Driver/Src/stm32l4xx_hal.o
                0x0800101c                HAL_InitTick
 .text.HAL_IncTick
                0x08001094       0x28 ./Drivers/STM32L4xx_HAL_Driver/Src/stm32l4xx_hal.o
                0x08001094                HAL_IncTick
 .text.HAL_GetTick
                0x080010bc       0x18 ./Drivers/STM32L4xx_HAL_Driver/Src/stm32l4xx_hal.o
                0x080010bc                HAL_GetTick
 .text.__NVIC_SetPriorityGrouping
                0x080010d4       0x48 ./Drivers/STM32L4xx_HAL_Driver/Src/stm32l4xx_hal_cortex.o
 .text.__NVIC_GetPriorityGrouping
                0x0800111c       0x1c ./Drivers/STM32L4xx_HAL_Driver/Src/stm32l4xx_hal_cortex.o
 .text.__NVIC_EnableIRQ
                0x08001138       0x3c ./Drivers/STM32L4xx_HAL_Driver/Src/stm32l4xx_hal_cortex.o
 .text.__NVIC_SetPriority
                0x08001174       0x54 ./Drivers/STM32L4xx_HAL_Driver/Src/stm32l4xx_hal_cortex.o
 .text.NVIC_EncodePriority
                0x080011c8       0x66 ./Drivers/STM32L4xx_HAL_Driver/Src/stm32l4xx_hal_cortex.o
 *fill*         0x0800122e        0x2 
 .text.SysTick_Config
                0x08001230       0x44 ./Drivers/STM32L4xx_HAL_Driver/Src/stm32l4xx_hal_cortex.o
 .text.HAL_NVIC_SetPriorityGrouping
                0x08001274       0x16 ./Drivers/STM32L4xx_HAL_Driver/Src/stm32l4xx_hal_cortex.o
                0x08001274                HAL_NVIC_SetPriorityGrouping
 .text.HAL_NVIC_SetPriority
                0x0800128a       0x38 ./Drivers/STM32L4xx_HAL_Driver/Src/stm32l4xx_hal_cortex.o
                0x0800128a                HAL_NVIC_SetPriority
 .text.HAL_NVIC_EnableIRQ
                0x080012c2       0x1c ./Drivers/STM32L4xx_HAL_Driver/Src/stm32l4xx_hal_cortex.o
                0x080012c2                HAL_NVIC_EnableIRQ
 .text.HAL_SYSTICK_Config
                0x080012de       0x18 ./Drivers/STM32L4xx_HAL_Driver/Src/stm32l4xx_hal_cortex.o
                0x080012de                HAL_SYSTICK_Config
 *fill*         0x080012f6        0x2 
 .text.HAL_DMA_Init
                0x080012f8      0x170 ./Drivers/STM32L4xx_HAL_Driver/Src/stm32l4xx_hal_dma.o
                0x080012f8                HAL_DMA_Init
 .text.HAL_DMA_Start_IT
                0x08001468       0xc6 ./Drivers/STM32L4xx_HAL_Driver/Src/stm32l4xx_hal_dma.o
                0x08001468                HAL_DMA_Start_IT
 .text.HAL_DMA_Abort
                0x0800152e       0x82 ./Drivers/STM32L4xx_HAL_Driver/Src/stm32l4xx_hal_dma.o
                0x0800152e                HAL_DMA_Abort
 .text.HAL_DMA_Abort_IT
                0x080015b0       0x82 ./Drivers/STM32L4xx_HAL_Driver/Src/stm32l4xx_hal_dma.o
                0x080015b0                HAL_DMA_Abort_IT
 *fill*         0x08001632        0x2 
 .text.HAL_DMA_IRQHandler
                0x08001634      0x18c ./Drivers/STM32L4xx_HAL_Driver/Src/stm32l4xx_hal_dma.o
                0x08001634                HAL_DMA_IRQHandler
 .text.DMA_SetConfig
                0x080017c0       0x60 ./Drivers/STM32L4xx_HAL_Driver/Src/stm32l4xx_hal_dma.o
 .text.HAL_GPIO_Init
                0x08001820      0x354 ./Drivers/STM32L4xx_HAL_Driver/Src/stm32l4xx_hal_gpio.o
                0x08001820                HAL_GPIO_Init
 .text.HAL_GPIO_WritePin
                0x08001b74       0x30 ./Drivers/STM32L4xx_HAL_Driver/Src/stm32l4xx_hal_gpio.o
                0x08001b74                HAL_GPIO_WritePin
 .text.HAL_GPIO_EXTI_IRQHandler
                0x08001ba4       0x30 ./Drivers/STM32L4xx_HAL_Driver/Src/stm32l4xx_hal_gpio.o
                0x08001ba4                HAL_GPIO_EXTI_IRQHandler
 .text.HAL_I2C_Init
                0x08001bd4      0x136 ./Drivers/STM32L4xx_HAL_Driver/Src/stm32l4xx_hal_i2c.o
                0x08001bd4                HAL_I2C_Init
 .text.HAL_I2CEx_ConfigAnalogFilter
                0x08001d0a       0x96 ./Drivers/STM32L4xx_HAL_Driver/Src/stm32l4xx_hal_i2c_ex.o
                0x08001d0a                HAL_I2CEx_ConfigAnalogFilter
 .text.HAL_I2CEx_ConfigDigitalFilter
                0x08001da0       0x98 ./Drivers/STM32L4xx_HAL_Driver/Src/stm32l4xx_hal_i2c_ex.o
                0x08001da0                HAL_I2CEx_ConfigDigitalFilter
 .text.HAL_PWREx_GetVoltageRange
                0x08001e38       0x1c ./Drivers/STM32L4xx_HAL_Driver/Src/stm32l4xx_hal_pwr_ex.o
                0x08001e38                HAL_PWREx_GetVoltageRange
 .text.HAL_PWREx_ControlVoltageScaling
                0x08001e54       0xac ./Drivers/STM32L4xx_HAL_Driver/Src/stm32l4xx_hal_pwr_ex.o
                0x08001e54                HAL_PWREx_ControlVoltageScaling
 .text.HAL_RCC_OscConfig
                0x08001f00      0x7b8 ./Drivers/STM32L4xx_HAL_Driver/Src/stm32l4xx_hal_rcc.o
                0x08001f00                HAL_RCC_OscConfig
 .text.HAL_RCC_ClockConfig
                0x080026b8      0x200 ./Drivers/STM32L4xx_HAL_Driver/Src/stm32l4xx_hal_rcc.o
                0x080026b8                HAL_RCC_ClockConfig
 .text.HAL_RCC_GetSysClockFreq
                0x080028b8      0x118 ./Drivers/STM32L4xx_HAL_Driver/Src/stm32l4xx_hal_rcc.o
                0x080028b8                HAL_RCC_GetSysClockFreq
 .text.HAL_RCC_GetHCLKFreq
                0x080029d0       0x18 ./Drivers/STM32L4xx_HAL_Driver/Src/stm32l4xx_hal_rcc.o
                0x080029d0                HAL_RCC_GetHCLKFreq
 .text.HAL_RCC_GetPCLK1Freq
                0x080029e8       0x2c ./Drivers/STM32L4xx_HAL_Driver/Src/stm32l4xx_hal_rcc.o
                0x080029e8                HAL_RCC_GetPCLK1Freq
 .text.HAL_RCC_GetPCLK2Freq
                0x08002a14       0x2c ./Drivers/STM32L4xx_HAL_Driver/Src/stm32l4xx_hal_rcc.o
                0x08002a14                HAL_RCC_GetPCLK2Freq
 .text.RCC_SetFlashLatencyFromMSIRange
                0x08002a40       0xc0 ./Drivers/STM32L4xx_HAL_Driver/Src/stm32l4xx_hal_rcc.o
 .text.HAL_RCCEx_PeriphCLKConfig
                0x08002b00      0x5d4 ./Drivers/STM32L4xx_HAL_Driver/Src/stm32l4xx_hal_rcc_ex.o
                0x08002b00                HAL_RCCEx_PeriphCLKConfig
 .text.RCCEx_PLLSAI1_Config
                0x080030d4      0x1e8 ./Drivers/STM32L4xx_HAL_Driver/Src/stm32l4xx_hal_rcc_ex.o
 .text.RCCEx_PLLSAI2_Config
                0x080032bc      0x1bc ./Drivers/STM32L4xx_HAL_Driver/Src/stm32l4xx_hal_rcc_ex.o
 .text.HAL_SPI_Init
                0x08003478      0x146 ./Drivers/STM32L4xx_HAL_Driver/Src/stm32l4xx_hal_spi.o
                0x08003478                HAL_SPI_Init
 *fill*         0x080035be        0x2 
 .text.HAL_SPI_Receive_DMA
                0x080035c0      0x240 ./Drivers/STM32L4xx_HAL_Driver/Src/stm32l4xx_hal_spi.o
                0x080035c0                HAL_SPI_Receive_DMA
 .text.HAL_SPI_TransmitReceive_DMA
                0x08003800      0x30c ./Drivers/STM32L4xx_HAL_Driver/Src/stm32l4xx_hal_spi.o
                0x08003800                HAL_SPI_TransmitReceive_DMA
 .text.HAL_SPI_IRQHandler
                0x08003b0c      0x200 ./Drivers/STM32L4xx_HAL_Driver/Src/stm32l4xx_hal_spi.o
                0x08003b0c                HAL_SPI_IRQHandler
 .text.HAL_SPI_TxRxCpltCallback
                0x08003d0c       0x14 ./Drivers/STM32L4xx_HAL_Driver/Src/stm32l4xx_hal_spi.o
                0x08003d0c                HAL_SPI_TxRxCpltCallback
 .text.HAL_SPI_RxHalfCpltCallback
                0x08003d20       0x14 ./Drivers/STM32L4xx_HAL_Driver/Src/stm32l4xx_hal_spi.o
                0x08003d20                HAL_SPI_RxHalfCpltCallback
 .text.HAL_SPI_TxRxHalfCpltCallback
                0x08003d34       0x14 ./Drivers/STM32L4xx_HAL_Driver/Src/stm32l4xx_hal_spi.o
                0x08003d34                HAL_SPI_TxRxHalfCpltCallback
 .text.HAL_SPI_ErrorCallback
                0x08003d48       0x14 ./Drivers/STM32L4xx_HAL_Driver/Src/stm32l4xx_hal_spi.o
                0x08003d48                HAL_SPI_ErrorCallback
 .text.SPI_DMAReceiveCplt
                0x08003d5c       0xa8 ./Drivers/STM32L4xx_HAL_Driver/Src/stm32l4xx_hal_spi.o
 .text.SPI_DMATransmitReceiveCplt
                0x08003e04       0x90 ./Drivers/STM32L4xx_HAL_Driver/Src/stm32l4xx_hal_spi.o
 .text.SPI_DMAHalfReceiveCplt
                0x08003e94       0x1c ./Drivers/STM32L4xx_HAL_Driver/Src/stm32l4xx_hal_spi.o
 .text.SPI_DMAHalfTransmitReceiveCplt
                0x08003eb0       0x1c ./Drivers/STM32L4xx_HAL_Driver/Src/stm32l4xx_hal_spi.o
 .text.SPI_DMAError
                0x08003ecc       0x40 ./Drivers/STM32L4xx_HAL_Driver/Src/stm32l4xx_hal_spi.o
 .text.SPI_DMAAbortOnError
                0x08003f0c       0x2a ./Drivers/STM32L4xx_HAL_Driver/Src/stm32l4xx_hal_spi.o
 *fill*         0x08003f36        0x2 
 .text.SPI_WaitFlagStateUntilTimeout
                0x08003f38      0x110 ./Drivers/STM32L4xx_HAL_Driver/Src/stm32l4xx_hal_spi.o
 .text.SPI_WaitFifoStateUntilTimeout
                0x08004048      0x12c ./Drivers/STM32L4xx_HAL_Driver/Src/stm32l4xx_hal_spi.o
 .text.SPI_EndRxTransaction
                0x08004174       0xb0 ./Drivers/STM32L4xx_HAL_Driver/Src/stm32l4xx_hal_spi.o
 .text.SPI_EndRxTxTransaction
                0x08004224       0x8c ./Drivers/STM32L4xx_HAL_Driver/Src/stm32l4xx_hal_spi.o
 .text.HAL_TIM_Base_Init
                0x080042b0       0xae ./Drivers/STM32L4xx_HAL_Driver/Src/stm32l4xx_hal_tim.o
                0x080042b0                HAL_TIM_Base_Init
 .text.HAL_TIM_PWM_Init
                0x0800435e       0xae ./Drivers/STM32L4xx_HAL_Driver/Src/stm32l4xx_hal_tim.o
                0x0800435e                HAL_TIM_PWM_Init
 .text.HAL_TIM_PWM_MspInit
                0x0800440c       0x14 ./Drivers/STM32L4xx_HAL_Driver/Src/stm32l4xx_hal_tim.o
                0x0800440c                HAL_TIM_PWM_MspInit
 .text.HAL_TIM_PWM_Start
                0x08004420      0x20c ./Drivers/STM32L4xx_HAL_Driver/Src/stm32l4xx_hal_tim.o
                0x08004420                HAL_TIM_PWM_Start
 .text.HAL_TIM_PWM_ConfigChannel
                0x0800462c      0x228 ./Drivers/STM32L4xx_HAL_Driver/Src/stm32l4xx_hal_tim.o
                0x0800462c                HAL_TIM_PWM_ConfigChannel
 .text.HAL_TIM_ConfigClockSource
                0x08004854      0x192 ./Drivers/STM32L4xx_HAL_Driver/Src/stm32l4xx_hal_tim.o
                0x08004854                HAL_TIM_ConfigClockSource
 *fill*         0x080049e6        0x2 
 .text.TIM_Base_SetConfig
                0x080049e8      0x140 ./Drivers/STM32L4xx_HAL_Driver/Src/stm32l4xx_hal_tim.o
                0x080049e8                TIM_Base_SetConfig
 .text.TIM_OC1_SetConfig
                0x08004b28      0x124 ./Drivers/STM32L4xx_HAL_Driver/Src/stm32l4xx_hal_tim.o
 .text.TIM_OC2_SetConfig
                0x08004c4c      0x118 ./Drivers/STM32L4xx_HAL_Driver/Src/stm32l4xx_hal_tim.o
                0x08004c4c                TIM_OC2_SetConfig
 .text.TIM_OC3_SetConfig
                0x08004d64      0x114 ./Drivers/STM32L4xx_HAL_Driver/Src/stm32l4xx_hal_tim.o
 .text.TIM_OC4_SetConfig
                0x08004e78       0xd4 ./Drivers/STM32L4xx_HAL_Driver/Src/stm32l4xx_hal_tim.o
 .text.TIM_OC5_SetConfig
                0x08004f4c       0xc8 ./Drivers/STM32L4xx_HAL_Driver/Src/stm32l4xx_hal_tim.o
 .text.TIM_OC6_SetConfig
                0x08005014       0xcc ./Drivers/STM32L4xx_HAL_Driver/Src/stm32l4xx_hal_tim.o
 .text.TIM_TI1_ConfigInputStage
                0x080050e0       0xa8 ./Drivers/STM32L4xx_HAL_Driver/Src/stm32l4xx_hal_tim.o
 .text.TIM_TI2_ConfigInputStage
                0x08005188       0x84 ./Drivers/STM32L4xx_HAL_Driver/Src/stm32l4xx_hal_tim.o
 .text.TIM_ITRx_SetConfig
                0x0800520c       0x36 ./Drivers/STM32L4xx_HAL_Driver/Src/stm32l4xx_hal_tim.o
 .text.TIM_ETR_SetConfig
                0x08005242       0x40 ./Drivers/STM32L4xx_HAL_Driver/Src/stm32l4xx_hal_tim.o
                0x08005242                TIM_ETR_SetConfig
 .text.TIM_CCxChannelCmd
                0x08005282       0x4a ./Drivers/STM32L4xx_HAL_Driver/Src/stm32l4xx_hal_tim.o
                0x08005282                TIM_CCxChannelCmd
 .text.HAL_TIMEx_MasterConfigSynchronization
                0x080052cc      0x110 ./Drivers/STM32L4xx_HAL_Driver/Src/stm32l4xx_hal_tim_ex.o
                0x080052cc                HAL_TIMEx_MasterConfigSynchronization
 .text.HAL_TIMEx_ConfigBreakDeadTime
                0x080053dc       0xfc ./Drivers/STM32L4xx_HAL_Driver/Src/stm32l4xx_hal_tim_ex.o
                0x080053dc                HAL_TIMEx_ConfigBreakDeadTime
 .text.HAL_UART_Init
                0x080054d8       0x9c ./Drivers/STM32L4xx_HAL_Driver/Src/stm32l4xx_hal_uart.o
                0x080054d8                HAL_UART_Init
 .text.HAL_UART_Transmit
                0x08005574      0x126 ./Drivers/STM32L4xx_HAL_Driver/Src/stm32l4xx_hal_uart.o
                0x08005574                HAL_UART_Transmit
 *fill*         0x0800569a        0x2 
 .text.HAL_UART_Transmit_DMA
                0x0800569c       0xf8 ./Drivers/STM32L4xx_HAL_Driver/Src/stm32l4xx_hal_uart.o
                0x0800569c                HAL_UART_Transmit_DMA
 .text.HAL_UART_IRQHandler
                0x08005794      0x60c ./Drivers/STM32L4xx_HAL_Driver/Src/stm32l4xx_hal_uart.o
                0x08005794                HAL_UART_IRQHandler
 .text.HAL_UART_TxHalfCpltCallback
                0x08005da0       0x14 ./Drivers/STM32L4xx_HAL_Driver/Src/stm32l4xx_hal_uart.o
                0x08005da0                HAL_UART_TxHalfCpltCallback
 .text.HAL_UART_ErrorCallback
                0x08005db4       0x14 ./Drivers/STM32L4xx_HAL_Driver/Src/stm32l4xx_hal_uart.o
                0x08005db4                HAL_UART_ErrorCallback
 .text.HAL_UARTEx_RxEventCallback
                0x08005dc8       0x18 ./Drivers/STM32L4xx_HAL_Driver/Src/stm32l4xx_hal_uart.o
                0x08005dc8                HAL_UARTEx_RxEventCallback
 .text.UART_SetConfig
                0x08005de0      0x570 ./Drivers/STM32L4xx_HAL_Driver/Src/stm32l4xx_hal_uart.o
                0x08005de0                UART_SetConfig
 .text.UART_AdvFeatureConfig
                0x08006350      0x144 ./Drivers/STM32L4xx_HAL_Driver/Src/stm32l4xx_hal_uart.o
                0x08006350                UART_AdvFeatureConfig
 .text.UART_CheckIdleState
                0x08006494      0x150 ./Drivers/STM32L4xx_HAL_Driver/Src/stm32l4xx_hal_uart.o
                0x08006494                UART_CheckIdleState
 .text.UART_WaitOnFlagUntilTimeout
                0x080065e4       0xda ./Drivers/STM32L4xx_HAL_Driver/Src/stm32l4xx_hal_uart.o
                0x080065e4                UART_WaitOnFlagUntilTimeout
 .text.UART_EndTxTransfer
                0x080066be       0x4c ./Drivers/STM32L4xx_HAL_Driver/Src/stm32l4xx_hal_uart.o
 .text.UART_EndRxTransfer
                0x0800670a       0xc8 ./Drivers/STM32L4xx_HAL_Driver/Src/stm32l4xx_hal_uart.o
 .text.UART_DMATransmitCplt
                0x080067d2       0x92 ./Drivers/STM32L4xx_HAL_Driver/Src/stm32l4xx_hal_uart.o
 .text.UART_DMATxHalfCplt
                0x08006864       0x1c ./Drivers/STM32L4xx_HAL_Driver/Src/stm32l4xx_hal_uart.o
 .text.UART_DMAError
                0x08006880       0x6e ./Drivers/STM32L4xx_HAL_Driver/Src/stm32l4xx_hal_uart.o
 .text.UART_DMAAbortOnError
                0x080068ee       0x1c ./Drivers/STM32L4xx_HAL_Driver/Src/stm32l4xx_hal_uart.o
 .text.UART_EndTransmit_IT
                0x0800690a       0x54 ./Drivers/STM32L4xx_HAL_Driver/Src/stm32l4xx_hal_uart.o
 .text.HAL_UARTEx_WakeupCallback
                0x0800695e       0x14 ./Drivers/STM32L4xx_HAL_Driver/Src/stm32l4xx_hal_uart_ex.o
                0x0800695e                HAL_UARTEx_WakeupCallback
 *fill*         0x08006972        0x2 
 .text.arm_cfft_radix4by2_q15
                0x08006974       0xc4 C:\Users\User\Documents\GitHub\ECEN340_project\MCU_ML\CMSIS_DSP\libarm_cortexM4lf_math.a(arm_cfft_q15.o)
                0x08006974                arm_cfft_radix4by2_q15
 .text.arm_cfft_radix4by2_inverse_q15
                0x08006a38       0xc4 C:\Users\User\Documents\GitHub\ECEN340_project\MCU_ML\CMSIS_DSP\libarm_cortexM4lf_math.a(arm_cfft_q15.o)
                0x08006a38                arm_cfft_radix4by2_inverse_q15
 .text.arm_cfft_q15
                0x08006afc       0xd8 C:\Users\User\Documents\GitHub\ECEN340_project\MCU_ML\CMSIS_DSP\libarm_cortexM4lf_math.a(arm_cfft_q15.o)
                0x08006afc                arm_cfft_q15
 .text.arm_radix4_butterfly_q15
                0x08006bd4      0x268 C:\Users\User\Documents\GitHub\ECEN340_project\MCU_ML\CMSIS_DSP\libarm_cortexM4lf_math.a(arm_cfft_radix4_q15.o)
                0x08006bd4                arm_radix4_butterfly_q15
 .text.arm_radix4_butterfly_inverse_q15
                0x08006e3c      0x268 C:\Users\User\Documents\GitHub\ECEN340_project\MCU_ML\CMSIS_DSP\libarm_cortexM4lf_math.a(arm_cfft_radix4_q15.o)
                0x08006e3c                arm_radix4_butterfly_inverse_q15
 .text.arm_bitreversal_16
                0x080070a4       0x44 C:\Users\User\Documents\GitHub\ECEN340_project\MCU_ML\CMSIS_DSP\libarm_cortexM4lf_math.a(arm_bitreversal2.o)
                0x080070a4                arm_bitreversal_16
 .text.arm_cmplx_mag_q15
                0x080070e8       0x8c C:\Users\User\Documents\GitHub\ECEN340_project\MCU_ML\CMSIS_DSP\libarm_cortexM4lf_math.a(arm_cmplx_mag_q15.o)
                0x080070e8                arm_cmplx_mag_q15
 .text.arm_sqrt_q15
                0x08007174       0xcc C:\Users\User\Documents\GitHub\ECEN340_project\MCU_ML\CMSIS_DSP\libarm_cortexM4lf_math.a(arm_sqrt_q15.o)
                0x08007174                arm_sqrt_q15
 .text.memset   0x08007240       0x10 C:/ST/STM32CubeIDE_2.1.1/STM32CubeIDE/plugins/com.st.stm32cube.ide.mcu.externaltools.gnu-tools-for-stm32.14.3.rel1.win32_1.0.100.202602081740/tools/bin/../lib/gcc/arm-none-eabi/14.3.1/../../../../arm-none-eabi/lib/thumb/v7e-m+fp/hard\libc_nano.a(libc_a-memset.o)
                0x08007240                memset
 .text.__libc_init_array
                0x08007250       0x48 C:/ST/STM32CubeIDE_2.1.1/STM32CubeIDE/plugins/com.st.stm32cube.ide.mcu.externaltools.gnu-tools-for-stm32.14.3.rel1.win32_1.0.100.202602081740/tools/bin/../lib/gcc/arm-none-eabi/14.3.1/../../../../arm-none-eabi/lib/thumb/v7e-m+fp/hard\libc_nano.a(libc_a-init.o)
                0x08007250                __libc_init_array
 *(.glue_7)
 .glue_7        0x08007298        0x0 linker stubs
 *(.glue_7t)
 .glue_7t       0x08007298        0x0 linker stubs
 *(.eh_frame)
 .eh_frame      0x08007298        0x0 C:/ST/STM32CubeIDE_2.1.1/STM32CubeIDE/plugins/com.st.stm32cube.ide.mcu.externaltools.gnu-tools-for-stm32.14.3.rel1.win32_1.0.100.202602081740/tools/bin/../lib/gcc/arm-none-eabi/14.3.1/thumb/v7e-m+fp/hard/crtbegin.o
 *(.init)
 .init          0x08007298        0x4 C:/ST/STM32CubeIDE_2.1.1/STM32CubeIDE/plugins/com.st.stm32cube.ide.mcu.externaltools.gnu-tools-for-stm32.14.3.rel1.win32_1.0.100.202602081740/tools/bin/../lib/gcc/arm-none-eabi/14.3.1/thumb/v7e-m+fp/hard/crti.o
                0x08007298                _init
 .init          0x0800729c        0x8 C:/ST/STM32CubeIDE_2.1.1/STM32CubeIDE/plugins/com.st.stm32cube.ide.mcu.externaltools.gnu-tools-for-stm32.14.3.rel1.win32_1.0.100.202602081740/tools/bin/../lib/gcc/arm-none-eabi/14.3.1/thumb/v7e-m+fp/hard/crtn.o
 *(.fini)
 .fini          0x080072a4        0x4 C:/ST/STM32CubeIDE_2.1.1/STM32CubeIDE/plugins/com.st.stm32cube.ide.mcu.externaltools.gnu-tools-for-stm32.14.3.rel1.win32_1.0.100.202602081740/tools/bin/../lib/gcc/arm-none-eabi/14.3.1/thumb/v7e-m+fp/hard/crti.o
                0x080072a4                _fini
 .fini          0x080072a8        0x8 C:/ST/STM32CubeIDE_2.1.1/STM32CubeIDE/plugins/com.st.stm32cube.ide.mcu.externaltools.gnu-tools-for-stm32.14.3.rel1.win32_1.0.100.202602081740/tools/bin/../lib/gcc/arm-none-eabi/14.3.1/thumb/v7e-m+fp/hard/crtn.o
                0x080072b0                        . = ALIGN (0x4)
                0x080072b0                        _etext = .

.vfp11_veneer   0x080072b0        0x0
 .vfp11_veneer  0x080072b0        0x0 linker stubs

.v4_bx          0x080072b0        0x0
 .v4_bx         0x080072b0        0x0 linker stubs

.iplt           0x080072b0        0x0
 .iplt          0x080072b0        0x0 C:/ST/STM32CubeIDE_2.1.1/STM32CubeIDE/plugins/com.st.stm32cube.ide.mcu.externaltools.gnu-tools-for-stm32.14.3.rel1.win32_1.0.100.202602081740/tools/bin/../lib/gcc/arm-none-eabi/14.3.1/thumb/v7e-m+fp/hard/crtbegin.o

.rodata         0x080072b0     0x1418
                0x080072b0                        . = ALIGN (0x4)
 *(.rodata)
 *(.rodata*)
 .rodata.AHBPrescTable
                0x080072b0       0x10 ./Core/Src/system_stm32l4xx.o
                0x080072b0                AHBPrescTable
 .rodata.APBPrescTable
                0x080072c0        0x8 ./Core/Src/system_stm32l4xx.o
                0x080072c0                APBPrescTable
 .rodata.MSIRangeTable
                0x080072c8       0x30 ./Core/Src/system_stm32l4xx.o
                0x080072c8                MSIRangeTable
 .rodata.arm_cfft_sR_q15_len1024
                0x080072f8       0x10 C:\Users\User\Documents\GitHub\ECEN340_project\MCU_ML\CMSIS_DSP\libarm_cortexM4lf_math.a(arm_const_structs.o)
                0x080072f8                arm_cfft_sR_q15_len1024
 .rodata.armBitRevIndexTable_fixed_1024
                0x08007308      0x7c0 C:\Users\User\Documents\GitHub\ECEN340_project\MCU_ML\CMSIS_DSP\libarm_cortexM4lf_math.a(arm_common_tables.o)
                0x08007308                armBitRevIndexTable_fixed_1024
 .rodata.twiddleCoef_1024_q15
                0x08007ac8      0xc00 C:\Users\User\Documents\GitHub\ECEN340_project\MCU_ML\CMSIS_DSP\libarm_cortexM4lf_math.a(arm_common_tables.o)
                0x08007ac8                twiddleCoef_1024_q15
                0x080086c8                        . = ALIGN (0x4)

.ARM.extab      0x080086c8        0x0
                0x080086c8                        . = ALIGN (0x4)
 *(.ARM.extab* .gnu.linkonce.armextab.*)
                0x080086c8                        . = ALIGN (0x4)

.ARM            0x080086c8        0x8
                0x080086c8                        . = ALIGN (0x4)
                0x080086c8                        __exidx_start = .
 *(.ARM.exidx*)
 .ARM.exidx     0x080086c8        0x8 C:/ST/STM32CubeIDE_2.1.1/STM32CubeIDE/plugins/com.st.stm32cube.ide.mcu.externaltools.gnu-tools-for-stm32.14.3.rel1.win32_1.0.100.202602081740/tools/bin/../lib/gcc/arm-none-eabi/14.3.1/thumb/v7e-m+fp/hard\libgcc.a(_udivmoddi4.o)
                0x080086d0                        __exidx_end = .
                0x080086d0                        . = ALIGN (0x4)

.preinit_array  0x080086d0        0x0
                0x080086d0                        . = ALIGN (0x4)
                0x080086d0                        PROVIDE (__preinit_array_start = .)
 *(.preinit_array*)
                0x080086d0                        PROVIDE (__preinit_array_end = .)
                0x080086d0                        . = ALIGN (0x4)

.init_array     0x080086d0        0x4
                0x080086d0                        . = ALIGN (0x4)
                0x080086d0                        PROVIDE (__init_array_start = .)
 *(SORT_BY_NAME(.init_array.*))
 *(.init_array*)
 .init_array    0x080086d0        0x4 C:/ST/STM32CubeIDE_2.1.1/STM32CubeIDE/plugins/com.st.stm32cube.ide.mcu.externaltools.gnu-tools-for-stm32.14.3.rel1.win32_1.0.100.202602081740/tools/bin/../lib/gcc/arm-none-eabi/14.3.1/thumb/v7e-m+fp/hard/crtbegin.o
                0x080086d4                        PROVIDE (__init_array_end = .)
                0x080086d4                        . = ALIGN (0x4)

.fini_array     0x080086d4        0x4
                0x080086d4                        . = ALIGN (0x4)
                [!provide]                        PROVIDE (__fini_array_start = .)
 *(SORT_BY_NAME(.fini_array.*))
 *(.fini_array*)
 .fini_array    0x080086d4        0x4 C:/ST/STM32CubeIDE_2.1.1/STM32CubeIDE/plugins/com.st.stm32cube.ide.mcu.externaltools.gnu-tools-for-stm32.14.3.rel1.win32_1.0.100.202602081740/tools/bin/../lib/gcc/arm-none-eabi/14.3.1/thumb/v7e-m+fp/hard/crtbegin.o
                [!provide]                        PROVIDE (__fini_array_end = .)
                0x080086d8                        . = ALIGN (0x4)
                0x080086d8                        _sidata = LOADADDR (.data)

.rel.dyn        0x080086d8        0x0
 .rel.iplt      0x080086d8        0x0 C:/ST/STM32CubeIDE_2.1.1/STM32CubeIDE/plugins/com.st.stm32cube.ide.mcu.externaltools.gnu-tools-for-stm32.14.3.rel1.win32_1.0.100.202602081740/tools/bin/../lib/gcc/arm-none-eabi/14.3.1/thumb/v7e-m+fp/hard/crtbegin.o

.data           0x20000000        0xc load address 0x080086d8
                0x20000000                        . = ALIGN (0x4)
                0x20000000                        _sdata = .
 *(.data)
 *(.data*)
 .data.SystemCoreClock
                0x20000000        0x4 ./Core/Src/system_stm32l4xx.o
                0x20000000                SystemCoreClock
 .data.uwTickPrio
                0x20000004        0x4 ./Drivers/STM32L4xx_HAL_Driver/Src/stm32l4xx_hal.o
                0x20000004                uwTickPrio
 .data.uwTickFreq
                0x20000008        0x1 ./Drivers/STM32L4xx_HAL_Driver/Src/stm32l4xx_hal.o
                0x20000008                uwTickFreq
 *(.RamFunc)
 *(.RamFunc*)
                0x2000000c                        . = ALIGN (0x4)
 *fill*         0x20000009        0x3 
                0x2000000c                        _edata = .

.igot.plt       0x2000000c        0x0 load address 0x080086e4
 .igot.plt      0x2000000c        0x0 C:/ST/STM32CubeIDE_2.1.1/STM32CubeIDE/plugins/com.st.stm32cube.ide.mcu.externaltools.gnu-tools-for-stm32.14.3.rel1.win32_1.0.100.202602081740/tools/bin/../lib/gcc/arm-none-eabi/14.3.1/thumb/v7e-m+fp/hard/crtbegin.o
                0x2000000c                        . = ALIGN (0x4)

.bss            0x2000000c     0x1a48 load address 0x080086e4
                0x2000000c                        _sbss = .
                0x2000000c                        __bss_start__ = _sbss
 *(.bss)
 .bss           0x2000000c       0x1c C:/ST/STM32CubeIDE_2.1.1/STM32CubeIDE/plugins/com.st.stm32cube.ide.mcu.externaltools.gnu-tools-for-stm32.14.3.rel1.win32_1.0.100.202602081740/tools/bin/../lib/gcc/arm-none-eabi/14.3.1/thumb/v7e-m+fp/hard/crtbegin.o
 *(.bss*)
 .bss.hi2c1     0x20000028       0x54 ./Core/Src/main.o
                0x20000028                hi2c1
 .bss.hspi1     0x2000007c       0x64 ./Core/Src/main.o
                0x2000007c                hspi1
 .bss.hdma_spi1_rx
                0x200000e0       0x48 ./Core/Src/main.o
                0x200000e0                hdma_spi1_rx
 .bss.htim15    0x20000128       0x4c ./Core/Src/main.o
                0x20000128                htim15
 .bss.huart2    0x20000174       0x88 ./Core/Src/main.o
                0x20000174                huart2
 .bss.hdma_usart2_tx
                0x200001fc       0x48 ./Core/Src/main.o
                0x200001fc                hdma_usart2_tx
 .bss.fft_buffer
                0x20000244     0x1000 ./Core/Src/main.o
                0x20000244                fft_buffer
 .bss.magnitude_buffer
                0x20001244      0x800 ./Core/Src/main.o
                0x20001244                magnitude_buffer
 .bss.window_ready
                0x20001a44        0x1 ./Core/Src/main.o
                0x20001a44                window_ready
 *fill*         0x20001a45        0x3 
 .bss.sync_header
                0x20001a48        0x2 ./Core/Src/main.o
                0x20001a48                sync_header
 *fill*         0x20001a4a        0x2 
 .bss.sync_footer
                0x20001a4c        0x2 ./Core/Src/main.o
                0x20001a4c                sync_footer
 *fill*         0x20001a4e        0x2 
 .bss.uwTick    0x20001a50        0x4 ./Drivers/STM32L4xx_HAL_Driver/Src/stm32l4xx_hal.o
                0x20001a50                uwTick
 *(COMMON)
                0x20001a54                        . = ALIGN (0x4)
                0x20001a54                        _ebss = .
                0x20001a54                        __bss_end__ = _ebss

._user_heap_stack
                0x20001a54      0x604 load address 0x080086e4
                0x20001a58                        . = ALIGN (0x8)
 *fill*         0x20001a54        0x4 
                [!provide]                        PROVIDE (end = .)
                0x20001a58                        PROVIDE (_end = .)
                0x20001c58                        . = (. + _Min_Heap_Size)
 *fill*         0x20001a58      0x200 
                0x20002058                        . = (. + _Min_Stack_Size)
 *fill*         0x20001c58      0x400 
                0x20002058                        . = ALIGN (0x8)

/DISCARD/
 libc.a(*)
 libm.a(*)
 libgcc.a(*)

.ARM.attributes
                0x00000000       0x30
 *(.ARM.attributes)
 .ARM.attributes
                0x00000000       0x22 C:/ST/STM32CubeIDE_2.1.1/STM32CubeIDE/plugins/com.st.stm32cube.ide.mcu.externaltools.gnu-tools-for-stm32.14.3.rel1.win32_1.0.100.202602081740/tools/bin/../lib/gcc/arm-none-eabi/14.3.1/thumb/v7e-m+fp/hard/crti.o
 .ARM.attributes
                0x00000022       0x34 C:/ST/STM32CubeIDE_2.1.1/STM32CubeIDE/plugins/com.st.stm32cube.ide.mcu.externaltools.gnu-tools-for-stm32.14.3.rel1.win32_1.0.100.202602081740/tools/bin/../lib/gcc/arm-none-eabi/14.3.1/thumb/v7e-m+fp/hard/crtbegin.o
 .ARM.attributes
                0x00000056       0x34 ./Core/Src/main.o
 .ARM.attributes
                0x0000008a       0x34 ./Core/Src/stm32l4xx_hal_msp.o
 .ARM.attributes
                0x000000be       0x34 ./Core/Src/stm32l4xx_it.o
 .ARM.attributes
                0x000000f2       0x34 ./Core/Src/system_stm32l4xx.o
 .ARM.attributes
                0x00000126       0x21 ./Core/Startup/startup_stm32l476rgtx.o
 .ARM.attributes
                0x00000147       0x34 ./Drivers/STM32L4xx_HAL_Driver/Src/stm32l4xx_hal.o
 .ARM.attributes
                0x0000017b       0x34 ./Drivers/STM32L4xx_HAL_Driver/Src/stm32l4xx_hal_cortex.o
 .ARM.attributes
                0x000001af       0x34 ./Drivers/STM32L4xx_HAL_Driver/Src/stm32l4xx_hal_dma.o
 .ARM.attributes
                0x000001e3       0x34 ./Drivers/STM32L4xx_HAL_Driver/Src/stm32l4xx_hal_gpio.o
 .ARM.attributes
                0x00000217       0x34 ./Drivers/STM32L4xx_HAL_Driver/Src/stm32l4xx_hal_i2c.o
 .ARM.attributes
                0x0000024b       0x34 ./Drivers/STM32L4xx_HAL_Driver/Src/stm32l4xx_hal_i2c_ex.o
 .ARM.attributes
                0x0000027f       0x34 ./Drivers/STM32L4xx_HAL_Driver/Src/stm32l4xx_hal_pwr_ex.o
 .ARM.attributes
                0x000002b3       0x34 ./Drivers/STM32L4xx_HAL_Driver/Src/stm32l4xx_hal_rcc.o
 .ARM.attributes
                0x000002e7       0x34 ./Drivers/STM32L4xx_HAL_Driver/Src/stm32l4xx_hal_rcc_ex.o
 .ARM.attributes
                0x0000031b       0x34 ./Drivers/STM32L4xx_HAL_Driver/Src/stm32l4xx_hal_spi.o
 .ARM.attributes
                0x0000034f       0x34 ./Drivers/STM32L4xx_HAL_Driver/Src/stm32l4xx_hal_tim.o
 .ARM.attributes
                0x00000383       0x34 ./Drivers/STM32L4xx_HAL_Driver/Src/stm32l4xx_hal_tim_ex.o
 .ARM.attributes
                0x000003b7       0x34 ./Drivers/STM32L4xx_HAL_Driver/Src/stm32l4xx_hal_uart.o
 .ARM.attributes
                0x000003eb       0x34 ./Drivers/STM32L4xx_HAL_Driver/Src/stm32l4xx_hal_uart_ex.o
 .ARM.attributes
                0x0000041f       0x39 C:\Users\User\Documents\GitHub\ECEN340_project\MCU_ML\CMSIS_DSP\libarm_cortexM4lf_math.a(arm_const_structs.o)
 .ARM.attributes
                0x00000458       0x39 C:\Users\User\Documents\GitHub\ECEN340_project\MCU_ML\CMSIS_DSP\libarm_cortexM4lf_math.a(arm_common_tables.o)
 .ARM.attributes
                0x00000491       0x34 C:\Users\User\Documents\GitHub\ECEN340_project\MCU_ML\CMSIS_DSP\libarm_cortexM4lf_math.a(arm_cfft_q15.o)
 .ARM.attributes
                0x000004c5       0x34 C:\Users\User\Documents\GitHub\ECEN340_project\MCU_ML\CMSIS_DSP\libarm_cortexM4lf_math.a(arm_cfft_radix4_q15.o)
 .ARM.attributes
                0x000004f9       0x34 C:\Users\User\Documents\GitHub\ECEN340_project\MCU_ML\CMSIS_DSP\libarm_cortexM4lf_math.a(arm_bitreversal2.o)
 .ARM.attributes
                0x0000052d       0x34 C:\Users\User\Documents\GitHub\ECEN340_project\MCU_ML\CMSIS_DSP\libarm_cortexM4lf_math.a(arm_cmplx_mag_q15.o)
 .ARM.attributes
                0x00000561       0x34 C:\Users\User\Documents\GitHub\ECEN340_project\MCU_ML\CMSIS_DSP\libarm_cortexM4lf_math.a(arm_sqrt_q15.o)
 .ARM.attributes
                0x00000595       0x34 C:/ST/STM32CubeIDE_2.1.1/STM32CubeIDE/plugins/com.st.stm32cube.ide.mcu.externaltools.gnu-tools-for-stm32.14.3.rel1.win32_1.0.100.202602081740/tools/bin/../lib/gcc/arm-none-eabi/14.3.1/../../../../arm-none-eabi/lib/thumb/v7e-m+fp/hard\libc_nano.a(libc_a-memset.o)
 .ARM.attributes
                0x000005c9       0x34 C:/ST/STM32CubeIDE_2.1.1/STM32CubeIDE/plugins/com.st.stm32cube.ide.mcu.externaltools.gnu-tools-for-stm32.14.3.rel1.win32_1.0.100.202602081740/tools/bin/../lib/gcc/arm-none-eabi/14.3.1/../../../../arm-none-eabi/lib/thumb/v7e-m+fp/hard\libc_nano.a(libc_a-init.o)
 .ARM.attributes
                0x000005fd       0x22 C:/ST/STM32CubeIDE_2.1.1/STM32CubeIDE/plugins/com.st.stm32cube.ide.mcu.externaltools.gnu-tools-for-stm32.14.3.rel1.win32_1.0.100.202602081740/tools/bin/../lib/gcc/arm-none-eabi/14.3.1/thumb/v7e-m+fp/hard\libgcc.a(_aeabi_uldivmod.o)
 .ARM.attributes
                0x0000061f       0x34 C:/ST/STM32CubeIDE_2.1.1/STM32CubeIDE/plugins/com.st.stm32cube.ide.mcu.externaltools.gnu-tools-for-stm32.14.3.rel1.win32_1.0.100.202602081740/tools/bin/../lib/gcc/arm-none-eabi/14.3.1/thumb/v7e-m+fp/hard\libgcc.a(_udivmoddi4.o)
 .ARM.attributes
                0x00000653       0x22 C:/ST/STM32CubeIDE_2.1.1/STM32CubeIDE/plugins/com.st.stm32cube.ide.mcu.externaltools.gnu-tools-for-stm32.14.3.rel1.win32_1.0.100.202602081740/tools/bin/../lib/gcc/arm-none-eabi/14.3.1/thumb/v7e-m+fp/hard\libgcc.a(_dvmd_tls.o)
 .ARM.attributes
                0x00000675       0x22 C:/ST/STM32CubeIDE_2.1.1/STM32CubeIDE/plugins/com.st.stm32cube.ide.mcu.externaltools.gnu-tools-for-stm32.14.3.rel1.win32_1.0.100.202602081740/tools/bin/../lib/gcc/arm-none-eabi/14.3.1/thumb/v7e-m+fp/hard/crtn.o
OUTPUT(MCU_ML.elf elf32-littlearm)
LOAD linker stubs
LOAD C:/ST/STM32CubeIDE_2.1.1/STM32CubeIDE/plugins/com.st.stm32cube.ide.mcu.externaltools.gnu-tools-for-stm32.14.3.rel1.win32_1.0.100.202602081740/tools/bin/../lib/gcc/arm-none-eabi/14.3.1/../../../../arm-none-eabi/lib/thumb/v7e-m+fp/hard\libc.a
LOAD C:/ST/STM32CubeIDE_2.1.1/STM32CubeIDE/plugins/com.st.stm32cube.ide.mcu.externaltools.gnu-tools-for-stm32.14.3.rel1.win32_1.0.100.202602081740/tools/bin/../lib/gcc/arm-none-eabi/14.3.1/../../../../arm-none-eabi/lib/thumb/v7e-m+fp/hard\libm.a
LOAD C:/ST/STM32CubeIDE_2.1.1/STM32CubeIDE/plugins/com.st.stm32cube.ide.mcu.externaltools.gnu-tools-for-stm32.14.3.rel1.win32_1.0.100.202602081740/tools/bin/../lib/gcc/arm-none-eabi/14.3.1/thumb/v7e-m+fp/hard\libgcc.a

.debug_info     0x00000000    0x2314a
 .debug_info    0x00000000     0x1ed5 ./Core/Src/main.o
 .debug_info    0x00001ed5     0x1a8e ./Core/Src/stm32l4xx_hal_msp.o
 .debug_info    0x00003963      0xa37 ./Core/Src/stm32l4xx_it.o
 .debug_info    0x0000439a      0x5e2 ./Core/Src/system_stm32l4xx.o
 .debug_info    0x0000497c       0x30 ./Core/Startup/startup_stm32l476rgtx.o
 .debug_info    0x000049ac      0xc4d ./Drivers/STM32L4xx_HAL_Driver/Src/stm32l4xx_hal.o
 .debug_info    0x000055f9      0xdad ./Drivers/STM32L4xx_HAL_Driver/Src/stm32l4xx_hal_cortex.o
 .debug_info    0x000063a6      0x71a ./Drivers/STM32L4xx_HAL_Driver/Src/stm32l4xx_hal_dma.o
 .debug_info    0x00006ac0      0x79f ./Drivers/STM32L4xx_HAL_Driver/Src/stm32l4xx_hal_gpio.o
 .debug_info    0x0000725f     0x20fc ./Drivers/STM32L4xx_HAL_Driver/Src/stm32l4xx_hal_i2c.o
 .debug_info    0x0000935b      0x99f ./Drivers/STM32L4xx_HAL_Driver/Src/stm32l4xx_hal_i2c_ex.o
 .debug_info    0x00009cfa      0x9ca ./Drivers/STM32L4xx_HAL_Driver/Src/stm32l4xx_hal_pwr_ex.o
 .debug_info    0x0000a6c4      0xc45 ./Drivers/STM32L4xx_HAL_Driver/Src/stm32l4xx_hal_rcc.o
 .debug_info    0x0000b309      0xe58 ./Drivers/STM32L4xx_HAL_Driver/Src/stm32l4xx_hal_rcc_ex.o
 .debug_info    0x0000c161     0x1572 ./Drivers/STM32L4xx_HAL_Driver/Src/stm32l4xx_hal_spi.o
 .debug_info    0x0000d6d3     0x2ade ./Drivers/STM32L4xx_HAL_Driver/Src/stm32l4xx_hal_tim.o
 .debug_info    0x000101b1     0x16e0 ./Drivers/STM32L4xx_HAL_Driver/Src/stm32l4xx_hal_tim_ex.o
 .debug_info    0x00011891     0x3b8e ./Drivers/STM32L4xx_HAL_Driver/Src/stm32l4xx_hal_uart.o
 .debug_info    0x0001541f      0xded ./Drivers/STM32L4xx_HAL_Driver/Src/stm32l4xx_hal_uart_ex.o
 .debug_info    0x0001620c     0x1d16 C:\Users\User\Documents\GitHub\ECEN340_project\MCU_ML\CMSIS_DSP\libarm_cortexM4lf_math.a(arm_const_structs.o)
 .debug_info    0x00017f22     0x1a84 C:\Users\User\Documents\GitHub\ECEN340_project\MCU_ML\CMSIS_DSP\libarm_cortexM4lf_math.a(arm_common_tables.o)
 .debug_info    0x000199a6     0x188b C:\Users\User\Documents\GitHub\ECEN340_project\MCU_ML\CMSIS_DSP\libarm_cortexM4lf_math.a(arm_cfft_q15.o)
 .debug_info    0x0001b231     0x4284 C:\Users\User\Documents\GitHub\ECEN340_project\MCU_ML\CMSIS_DSP\libarm_cortexM4lf_math.a(arm_cfft_radix4_q15.o)
 .debug_info    0x0001f4b5     0x16a6 C:\Users\User\Documents\GitHub\ECEN340_project\MCU_ML\CMSIS_DSP\libarm_cortexM4lf_math.a(arm_bitreversal2.o)
 .debug_info    0x00020b5b      0xed3 C:\Users\User\Documents\GitHub\ECEN340_project\MCU_ML\CMSIS_DSP\libarm_cortexM4lf_math.a(arm_cmplx_mag_q15.o)
 .debug_info    0x00021a2e     0x171c C:\Users\User\Documents\GitHub\ECEN340_project\MCU_ML\CMSIS_DSP\libarm_cortexM4lf_math.a(arm_sqrt_q15.o)

.debug_abbrev   0x00000000     0x3ceb
 .debug_abbrev  0x00000000      0x310 ./Core/Src/main.o
 .debug_abbrev  0x00000310      0x26d ./Core/Src/stm32l4xx_hal_msp.o
 .debug_abbrev  0x0000057d      0x1c0 ./Core/Src/stm32l4xx_it.o
 .debug_abbrev  0x0000073d      0x117 ./Core/Src/system_stm32l4xx.o
 .debug_abbrev  0x00000854       0x24 ./Core/Startup/startup_stm32l476rgtx.o
 .debug_abbrev  0x00000878      0x243 ./Drivers/STM32L4xx_HAL_Driver/Src/stm32l4xx_hal.o
 .debug_abbrev  0x00000abb      0x31c ./Drivers/STM32L4xx_HAL_Driver/Src/stm32l4xx_hal_cortex.o
 .debug_abbrev  0x00000dd7      0x1fd ./Drivers/STM32L4xx_HAL_Driver/Src/stm32l4xx_hal_dma.o
 .debug_abbrev  0x00000fd4      0x1d1 ./Drivers/STM32L4xx_HAL_Driver/Src/stm32l4xx_hal_gpio.o
 .debug_abbrev  0x000011a5      0x285 ./Drivers/STM32L4xx_HAL_Driver/Src/stm32l4xx_hal_i2c.o
 .debug_abbrev  0x0000142a      0x1cb ./Drivers/STM32L4xx_HAL_Driver/Src/stm32l4xx_hal_i2c_ex.o
 .debug_abbrev  0x000015f5      0x1f9 ./Drivers/STM32L4xx_HAL_Driver/Src/stm32l4xx_hal_pwr_ex.o
 .debug_abbrev  0x000017ee      0x2dc ./Drivers/STM32L4xx_HAL_Driver/Src/stm32l4xx_hal_rcc.o
 .debug_abbrev  0x00001aca      0x2a5 ./Drivers/STM32L4xx_HAL_Driver/Src/stm32l4xx_hal_rcc_ex.o
 .debug_abbrev  0x00001d6f      0x282 ./Drivers/STM32L4xx_HAL_Driver/Src/stm32l4xx_hal_spi.o
 .debug_abbrev  0x00001ff1      0x289 ./Drivers/STM32L4xx_HAL_Driver/Src/stm32l4xx_hal_tim.o
 .debug_abbrev  0x0000227a      0x284 ./Drivers/STM32L4xx_HAL_Driver/Src/stm32l4xx_hal_tim_ex.o
 .debug_abbrev  0x000024fe      0x2f3 ./Drivers/STM32L4xx_HAL_Driver/Src/stm32l4xx_hal_uart.o
 .debug_abbrev  0x000027f1      0x2d0 ./Drivers/STM32L4xx_HAL_Driver/Src/stm32l4xx_hal_uart_ex.o
 .debug_abbrev  0x00002ac1      0x201 C:\Users\User\Documents\GitHub\ECEN340_project\MCU_ML\CMSIS_DSP\libarm_cortexM4lf_math.a(arm_const_structs.o)
 .debug_abbrev  0x00002cc2      0x1dd C:\Users\User\Documents\GitHub\ECEN340_project\MCU_ML\CMSIS_DSP\libarm_cortexM4lf_math.a(arm_common_tables.o)
 .debug_abbrev  0x00002e9f      0x353 C:\Users\User\Documents\GitHub\ECEN340_project\MCU_ML\CMSIS_DSP\libarm_cortexM4lf_math.a(arm_cfft_q15.o)
 .debug_abbrev  0x000031f2      0x3bd C:\Users\User\Documents\GitHub\ECEN340_project\MCU_ML\CMSIS_DSP\libarm_cortexM4lf_math.a(arm_cfft_radix4_q15.o)
 .debug_abbrev  0x000035af      0x206 C:\Users\User\Documents\GitHub\ECEN340_project\MCU_ML\CMSIS_DSP\libarm_cortexM4lf_math.a(arm_bitreversal2.o)
 .debug_abbrev  0x000037b5      0x2c3 C:\Users\User\Documents\GitHub\ECEN340_project\MCU_ML\CMSIS_DSP\libarm_cortexM4lf_math.a(arm_cmplx_mag_q15.o)
 .debug_abbrev  0x00003a78      0x273 C:\Users\User\Documents\GitHub\ECEN340_project\MCU_ML\CMSIS_DSP\libarm_cortexM4lf_math.a(arm_sqrt_q15.o)

.debug_aranges  0x00000000     0x1558
 .debug_aranges
                0x00000000       0x78 ./Core/Src/main.o
 .debug_aranges
                0x00000078       0x68 ./Core/Src/stm32l4xx_hal_msp.o
 .debug_aranges
                0x000000e0       0x88 ./Core/Src/stm32l4xx_it.o
 .debug_aranges
                0x00000168       0x28 ./Core/Src/system_stm32l4xx.o
 .debug_aranges
                0x00000190       0x28 ./Core/Startup/startup_stm32l476rgtx.o
 .debug_aranges
                0x000001b8      0x130 ./Drivers/STM32L4xx_HAL_Driver/Src/stm32l4xx_hal.o
 .debug_aranges
                0x000002e8      0x128 ./Drivers/STM32L4xx_HAL_Driver/Src/stm32l4xx_hal_cortex.o
 .debug_aranges
                0x00000410       0x80 ./Drivers/STM32L4xx_HAL_Driver/Src/stm32l4xx_hal_dma.o
 .debug_aranges
                0x00000490       0x58 ./Drivers/STM32L4xx_HAL_Driver/Src/stm32l4xx_hal_gpio.o
 .debug_aranges
                0x000004e8      0x2a0 ./Drivers/STM32L4xx_HAL_Driver/Src/stm32l4xx_hal_i2c.o
 .debug_aranges
                0x00000788       0x48 ./Drivers/STM32L4xx_HAL_Driver/Src/stm32l4xx_hal_i2c_ex.o
 .debug_aranges
                0x000007d0      0x160 ./Drivers/STM32L4xx_HAL_Driver/Src/stm32l4xx_hal_pwr_ex.o
 .debug_aranges
                0x00000930       0x90 ./Drivers/STM32L4xx_HAL_Driver/Src/stm32l4xx_hal_rcc.o
 .debug_aranges
                0x000009c0       0xc0 ./Drivers/STM32L4xx_HAL_Driver/Src/stm32l4xx_hal_rcc_ex.o
 .debug_aranges
                0x00000a80      0x1d8 ./Drivers/STM32L4xx_HAL_Driver/Src/stm32l4xx_hal_spi.o
 .debug_aranges
                0x00000c58      0x3e0 ./Drivers/STM32L4xx_HAL_Driver/Src/stm32l4xx_hal_tim.o
 .debug_aranges
                0x00001038      0x180 ./Drivers/STM32L4xx_HAL_Driver/Src/stm32l4xx_hal_tim_ex.o
 .debug_aranges
                0x000011b8      0x228 ./Drivers/STM32L4xx_HAL_Driver/Src/stm32l4xx_hal_uart.o
 .debug_aranges
                0x000013e0       0x80 ./Drivers/STM32L4xx_HAL_Driver/Src/stm32l4xx_hal_uart_ex.o
 .debug_aranges
                0x00001460       0x18 C:\Users\User\Documents\GitHub\ECEN340_project\MCU_ML\CMSIS_DSP\libarm_cortexM4lf_math.a(arm_const_structs.o)
 .debug_aranges
                0x00001478       0x18 C:\Users\User\Documents\GitHub\ECEN340_project\MCU_ML\CMSIS_DSP\libarm_cortexM4lf_math.a(arm_common_tables.o)
 .debug_aranges
                0x00001490       0x30 C:\Users\User\Documents\GitHub\ECEN340_project\MCU_ML\CMSIS_DSP\libarm_cortexM4lf_math.a(arm_cfft_q15.o)
 .debug_aranges
                0x000014c0       0x30 C:\Users\User\Documents\GitHub\ECEN340_project\MCU_ML\CMSIS_DSP\libarm_cortexM4lf_math.a(arm_cfft_radix4_q15.o)
 .debug_aranges
                0x000014f0       0x28 C:\Users\User\Documents\GitHub\ECEN340_project\MCU_ML\CMSIS_DSP\libarm_cortexM4lf_math.a(arm_bitreversal2.o)
 .debug_aranges
                0x00001518       0x20 C:\Users\User\Documents\GitHub\ECEN340_project\MCU_ML\CMSIS_DSP\libarm_cortexM4lf_math.a(arm_cmplx_mag_q15.o)
 .debug_aranges
                0x00001538       0x20 C:\Users\User\Documents\GitHub\ECEN340_project\MCU_ML\CMSIS_DSP\libarm_cortexM4lf_math.a(arm_sqrt_q15.o)

.debug_rnglists
                0x00000000     0x1016
 .debug_rnglists
                0x00000000       0x5a ./Core/Src/main.o
 .debug_rnglists
                0x0000005a       0x4c ./Core/Src/stm32l4xx_hal_msp.o
 .debug_rnglists
                0x000000a6       0x61 ./Core/Src/stm32l4xx_it.o
 .debug_rnglists
                0x00000107       0x1a ./Core/Src/system_stm32l4xx.o
 .debug_rnglists
                0x00000121       0x19 ./Core/Startup/startup_stm32l476rgtx.o
 .debug_rnglists
                0x0000013a       0xdf ./Drivers/STM32L4xx_HAL_Driver/Src/stm32l4xx_hal.o
 .debug_rnglists
                0x00000219       0xda ./Drivers/STM32L4xx_HAL_Driver/Src/stm32l4xx_hal_cortex.o
 .debug_rnglists
                0x000002f3       0x65 ./Drivers/STM32L4xx_HAL_Driver/Src/stm32l4xx_hal_dma.o
 .debug_rnglists
                0x00000358       0x3f ./Drivers/STM32L4xx_HAL_Driver/Src/stm32l4xx_hal_gpio.o
 .debug_rnglists
                0x00000397      0x228 ./Drivers/STM32L4xx_HAL_Driver/Src/stm32l4xx_hal_i2c.o
 .debug_rnglists
                0x000005bf       0x35 ./Drivers/STM32L4xx_HAL_Driver/Src/stm32l4xx_hal_i2c_ex.o
 .debug_rnglists
                0x000005f4      0x109 ./Drivers/STM32L4xx_HAL_Driver/Src/stm32l4xx_hal_pwr_ex.o
 .debug_rnglists
                0x000006fd       0x6d ./Drivers/STM32L4xx_HAL_Driver/Src/stm32l4xx_hal_rcc.o
 .debug_rnglists
                0x0000076a       0x95 ./Drivers/STM32L4xx_HAL_Driver/Src/stm32l4xx_hal_rcc_ex.o
 .debug_rnglists
                0x000007ff      0x178 ./Drivers/STM32L4xx_HAL_Driver/Src/stm32l4xx_hal_spi.o
 .debug_rnglists
                0x00000977      0x32c ./Drivers/STM32L4xx_HAL_Driver/Src/stm32l4xx_hal_tim.o
 .debug_rnglists
                0x00000ca3      0x139 ./Drivers/STM32L4xx_HAL_Driver/Src/stm32l4xx_hal_tim_ex.o
 .debug_rnglists
                0x00000ddc      0x1da ./Drivers/STM32L4xx_HAL_Driver/Src/stm32l4xx_hal_uart.o
 .debug_rnglists
                0x00000fb6       0x60 ./Drivers/STM32L4xx_HAL_Driver/Src/stm32l4xx_hal_uart_ex.o

.debug_macro    0x00000000    0x283d5
 .debug_macro   0x00000000      0x34b ./Core/Src/main.o
 .debug_macro   0x0000034b      0xade ./Core/Src/main.o
 .debug_macro   0x00000e29      0x1b3 ./Core/Src/main.o
 .debug_macro   0x00000fdc       0x2e ./Core/Src/main.o
 .debug_macro   0x0000100a       0x28 ./Core/Src/main.o
 .debug_macro   0x00001032       0x22 ./Core/Src/main.o
 .debug_macro   0x00001054       0x8e ./Core/Src/main.o
 .debug_macro   0x000010e2       0x51 ./Core/Src/main.o
 .debug_macro   0x00001133      0x103 ./Core/Src/main.o
 .debug_macro   0x00001236       0x6a ./Core/Src/main.o
 .debug_macro   0x000012a0      0x1df ./Core/Src/main.o
 .debug_macro   0x0000147f       0x1c ./Core/Src/main.o
 .debug_macro   0x0000149b       0x22 ./Core/Src/main.o
 .debug_macro   0x000014bd       0xfb ./Core/Src/main.o
 .debug_macro   0x000015b8     0x1011 ./Core/Src/main.o
 .debug_macro   0x000025c9      0x11f ./Core/Src/main.o
 .debug_macro   0x000026e8    0x1a192 ./Core/Src/main.o
 .debug_macro   0x0001c87a       0x6d ./Core/Src/main.o
 .debug_macro   0x0001c8e7     0x38fb ./Core/Src/main.o
 .debug_macro   0x000201e2      0x190 ./Core/Src/main.o
 .debug_macro   0x00020372       0x5c ./Core/Src/main.o
 .debug_macro   0x000203ce     0x159e ./Core/Src/main.o
 .debug_macro   0x0002196c      0x5a5 ./Core/Src/main.o
 .debug_macro   0x00021f11      0x1b9 ./Core/Src/main.o
 .debug_macro   0x000220ca      0x18b ./Core/Src/main.o
 .debug_macro   0x00022255      0x2c4 ./Core/Src/main.o
 .debug_macro   0x00022519      0x27a ./Core/Src/main.o
 .debug_macro   0x00022793      0x23d ./Core/Src/main.o
 .debug_macro   0x000229d0      0x241 ./Core/Src/main.o
 .debug_macro   0x00022c11      0x37c ./Core/Src/main.o
 .debug_macro   0x00022f8d       0xd6 ./Core/Src/main.o
 .debug_macro   0x00023063      0x22c ./Core/Src/main.o
 .debug_macro   0x0002328f       0x61 ./Core/Src/main.o
 .debug_macro   0x000232f0       0xa5 ./Core/Src/main.o
 .debug_macro   0x00023395      0x122 ./Core/Src/main.o
 .debug_macro   0x000234b7      0x3ef ./Core/Src/main.o
 .debug_macro   0x000238a6      0x2fe ./Core/Src/main.o
 .debug_macro   0x00023ba4      0xa98 ./Core/Src/main.o
 .debug_macro   0x0002463c      0x1e6 ./Core/Src/main.o
 .debug_macro   0x00024822      0x5cf ./Core/Src/main.o
 .debug_macro   0x00024df1       0x44 ./Core/Src/main.o
 .debug_macro   0x00024e35      0x330 ./Core/Src/main.o
 .debug_macro   0x00025165       0x6a ./Core/Src/main.o
 .debug_macro   0x000251cf       0x61 ./Core/Src/main.o
 .debug_macro   0x00025230       0x2a ./Core/Src/main.o
 .debug_macro   0x0002525a       0x43 ./Core/Src/main.o
 .debug_macro   0x0002529d       0x34 ./Core/Src/main.o
 .debug_macro   0x000252d1      0x364 ./Core/Src/main.o
 .debug_macro   0x00025635       0x16 ./Core/Src/main.o
 .debug_macro   0x0002564b       0x4a ./Core/Src/main.o
 .debug_macro   0x00025695       0x34 ./Core/Src/main.o
 .debug_macro   0x000256c9       0x10 ./Core/Src/main.o
 .debug_macro   0x000256d9       0x58 ./Core/Src/main.o
 .debug_macro   0x00025731       0x8e ./Core/Src/main.o
 .debug_macro   0x000257bf       0x1c ./Core/Src/main.o
 .debug_macro   0x000257db      0x17e ./Core/Src/main.o
 .debug_macro   0x00025959       0x10 ./Core/Src/main.o
 .debug_macro   0x00025969       0x3c ./Core/Src/main.o
 .debug_macro   0x000259a5       0x20 ./Core/Src/main.o
 .debug_macro   0x000259c5      0x19b ./Core/Src/main.o
 .debug_macro   0x00025b60      0x201 ./Core/Src/main.o
 .debug_macro   0x00025d61       0xc8 ./Core/Src/main.o
 .debug_macro   0x00025e29       0x22 ./Core/Src/main.o
 .debug_macro   0x00025e4b       0x1c ./Core/Src/main.o
 .debug_macro   0x00025e67       0x10 ./Core/Src/main.o
 .debug_macro   0x00025e77       0x1c ./Core/Src/main.o
 .debug_macro   0x00025e93       0x16 ./Core/Src/main.o
 .debug_macro   0x00025ea9      0x146 ./Core/Src/main.o
 .debug_macro   0x00025fef      0x20c ./Core/Src/stm32l4xx_hal_msp.o
 .debug_macro   0x000261fb      0x216 ./Core/Src/stm32l4xx_it.o
 .debug_macro   0x00026411      0x1fd ./Core/Src/system_stm32l4xx.o
 .debug_macro   0x0002660e      0x24b ./Drivers/STM32L4xx_HAL_Driver/Src/stm32l4xx_hal.o
 .debug_macro   0x00026859      0x1fd ./Drivers/STM32L4xx_HAL_Driver/Src/stm32l4xx_hal_cortex.o
 .debug_macro   0x00026a56      0x1fd ./Drivers/STM32L4xx_HAL_Driver/Src/stm32l4xx_hal_dma.o
 .debug_macro   0x00026c53      0x204 ./Drivers/STM32L4xx_HAL_Driver/Src/stm32l4xx_hal_gpio.o
 .debug_macro   0x00026e57      0x2c9 ./Drivers/STM32L4xx_HAL_Driver/Src/stm32l4xx_hal_i2c.o
 .debug_macro   0x00027120      0x1fd ./Drivers/STM32L4xx_HAL_Driver/Src/stm32l4xx_hal_i2c_ex.o
 .debug_macro   0x0002731d      0x221 ./Drivers/STM32L4xx_HAL_Driver/Src/stm32l4xx_hal_pwr_ex.o
 .debug_macro   0x0002753e      0x23f ./Drivers/STM32L4xx_HAL_Driver/Src/stm32l4xx_hal_rcc.o
 .debug_macro   0x0002777d      0x233 ./Drivers/STM32L4xx_HAL_Driver/Src/stm32l4xx_hal_rcc_ex.o
 .debug_macro   0x000279b0      0x205 ./Drivers/STM32L4xx_HAL_Driver/Src/stm32l4xx_hal_spi.o
 .debug_macro   0x00027bb5      0x1fe ./Drivers/STM32L4xx_HAL_Driver/Src/stm32l4xx_hal_tim.o
 .debug_macro   0x00027db3      0x1fd ./Drivers/STM32L4xx_HAL_Driver/Src/stm32l4xx_hal_tim_ex.o
 .debug_macro   0x00027fb0      0x228 ./Drivers/STM32L4xx_HAL_Driver/Src/stm32l4xx_hal_uart.o
 .debug_macro   0x000281d8      0x1fd ./Drivers/STM32L4xx_HAL_Driver/Src/stm32l4xx_hal_uart_ex.o

.debug_line     0x00000000    0x1c6cf
 .debug_line    0x00000000      0xcb9 ./Core/Src/main.o
 .debug_line    0x00000cb9      0x99b ./Core/Src/stm32l4xx_hal_msp.o
 .debug_line    0x00001654      0x8ea ./Core/Src/stm32l4xx_it.o
 .debug_line    0x00001f3e      0x861 ./Core/Src/system_stm32l4xx.o
 .debug_line    0x0000279f       0x7a ./Core/Startup/startup_stm32l476rgtx.o
 .debug_line    0x00002819      0xbcd ./Drivers/STM32L4xx_HAL_Driver/Src/stm32l4xx_hal.o
 .debug_line    0x000033e6      0xd64 ./Drivers/STM32L4xx_HAL_Driver/Src/stm32l4xx_hal_cortex.o
 .debug_line    0x0000414a      0xd7e ./Drivers/STM32L4xx_HAL_Driver/Src/stm32l4xx_hal_dma.o
 .debug_line    0x00004ec8      0xc1d ./Drivers/STM32L4xx_HAL_Driver/Src/stm32l4xx_hal_gpio.o
 .debug_line    0x00005ae5     0x37e8 ./Drivers/STM32L4xx_HAL_Driver/Src/stm32l4xx_hal_i2c.o
 .debug_line    0x000092cd      0x929 ./Drivers/STM32L4xx_HAL_Driver/Src/stm32l4xx_hal_i2c_ex.o
 .debug_line    0x00009bf6      0xdab ./Drivers/STM32L4xx_HAL_Driver/Src/stm32l4xx_hal_pwr_ex.o
 .debug_line    0x0000a9a1     0x111e ./Drivers/STM32L4xx_HAL_Driver/Src/stm32l4xx_hal_rcc.o
 .debug_line    0x0000babf     0x15ec ./Drivers/STM32L4xx_HAL_Driver/Src/stm32l4xx_hal_rcc_ex.o
 .debug_line    0x0000d0ab     0x20a9 ./Drivers/STM32L4xx_HAL_Driver/Src/stm32l4xx_hal_spi.o
 .debug_line    0x0000f154     0x3f33 ./Drivers/STM32L4xx_HAL_Driver/Src/stm32l4xx_hal_tim.o
 .debug_line    0x00013087     0x1c06 ./Drivers/STM32L4xx_HAL_Driver/Src/stm32l4xx_hal_tim_ex.o
 .debug_line    0x00014c8d     0x2dfc ./Drivers/STM32L4xx_HAL_Driver/Src/stm32l4xx_hal_uart.o
 .debug_line    0x00017a89      0xc60 ./Drivers/STM32L4xx_HAL_Driver/Src/stm32l4xx_hal_uart_ex.o
 .debug_line    0x000186e9      0x25a C:\Users\User\Documents\GitHub\ECEN340_project\MCU_ML\CMSIS_DSP\libarm_cortexM4lf_math.a(arm_const_structs.o)
 .debug_line    0x00018943      0x243 C:\Users\User\Documents\GitHub\ECEN340_project\MCU_ML\CMSIS_DSP\libarm_cortexM4lf_math.a(arm_common_tables.o)
 .debug_line    0x00018b86      0x7f4 C:\Users\User\Documents\GitHub\ECEN340_project\MCU_ML\CMSIS_DSP\libarm_cortexM4lf_math.a(arm_cfft_q15.o)
 .debug_line    0x0001937a     0x2870 C:\Users\User\Documents\GitHub\ECEN340_project\MCU_ML\CMSIS_DSP\libarm_cortexM4lf_math.a(arm_cfft_radix4_q15.o)
 .debug_line    0x0001bbea      0x353 C:\Users\User\Documents\GitHub\ECEN340_project\MCU_ML\CMSIS_DSP\libarm_cortexM4lf_math.a(arm_bitreversal2.o)
 .debug_line    0x0001bf3d      0x3dd C:\Users\User\Documents\GitHub\ECEN340_project\MCU_ML\CMSIS_DSP\libarm_cortexM4lf_math.a(arm_cmplx_mag_q15.o)
 .debug_line    0x0001c31a      0x3b5 C:\Users\User\Documents\GitHub\ECEN340_project\MCU_ML\CMSIS_DSP\libarm_cortexM4lf_math.a(arm_sqrt_q15.o)

.debug_str      0x00000000    0xfbc09
 .debug_str     0x00000000    0xfbc09 ./Core/Src/main.o
                              0xf5cc3 (size before relaxing)
 .debug_str     0x000fbc09    0xf0e14 ./Core/Src/stm32l4xx_hal_msp.o
 .debug_str     0x000fbc09    0xeff05 ./Core/Src/stm32l4xx_it.o
 .debug_str     0x000fbc09    0xef87e ./Core/Src/system_stm32l4xx.o
 .debug_str     0x000fbc09       0x80 ./Core/Startup/startup_stm32l476rgtx.o
 .debug_str     0x000fbc09    0xf0492 ./Drivers/STM32L4xx_HAL_Driver/Src/stm32l4xx_hal.o
 .debug_str     0x000fbc09    0xf00f7 ./Drivers/STM32L4xx_HAL_Driver/Src/stm32l4xx_hal_cortex.o
 .debug_str     0x000fbc09    0xefafa ./Drivers/STM32L4xx_HAL_Driver/Src/stm32l4xx_hal_dma.o
 .debug_str     0x000fbc09    0xefa09 ./Drivers/STM32L4xx_HAL_Driver/Src/stm32l4xx_hal_gpio.o
 .debug_str     0x000fbc09    0xf0a7f ./Drivers/STM32L4xx_HAL_Driver/Src/stm32l4xx_hal_i2c.o
 .debug_str     0x000fbc09    0xefd8b ./Drivers/STM32L4xx_HAL_Driver/Src/stm32l4xx_hal_i2c_ex.o
 .debug_str     0x000fbc09    0xefdd9 ./Drivers/STM32L4xx_HAL_Driver/Src/stm32l4xx_hal_pwr_ex.o
 .debug_str     0x000fbc09    0xefec4 ./Drivers/STM32L4xx_HAL_Driver/Src/stm32l4xx_hal_rcc.o
 .debug_str     0x000fbc09    0xf004f ./Drivers/STM32L4xx_HAL_Driver/Src/stm32l4xx_hal_rcc_ex.o
 .debug_str     0x000fbc09    0xf0099 ./Drivers/STM32L4xx_HAL_Driver/Src/stm32l4xx_hal_spi.o
 .debug_str     0x000fbc09    0xf0bd0 ./Drivers/STM32L4xx_HAL_Driver/Src/stm32l4xx_hal_tim.o
 .debug_str     0x000fbc09    0xf04e4 ./Drivers/STM32L4xx_HAL_Driver/Src/stm32l4xx_hal_tim_ex.o
 .debug_str     0x000fbc09    0xf05d6 ./Drivers/STM32L4xx_HAL_Driver/Src/stm32l4xx_hal_uart.o
 .debug_str     0x000fbc09    0xefdda ./Drivers/STM32L4xx_HAL_Driver/Src/stm32l4xx_hal_uart_ex.o
 .debug_str     0x000fbc09     0x135c C:\Users\User\Documents\GitHub\ECEN340_project\MCU_ML\CMSIS_DSP\libarm_cortexM4lf_math.a(arm_const_structs.o)
 .debug_str     0x000fbc09      0xd1d C:\Users\User\Documents\GitHub\ECEN340_project\MCU_ML\CMSIS_DSP\libarm_cortexM4lf_math.a(arm_common_tables.o)
 .debug_str     0x000fbc09      0x802 C:\Users\User\Documents\GitHub\ECEN340_project\MCU_ML\CMSIS_DSP\libarm_cortexM4lf_math.a(arm_cfft_q15.o)
 .debug_str     0x000fbc09      0x860 C:\Users\User\Documents\GitHub\ECEN340_project\MCU_ML\CMSIS_DSP\libarm_cortexM4lf_math.a(arm_cfft_radix4_q15.o)
 .debug_str     0x000fbc09      0xd76 C:\Users\User\Documents\GitHub\ECEN340_project\MCU_ML\CMSIS_DSP\libarm_cortexM4lf_math.a(arm_bitreversal2.o)
 .debug_str     0x000fbc09      0x6d3 C:\Users\User\Documents\GitHub\ECEN340_project\MCU_ML\CMSIS_DSP\libarm_cortexM4lf_math.a(arm_cmplx_mag_q15.o)
 .debug_str     0x000fbc09      0xe4b C:\Users\User\Documents\GitHub\ECEN340_project\MCU_ML\CMSIS_DSP\libarm_cortexM4lf_math.a(arm_sqrt_q15.o)

.comment        0x00000000       0xb8
 .comment       0x00000000       0xb8 ./Core/Src/main.o
                                 0x44 (size before relaxing)
 .comment       0x000000b8       0x44 ./Core/Src/stm32l4xx_hal_msp.o
 .comment       0x000000b8       0x44 ./Core/Src/stm32l4xx_it.o
 .comment       0x000000b8       0x44 ./Core/Src/system_stm32l4xx.o
 .comment       0x000000b8       0x44 ./Drivers/STM32L4xx_HAL_Driver/Src/stm32l4xx_hal.o
 .comment       0x000000b8       0x44 ./Drivers/STM32L4xx_HAL_Driver/Src/stm32l4xx_hal_cortex.o
 .comment       0x000000b8       0x44 ./Drivers/STM32L4xx_HAL_Driver/Src/stm32l4xx_hal_dma.o
 .comment       0x000000b8       0x44 ./Drivers/STM32L4xx_HAL_Driver/Src/stm32l4xx_hal_gpio.o
 .comment       0x000000b8       0x44 ./Drivers/STM32L4xx_HAL_Driver/Src/stm32l4xx_hal_i2c.o
 .comment       0x000000b8       0x44 ./Drivers/STM32L4xx_HAL_Driver/Src/stm32l4xx_hal_i2c_ex.o
 .comment       0x000000b8       0x44 ./Drivers/STM32L4xx_HAL_Driver/Src/stm32l4xx_hal_pwr_ex.o
 .comment       0x000000b8       0x44 ./Drivers/STM32L4xx_HAL_Driver/Src/stm32l4xx_hal_rcc.o
 .comment       0x000000b8       0x44 ./Drivers/STM32L4xx_HAL_Driver/Src/stm32l4xx_hal_rcc_ex.o
 .comment       0x000000b8       0x44 ./Drivers/STM32L4xx_HAL_Driver/Src/stm32l4xx_hal_spi.o
 .comment       0x000000b8       0x44 ./Drivers/STM32L4xx_HAL_Driver/Src/stm32l4xx_hal_tim.o
 .comment       0x000000b8       0x44 ./Drivers/STM32L4xx_HAL_Driver/Src/stm32l4xx_hal_tim_ex.o
 .comment       0x000000b8       0x44 ./Drivers/STM32L4xx_HAL_Driver/Src/stm32l4xx_hal_uart.o
 .comment       0x000000b8       0x44 ./Drivers/STM32L4xx_HAL_Driver/Src/stm32l4xx_hal_uart_ex.o
 .comment       0x000000b8       0x76 C:\Users\User\Documents\GitHub\ECEN340_project\MCU_ML\CMSIS_DSP\libarm_cortexM4lf_math.a(arm_const_structs.o)
 .comment       0x000000b8       0x76 C:\Users\User\Documents\GitHub\ECEN340_project\MCU_ML\CMSIS_DSP\libarm_cortexM4lf_math.a(arm_common_tables.o)
 .comment       0x000000b8       0x76 C:\Users\User\Documents\GitHub\ECEN340_project\MCU_ML\CMSIS_DSP\libarm_cortexM4lf_math.a(arm_cfft_q15.o)
 .comment       0x000000b8       0x76 C:\Users\User\Documents\GitHub\ECEN340_project\MCU_ML\CMSIS_DSP\libarm_cortexM4lf_math.a(arm_cfft_radix4_q15.o)
 .comment       0x000000b8       0x76 C:\Users\User\Documents\GitHub\ECEN340_project\MCU_ML\CMSIS_DSP\libarm_cortexM4lf_math.a(arm_bitreversal2.o)
 .comment       0x000000b8       0x76 C:\Users\User\Documents\GitHub\ECEN340_project\MCU_ML\CMSIS_DSP\libarm_cortexM4lf_math.a(arm_cmplx_mag_q15.o)
 .comment       0x000000b8       0x76 C:\Users\User\Documents\GitHub\ECEN340_project\MCU_ML\CMSIS_DSP\libarm_cortexM4lf_math.a(arm_sqrt_q15.o)

.debug_frame    0x00000000     0x5548
 .debug_frame   0x00000000      0x194 ./Core/Src/main.o
 .debug_frame   0x00000194      0x180 ./Core/Src/stm32l4xx_hal_msp.o
 .debug_frame   0x00000314      0x184 ./Core/Src/stm32l4xx_it.o
 .debug_frame   0x00000498       0x50 ./Core/Src/system_stm32l4xx.o
 .debug_frame   0x000004e8      0x424 ./Drivers/STM32L4xx_HAL_Driver/Src/stm32l4xx_hal.o
 .debug_frame   0x0000090c      0x49c ./Drivers/STM32L4xx_HAL_Driver/Src/stm32l4xx_hal_cortex.o
 .debug_frame   0x00000da8      0x1e4 ./Drivers/STM32L4xx_HAL_Driver/Src/stm32l4xx_hal_dma.o
 .debug_frame   0x00000f8c      0x130 ./Drivers/STM32L4xx_HAL_Driver/Src/stm32l4xx_hal_gpio.o
 .debug_frame   0x000010bc      0xbe8 ./Drivers/STM32L4xx_HAL_Driver/Src/stm32l4xx_hal_i2c.o
 .debug_frame   0x00001ca4       0xe8 ./Drivers/STM32L4xx_HAL_Driver/Src/stm32l4xx_hal_i2c_ex.o
 .debug_frame   0x00001d8c      0x4ec ./Drivers/STM32L4xx_HAL_Driver/Src/stm32l4xx_hal_pwr_ex.o
 .debug_frame   0x00002278      0x200 ./Drivers/STM32L4xx_HAL_Driver/Src/stm32l4xx_hal_rcc.o
 .debug_frame   0x00002478      0x2d4 ./Drivers/STM32L4xx_HAL_Driver/Src/stm32l4xx_hal_rcc_ex.o
 .debug_frame   0x0000274c      0x820 ./Drivers/STM32L4xx_HAL_Driver/Src/stm32l4xx_hal_spi.o
 .debug_frame   0x00002f6c     0x1144 ./Drivers/STM32L4xx_HAL_Driver/Src/stm32l4xx_hal_tim.o
 .debug_frame   0x000040b0      0x66c ./Drivers/STM32L4xx_HAL_Driver/Src/stm32l4xx_hal_tim_ex.o
 .debug_frame   0x0000471c      0x980 ./Drivers/STM32L4xx_HAL_Driver/Src/stm32l4xx_hal_uart.o
 .debug_frame   0x0000509c      0x1e8 ./Drivers/STM32L4xx_HAL_Driver/Src/stm32l4xx_hal_uart_ex.o
 .debug_frame   0x00005284       0xb8 C:\Users\User\Documents\GitHub\ECEN340_project\MCU_ML\CMSIS_DSP\libarm_cortexM4lf_math.a(arm_cfft_q15.o)
 .debug_frame   0x0000533c       0x94 C:\Users\User\Documents\GitHub\ECEN340_project\MCU_ML\CMSIS_DSP\libarm_cortexM4lf_math.a(arm_cfft_radix4_q15.o)
 .debug_frame   0x000053d0       0x5c C:\Users\User\Documents\GitHub\ECEN340_project\MCU_ML\CMSIS_DSP\libarm_cortexM4lf_math.a(arm_bitreversal2.o)
 .debug_frame   0x0000542c       0x34 C:\Users\User\Documents\GitHub\ECEN340_project\MCU_ML\CMSIS_DSP\libarm_cortexM4lf_math.a(arm_cmplx_mag_q15.o)
 .debug_frame   0x00005460       0x3c C:\Users\User\Documents\GitHub\ECEN340_project\MCU_ML\CMSIS_DSP\libarm_cortexM4lf_math.a(arm_sqrt_q15.o)
 .debug_frame   0x0000549c       0x20 C:/ST/STM32CubeIDE_2.1.1/STM32CubeIDE/plugins/com.st.stm32cube.ide.mcu.externaltools.gnu-tools-for-stm32.14.3.rel1.win32_1.0.100.202602081740/tools/bin/../lib/gcc/arm-none-eabi/14.3.1/../../../../arm-none-eabi/lib/thumb/v7e-m+fp/hard\libc_nano.a(libc_a-memset.o)
 .debug_frame   0x000054bc       0x2c C:/ST/STM32CubeIDE_2.1.1/STM32CubeIDE/plugins/com.st.stm32cube.ide.mcu.externaltools.gnu-tools-for-stm32.14.3.rel1.win32_1.0.100.202602081740/tools/bin/../lib/gcc/arm-none-eabi/14.3.1/../../../../arm-none-eabi/lib/thumb/v7e-m+fp/hard\libc_nano.a(libc_a-init.o)
 .debug_frame   0x000054e8       0x2c C:/ST/STM32CubeIDE_2.1.1/STM32CubeIDE/plugins/com.st.stm32cube.ide.mcu.externaltools.gnu-tools-for-stm32.14.3.rel1.win32_1.0.100.202602081740/tools/bin/../lib/gcc/arm-none-eabi/14.3.1/thumb/v7e-m+fp/hard\libgcc.a(_aeabi_uldivmod.o)
 .debug_frame   0x00005514       0x34 C:/ST/STM32CubeIDE_2.1.1/STM32CubeIDE/plugins/com.st.stm32cube.ide.mcu.externaltools.gnu-tools-for-stm32.14.3.rel1.win32_1.0.100.202602081740/tools/bin/../lib/gcc/arm-none-eabi/14.3.1/thumb/v7e-m+fp/hard\libgcc.a(_udivmoddi4.o)

.debug_line_str
                0x00000000       0x64
 .debug_line_str
                0x00000000       0x64 ./Core/Startup/startup_stm32l476rgtx.o

.debug_loc      0x00000000     0x587d
 .debug_loc     0x00000000     0x122e C:\Users\User\Documents\GitHub\ECEN340_project\MCU_ML\CMSIS_DSP\libarm_cortexM4lf_math.a(arm_cfft_q15.o)
 .debug_loc     0x0000122e     0x3a5d C:\Users\User\Documents\GitHub\ECEN340_project\MCU_ML\CMSIS_DSP\libarm_cortexM4lf_math.a(arm_cfft_radix4_q15.o)
 .debug_loc     0x00004c8b      0x1b3 C:\Users\User\Documents\GitHub\ECEN340_project\MCU_ML\CMSIS_DSP\libarm_cortexM4lf_math.a(arm_bitreversal2.o)
 .debug_loc     0x00004e3e      0x423 C:\Users\User\Documents\GitHub\ECEN340_project\MCU_ML\CMSIS_DSP\libarm_cortexM4lf_math.a(arm_cmplx_mag_q15.o)
 .debug_loc     0x00005261      0x61c C:\Users\User\Documents\GitHub\ECEN340_project\MCU_ML\CMSIS_DSP\libarm_cortexM4lf_math.a(arm_sqrt_q15.o)

.debug_ranges   0x00000000      0x698
 .debug_ranges  0x00000000      0x120 C:\Users\User\Documents\GitHub\ECEN340_project\MCU_ML\CMSIS_DSP\libarm_cortexM4lf_math.a(arm_cfft_q15.o)
 .debug_ranges  0x00000120      0x540 C:\Users\User\Documents\GitHub\ECEN340_project\MCU_ML\CMSIS_DSP\libarm_cortexM4lf_math.a(arm_cfft_radix4_q15.o)
 .debug_ranges  0x00000660       0x18 C:\Users\User\Documents\GitHub\ECEN340_project\MCU_ML\CMSIS_DSP\libarm_cortexM4lf_math.a(arm_bitreversal2.o)
 .debug_ranges  0x00000678       0x10 C:\Users\User\Documents\GitHub\ECEN340_project\MCU_ML\CMSIS_DSP\libarm_cortexM4lf_math.a(arm_cmplx_mag_q15.o)
 .debug_ranges  0x00000688       0x10 C:\Users\User\Documents\GitHub\ECEN340_project\MCU_ML\CMSIS_DSP\libarm_cortexM4lf_math.a(arm_sqrt_q15.o)
